Archive member included to satisfy reference by file (symbol)

D:/ST/STM32CubeIDE_1.18.1/STM32CubeIDE/plugins/com.st.stm32cube.ide.mcu.externaltools.gnu-tools-for-stm32.13.3.rel1.win32_1.0.0.202411081344/tools/bin/../lib/gcc/arm-none-eabi/13.3.1/../../../../arm-none-eabi/lib/thumb/v7e-m+fp/hard\libc_nano.a(libc_a-exit.o)
                              D:/ST/STM32CubeIDE_1.18.1/STM32CubeIDE/plugins/com.st.stm32cube.ide.mcu.externaltools.gnu-tools-for-stm32.13.3.rel1.win32_1.0.0.202411081344/tools/bin/../lib/gcc/arm-none-eabi/13.3.1/../../../../arm-none-eabi/lib/thumb/v7e-m+fp/hard/crt0.o (exit)
D:/ST/STM32CubeIDE_1.18.1/STM32CubeIDE/plugins/com.st.stm32cube.ide.mcu.externaltools.gnu-tools-for-stm32.13.3.rel1.win32_1.0.0.202411081344/tools/bin/../lib/gcc/arm-none-eabi/13.3.1/../../../../arm-none-eabi/lib/thumb/v7e-m+fp/hard\libc_nano.a(libc_a-findfp.o)
                              D:/ST/STM32CubeIDE_1.18.1/STM32CubeIDE/plugins/com.st.stm32cube.ide.mcu.externaltools.gnu-tools-for-stm32.13.3.rel1.win32_1.0.0.202411081344/tools/bin/../lib/gcc/arm-none-eabi/13.3.1/../../../../arm-none-eabi/lib/thumb/v7e-m+fp/hard\libc_nano.a(libc_a-exit.o) (__stdio_exit_handler)
D:/ST/STM32CubeIDE_1.18.1/STM32CubeIDE/plugins/com.st.stm32cube.ide.mcu.externaltools.gnu-tools-for-stm32.13.3.rel1.win32_1.0.0.202411081344/tools/bin/../lib/gcc/arm-none-eabi/13.3.1/../../../../arm-none-eabi/lib/thumb/v7e-m+fp/hard\libc_nano.a(libc_a-fwalk.o)
                              D:/ST/STM32CubeIDE_1.18.1/STM32CubeIDE/plugins/com.st.stm32cube.ide.mcu.externaltools.gnu-tools-for-stm32.13.3.rel1.win32_1.0.0.202411081344/tools/bin/../lib/gcc/arm-none-eabi/13.3.1/../../../../arm-none-eabi/lib/thumb/v7e-m+fp/hard\libc_nano.a(libc_a-findfp.o) (_fwalk_sglue)
D:/ST/STM32CubeIDE_1.18.1/STM32CubeIDE/plugins/com.st.stm32cube.ide.mcu.externaltools.gnu-tools-for-stm32.13.3.rel1.win32_1.0.0.202411081344/tools/bin/../lib/gcc/arm-none-eabi/13.3.1/../../../../arm-none-eabi/lib/thumb/v7e-m+fp/hard\libc_nano.a(libc_a-snprintf.o)
                              ./Core/Src/main.o (snprintf)
D:/ST/STM32CubeIDE_1.18.1/STM32CubeIDE/plugins/com.st.stm32cube.ide.mcu.externaltools.gnu-tools-for-stm32.13.3.rel1.win32_1.0.0.202411081344/tools/bin/../lib/gcc/arm-none-eabi/13.3.1/../../../../arm-none-eabi/lib/thumb/v7e-m+fp/hard\libc_nano.a(libc_a-sprintf.o)
                              ./Core/Src/main.o (sprintf)
D:/ST/STM32CubeIDE_1.18.1/STM32CubeIDE/plugins/com.st.stm32cube.ide.mcu.externaltools.gnu-tools-for-stm32.13.3.rel1.win32_1.0.0.202411081344/tools/bin/../lib/gcc/arm-none-eabi/13.3.1/../../../../arm-none-eabi/lib/thumb/v7e-m+fp/hard\libc_nano.a(libc_a-stdio.o)
                              D:/ST/STM32CubeIDE_1.18.1/STM32CubeIDE/plugins/com.st.stm32cube.ide.mcu.externaltools.gnu-tools-for-stm32.13.3.rel1.win32_1.0.0.202411081344/tools/bin/../lib/gcc/arm-none-eabi/13.3.1/../../../../arm-none-eabi/lib/thumb/v7e-m+fp/hard\libc_nano.a(libc_a-findfp.o) (__sread)
D:/ST/STM32CubeIDE_1.18.1/STM32CubeIDE/plugins/com.st.stm32cube.ide.mcu.externaltools.gnu-tools-for-stm32.13.3.rel1.win32_1.0.0.202411081344/tools/bin/../lib/gcc/arm-none-eabi/13.3.1/../../../../arm-none-eabi/lib/thumb/v7e-m+fp/hard\libc_nano.a(libc_a-memcmp.o)
                              ./Core/Src/main.o (memcmp)
D:/ST/STM32CubeIDE_1.18.1/STM32CubeIDE/plugins/com.st.stm32cube.ide.mcu.externaltools.gnu-tools-for-stm32.13.3.rel1.win32_1.0.0.202411081344/tools/bin/../lib/gcc/arm-none-eabi/13.3.1/../../../../arm-none-eabi/lib/thumb/v7e-m+fp/hard\libc_nano.a(libc_a-memset.o)
                              D:/ST/STM32CubeIDE_1.18.1/STM32CubeIDE/plugins/com.st.stm32cube.ide.mcu.externaltools.gnu-tools-for-stm32.13.3.rel1.win32_1.0.0.202411081344/tools/bin/../lib/gcc/arm-none-eabi/13.3.1/../../../../arm-none-eabi/lib/thumb/v7e-m+fp/hard/crt0.o (memset)
D:/ST/STM32CubeIDE_1.18.1/STM32CubeIDE/plugins/com.st.stm32cube.ide.mcu.externaltools.gnu-tools-for-stm32.13.3.rel1.win32_1.0.0.202411081344/tools/bin/../lib/gcc/arm-none-eabi/13.3.1/../../../../arm-none-eabi/lib/thumb/v7e-m+fp/hard\libc_nano.a(libc_a-closer.o)
                              D:/ST/STM32CubeIDE_1.18.1/STM32CubeIDE/plugins/com.st.stm32cube.ide.mcu.externaltools.gnu-tools-for-stm32.13.3.rel1.win32_1.0.0.202411081344/tools/bin/../lib/gcc/arm-none-eabi/13.3.1/../../../../arm-none-eabi/lib/thumb/v7e-m+fp/hard\libc_nano.a(libc_a-stdio.o) (_close_r)
D:/ST/STM32CubeIDE_1.18.1/STM32CubeIDE/plugins/com.st.stm32cube.ide.mcu.externaltools.gnu-tools-for-stm32.13.3.rel1.win32_1.0.0.202411081344/tools/bin/../lib/gcc/arm-none-eabi/13.3.1/../../../../arm-none-eabi/lib/thumb/v7e-m+fp/hard\libc_nano.a(libc_a-reent.o)
                              D:/ST/STM32CubeIDE_1.18.1/STM32CubeIDE/plugins/com.st.stm32cube.ide.mcu.externaltools.gnu-tools-for-stm32.13.3.rel1.win32_1.0.0.202411081344/tools/bin/../lib/gcc/arm-none-eabi/13.3.1/../../../../arm-none-eabi/lib/thumb/v7e-m+fp/hard\libc_nano.a(libc_a-closer.o) (errno)
[...]
Memory Configuration

Name             Origin             Length             Attributes
CCMRAM           0x10000000         0x00010000         xrw
RAM              0x20000000         0x00020000         xrw
FLASH            0x08000000         0x00100000         xr
*default*        0x00000000         0xffffffff

Linker script and memory map

LOAD D:/ST/STM32CubeIDE_1.18.1/STM32CubeIDE/plugins/com.st.stm32cube.ide.mcu.externaltools.gnu-tools-for-stm32.13.3.rel1.win32_1.0.0.202411081344/tools/bin/../lib/gcc/arm-none-eabi/13.3.1/thumb/v7e-m+fp/hard/crti.o
LOAD D:/ST/STM32CubeIDE_1.18.1/STM32CubeIDE/plugins/com.st.stm32cube.ide.mcu.externaltools.gnu-tools-for-stm32.13.3.rel1.win32_1.0.0.202411081344/tools/bin/../lib/gcc/arm-none-eabi/13.3.1/thumb/v7e-m+fp/hard/crtbegin.o
LOAD D:/ST/STM32CubeIDE_1.18.1/STM32CubeIDE/plugins/com.st.stm32cube.ide.mcu.externaltools.gnu-tools-for-stm32.13.3.rel1.win32_1.0.0.202411081344/tools/bin/../lib/gcc/arm-none-eabi/13.3.1/../../../../arm-none-eabi/lib/thumb/v7e-m+fp/hard/crt0.o
LOAD ./Core/Src/LCD_Driver.o
LOAD ./Core/Src/LCD_lib.o
LOAD ./Core/Src/main.o
LOAD ./Core/Src/stm32f4xx_hal_msp.o
LOAD ./Core/Src/stm32f4xx_it.o
LOAD ./Core/Src/syscalls.o
LOAD ./Core/Src/sysmem.o
LOAD ./Core/Src/system_stm32f4xx.o
LOAD ./Core/Src/tmpsensor.o
LOAD ./Core/Src/touch.o
LOAD ./Core/Src/xpt2046.o
LOAD ./Core/Startup/startup_stm32f405rgtx.o
LOAD ./Drivers/STM32F4xx_HAL_Driver/Src/stm32f4xx_hal.o
LOAD ./Drivers/STM32F4xx_HAL_Driver/Src/stm32f4xx_hal_adc.o
LOAD ./Drivers/STM32F4xx_HAL_Driver/Src/stm32f4xx_hal_adc_ex.o
LOAD ./Drivers/STM32F4xx_HAL_Driver/Src/stm32f4xx_hal_cortex.o
LOAD ./Drivers/STM32F4xx_HAL_Driver/Src/stm32f4xx_hal_dac.o
LOAD ./Drivers/STM32F4xx_HAL_Driver/Src/stm32f4xx_hal_dac_ex.o
LOAD ./Drivers/STM32F4xx_HAL_Driver/Src/stm32f4xx_hal_dma.o
LOAD ./Drivers/STM32F4xx_HAL_Driver/Src/stm32f4xx_hal_dma_ex.o
LOAD ./Drivers/STM32F4xx_HAL_Driver/Src/stm32f4xx_hal_exti.o
LOAD ./Drivers/STM32F4xx_HAL_Driver/Src/stm32f4xx_hal_flash.o
LOAD ./Drivers/STM32F4xx_HAL_Driver/Src/stm32f4xx_hal_flash_ex.o
LOAD ./Drivers/STM32F4xx_HAL_Driver/Src/stm32f4xx_hal_flash_ramfunc.o
LOAD ./Drivers/STM32F4xx_HAL_Driver/Src/stm32f4xx_hal_gpio.o
LOAD ./Drivers/STM32F4xx_HAL_Driver/Src/stm32f4xx_hal_mmc.o
LOAD ./Drivers/STM32F4xx_HAL_Driver/Src/stm32f4xx_hal_pwr.o
LOAD ./Drivers/STM32F4xx_HAL_Driver/Src/stm32f4xx_hal_pwr_ex.o
LOAD ./Drivers/STM32F4xx_HAL_Driver/Src/stm32f4xx_hal_rcc.o
LOAD ./Drivers/STM32F4xx_HAL_Driver/Src/stm32f4xx_hal_rcc_ex.o
LOAD ./Drivers/STM32F4xx_HAL_Driver/Src/stm32f4xx_hal_sd.o
LOAD ./Drivers/STM32F4xx_HAL_Driver/Src/stm32f4xx_hal_spi.o
LOAD ./Drivers/STM32F4xx_HAL_Driver/Src/stm32f4xx_hal_tim.o
LOAD ./Drivers/STM32F4xx_HAL_Driver/Src/stm32f4xx_hal_tim_ex.o
LOAD ./Drivers/STM32F4xx_HAL_Driver/Src/stm32f4xx_hal_uart.o
LOAD ./Drivers/STM32F4xx_HAL_Driver/Src/stm32f4xx_ll_adc.o
LOAD ./Drivers/STM32F4xx_HAL_Driver/Src/stm32f4xx_ll_sdmmc.o
LOAD ./FATFS/App/fatfs.o
LOAD ./FATFS/Target/bsp_driver_sd.o
LOAD ./FATFS/Target/sd_diskio.o
LOAD ./Middlewares/Third_Party/FatFs/src/diskio.o
LOAD ./Middlewares/Third_Party/FatFs/src/ff.o
LOAD ./Middlewares/Third_Party/FatFs/src/ff_gen_drv.o
LOAD ./Middlewares/Third_Party/FatFs/src/option/syscall.o
START GROUP
LOAD D:/ST/STM32CubeIDE_1.18.1/STM32CubeIDE/plugins/com.st.stm32cube.ide.mcu.externaltools.gnu-tools-for-stm32.13.3.rel1.win32_1.0.0.202411081344/tools/bin/../lib/gcc/arm-none-eabi/13.3.1/../../../../arm-none-eabi/lib/thumb/v7e-m+fp/hard\libc_nano.a
LOAD D:/ST/STM32CubeIDE_1.18.1/STM32CubeIDE/plugins/com.st.stm32cube.ide.mcu.externaltools.gnu-tools-for-stm32.13.3.rel1.win32_1.0.0.202411081344/tools/bin/../lib/gcc/arm-none-eabi/13.3.1/../../../../arm-none-eabi/lib/thumb/v7e-m+fp/hard\libm.a
END GROUP
START GROUP
LOAD D:/ST/STM32CubeIDE_1.18.1/STM32CubeIDE/plugins/com.st.stm32cube.ide.mcu.externaltools.gnu-tools-for-stm32.13.3.rel1.win32_1.0.0.202411081344/tools/bin/../lib/gcc/arm-none-eabi/13.3.1/thumb/v7e-m+fp/hard\libgcc.a
LOAD D:/ST/STM32CubeIDE_1.18.1/STM32CubeIDE/plugins/com.st.stm32cube.ide.mcu.externaltools.gnu-tools-for-stm32.13.3.rel1.win32_1.0.0.202411081344/tools/bin/../lib/gcc/arm-none-eabi/13.3.1/../../../../arm-none-eabi/lib/thumb/v7e-m+fp/hard\libc_nano.a
END GROUP
START GROUP
LOAD D:/ST/STM32CubeIDE_1.18.1/STM32CubeIDE/plugins/com.st.stm32cube.ide.mcu.externaltools.gnu-tools-for-stm32.13.3.rel1.win32_1.0.0.202411081344/tools/bin/../lib/gcc/arm-none-eabi/13.3.1/thumb/v7e-m+fp/hard\libgcc.a
LOAD D:/ST/STM32CubeIDE_1.18.1/STM32CubeIDE/plugins/com.st.stm32cube.ide.mcu.externaltools.gnu-tools-for-stm32.13.3.rel1.win32_1.0.0.202411081344/tools/bin/../lib/gcc/arm-none-eabi/13.3.1/../../../../arm-none-eabi/lib/thumb/v7e-m+fp/hard\libc_nano.a
LOAD D:/ST/STM32CubeIDE_1.18.1/STM32CubeIDE/plugins/com.st.stm32cube.ide.mcu.externaltools.gnu-tools-for-stm32.13.3.rel1.win32_1.0.0.202411081344/tools/bin/../lib/gcc/arm-none-eabi/13.3.1/../../../../arm-none-eabi/lib/thumb/v7e-m+fp/hard\libnosys.a
END GROUP
START GROUP
LOAD D:/ST/STM32CubeIDE_1.18.1/STM32CubeIDE/plugins/com.st.stm32cube.ide.mcu.externaltools.gnu-tools-for-stm32.13.3.rel1.win32_1.0.0.202411081344/tools/bin/../lib/gcc/arm-none-eabi/13.3.1/thumb/v7e-m+fp/hard\libgcc.a
LOAD D:/ST/STM32CubeIDE_1.18.1/STM32CubeIDE/plugins/com.st.stm32cube.ide.mcu.externaltools.gnu-tools-for-stm32.13.3.rel1.win32_1.0.0.202411081344/tools/bin/../lib/gcc/arm-none-eabi/13.3.1/../../../../arm-none-eabi/lib/thumb/v7e-m+fp/hard\libc_nano.a
LOAD D:/ST/STM32CubeIDE_1.18.1/STM32CubeIDE/plugins/com.st.stm32cube.ide.mcu.externaltools.gnu-tools-for-stm32.13.3.rel1.win32_1.0.0.202411081344/tools/bin/../lib/gcc/arm-none-eabi/13.3.1/../../../../arm-none-eabi/lib/thumb/v7e-m+fp/hard\libnosys.a
END GROUP
LOAD D:/ST/STM32CubeIDE_1.18.1/STM32CubeIDE/plugins/com.st.stm32cube.ide.mcu.externaltools.gnu-tools-for-stm32.13.3.rel1.win32_1.0.0.202411081344/tools/bin/../lib/gcc/arm-none-eabi/13.3.1/thumb/v7e-m+fp/hard/crtend.o
LOAD D:/ST/STM32CubeIDE_1.18.1/STM32CubeIDE/plugins/com.st.stm32cube.ide.mcu.externaltools.gnu-tools-for-stm32.13.3.rel1.win32_1.0.0.202411081344/tools/bin/../lib/gcc/arm-none-eabi/13.3.1/thumb/v7e-m+fp/hard/crtn.o
                0x20020000                        _estack = (ORIGIN (RAM) + LENGTH (RAM))
                0x00000200                        _Min_Heap_Size = 0x200
                0x00000400                        _Min_Stack_Size = 0x400

.isr_vector     0x08000000      0x188
                0x08000000                        . = ALIGN (0x4)
 *(.isr_vector)
 .isr_vector    0x08000000      0x188 ./Core/Startup/startup_stm32f405rgtx.o
                0x08000000                g_pfnVectors
                0x08000188                        . = ALIGN (0x4)

.text           0x08000190     0xc4e4
                0x08000190                        . = ALIGN (0x4)
 *(.text)
 .text          0x08000190       0x40 D:/ST/STM32CubeIDE_1.18.1/STM32CubeIDE/plugins/com.st.stm32cube.ide.mcu.externaltools.gnu-tools-for-stm32.13.3.rel1.win32_1.0.0.202411081344/tools/bin/../lib/gcc/arm-none-eabi/13.3.1/thumb/v7e-m+fp/hard/crtbegin.o
 .text          0x080001d0       0xa0 D:/ST/STM32CubeIDE_1.18.1/STM32CubeIDE/plugins/com.st.stm32cube.ide.mcu.externaltools.gnu-tools-for-stm32.13.3.rel1.win32_1.0.0.202411081344/tools/bin/../lib/gcc/arm-none-eabi/13.3.1/../../../../arm-none-eabi/lib/thumb/v7e-m+fp/hard\libc_nano.a(libc_a-memchr.o)
                0x080001d0                memchr
 .text          0x08000270      0x378 D:/ST/STM32CubeIDE_1.18.1/STM32CubeIDE/plugins/com.st.stm32cube.ide.mcu.externaltools.gnu-tools-for-stm32.13.3.rel1.win32_1.0.0.202411081344/tools/bin/../lib/gcc/arm-none-eabi/13.3.1/thumb/v7e-m+fp/hard\libgcc.a(_arm_addsubdf3.o)
                0x08000270                __aeabi_drsub
                0x08000278                __aeabi_dsub
                0x08000278                __subdf3
                0x0800027c                __aeabi_dadd
                0x0800027c                __adddf3
                0x080004f4                __floatunsidf
                0x080004f4                __aeabi_ui2d
                0x08000514                __floatsidf
                0x08000514                __aeabi_i2d
                0x08000538                __aeabi_f2d
                0x08000538                __extendsfdf2
                0x0800057c                __floatundidf
                0x0800057c                __aeabi_ul2d
                0x0800058c                __floatdidf
                0x0800058c                __aeabi_l2d
 .text          0x080005e8      0x424 D:/ST/STM32CubeIDE_1.18.1/STM32CubeIDE/plugins/com.st.stm32cube.ide.mcu.externaltools.gnu-tools-for-stm32.13.3.rel1.win32_1.0.0.202411081344/tools/bin/../lib/gcc/arm-none-eabi/13.3.1/thumb/v7e-m+fp/hard\libgcc.a(_arm_muldivdf3.o)
                0x080005e8                __aeabi_dmul
                0x080005e8                __muldf3
                0x0800083c                __divdf3
                0x0800083c                __aeabi_ddiv
 .text          0x08000a0c       0x50 D:/ST/STM32CubeIDE_1.18.1/STM32CubeIDE/plugins/com.st.stm32cube.ide.mcu.externaltools.gnu-tools-for-stm32.13.3.rel1.win32_1.0.0.202411081344/tools/bin/../lib/gcc/arm-none-eabi/13.3.1/thumb/v7e-m+fp/hard\libgcc.a(_arm_fixdfsi.o)
                0x08000a0c                __aeabi_d2iz
                0x08000a0c                __fixdfsi
 .text          0x08000a5c       0x30 D:/ST/STM32CubeIDE_1.18.1/STM32CubeIDE/plugins/com.st.stm32cube.ide.mcu.externaltools.gnu-tools-for-stm32.13.3.rel1.win32_1.0.0.202411081344/tools/bin/../lib/gcc/arm-none-eabi/13.3.1/thumb/v7e-m+fp/hard\libgcc.a(_aeabi_uldivmod.o)
                0x08000a5c                __aeabi_uldivmod
 .text          0x08000a8c      0x2f8 D:/ST/STM32CubeIDE_1.18.1/STM32CubeIDE/plugins/com.st.stm32cube.ide.mcu.externaltools.gnu-tools-for-stm32.13.3.rel1.win32_1.0.0.202411081344/tools/bin/../lib/gcc/arm-none-eabi/13.3.1/thumb/v7e-m+fp/hard\libgcc.a(_udivmoddi4.o)
                0x08000a8c                __udivmoddi4
 .text          0x08000d84        0x4 D:/ST/STM32CubeIDE_1.18.1/STM32CubeIDE/plugins/com.st.stm32cube.ide.mcu.externaltools.gnu-tools-for-stm32.13.3.rel1.win32_1.0.0.202411081344/tools/bin/../lib/gcc/arm-none-eabi/13.3.1/thumb/v7e-m+fp/hard\libgcc.a(_dvmd_tls.o)
                0x08000d84                __aeabi_idiv0
                0x08000d84                __aeabi_ldiv0
 *(.text*)
 .text.spi1_init
                0x08000d88        0xe ./Core/Src/LCD_Driver.o
                0x08000d88                spi1_init
 *fill*         0x08000d96        0x2 
 .text.spi1_communication
                0x08000d98       0x30 ./Core/Src/LCD_Driver.o
                0x08000d98                spi1_communication
 .text.lcd_write_byte
                0x08000dc8       0x58 ./Core/Src/LCD_Driver.o
 .text.lcd_write_word
                0x08000e20       0x50 ./Core/Src/LCD_Driver.o
 .text.lcd_write_command
                0x08000e70       0x2c ./Core/Src/LCD_Driver.o
 .text.lcd_ctrl_port_init
                0x08000e9c       0x38 ./Core/Src/LCD_Driver.o
 .text.lcd_set_window
                0x08000ed4       0xcc ./Core/Src/LCD_Driver.o
 .text.lcd_init
                0x08000fa0      0x208 ./Core/Src/LCD_Driver.o
                0x08000fa0                lcd_init
 .text.lcd_clear_screen
                0x080011a8       0x78 ./Core/Src/LCD_Driver.o
                0x080011a8                lcd_clear_screen
 .text.lcd_set_cursor
                0x08001220       0x34 ./Core/Src/LCD_Driver.o
                0x08001220                lcd_set_cursor
 .text.lcd_display_char
                0x08001254       0xf0 ./Core/Src/LCD_Driver.o
                0x08001254                lcd_display_char
 .text.lcd_display_string
                0x08001344       0x98 ./Core/Src/LCD_Driver.o
                0x08001344                lcd_display_string
 .text.lcd_draw_dot
                0x080013dc       0x3e ./Core/Src/LCD_Driver.o
                0x080013dc                lcd_draw_dot
 .text.lcd_draw_line
                0x0800141a       0xf4 ./Core/Src/LCD_Driver.o
                0x0800141a                lcd_draw_line
 .text.lcd_fill_rect
                0x0800150e       0x76 ./Core/Src/LCD_Driver.o
                0x0800150e                lcd_fill_rect
 .text.WAV_ReadU16
                0x08001584       0x2c ./Core/Src/main.o
                0x08001584                WAV_ReadU16
 .text.WAV_ReadU32
                0x080015b0       0x38 ./Core/Src/main.o
                0x080015b0                WAV_ReadU32
 .text.Audio_FillHalf
                0x080015e8       0xac ./Core/Src/main.o
                0x080015e8                Audio_FillHalf
 .text.Audio_Start
                0x08001694      0x534 ./Core/Src/main.o
                0x08001694                Audio_Start
 .text.Audio_Pause
                0x08001bc8       0x34 ./Core/Src/main.o
                0x08001bc8                Audio_Pause
 .text.Audio_Reset
                0x08001bfc       0x70 ./Core/Src/main.o
                0x08001bfc                Audio_Reset
 .text.Audio_Service
                0x08001c6c       0xc8 ./Core/Src/main.o
                0x08001c6c                Audio_Service
 .text.HAL_DAC_ConvHalfCpltCallbackCh1
                0x08001d34       0x20 ./Core/Src/main.o
                0x08001d34                HAL_DAC_ConvHalfCpltCallbackCh1
 .text.HAL_DAC_ConvCpltCallbackCh1
                0x08001d54       0x20 ./Core/Src/main.o
                0x08001d54                HAL_DAC_ConvCpltCallbackCh1
 .text.main     0x08001d74      0x88c ./Core/Src/main.o
                0x08001d74                main
 .text.SystemClock_Config
                0x08002600       0xd4 ./Core/Src/main.o
                0x08002600                SystemClock_Config
 .text.MX_ADC1_Init
                0x080026d4       0xc0 ./Core/Src/main.o
 .text.MX_DAC_Init
                0x08002794       0x54 ./Core/Src/main.o
 .text.MX_SDIO_SD_Init
                0x080027e8       0x40 ./Core/Src/main.o
 .text.MX_SPI1_Init
                0x08002828       0x6c ./Core/Src/main.o
 .text.MX_TIM3_Init
                0x08002894       0x9c ./Core/Src/main.o
 .text.MX_TIM6_Init
                0x08002930       0x68 ./Core/Src/main.o
 .text.MX_USART1_UART_Init
                0x08002998       0x54 ./Core/Src/main.o
 .text.MX_DMA_Init
                0x080029ec       0x6c ./Core/Src/main.o
 .text.MX_GPIO_Init
                0x08002a58       0xf4 ./Core/Src/main.o
 .text.HAL_ADC_ConvCpltCallback
                0x08002b4c       0x2c ./Core/Src/main.o
                0x08002b4c                HAL_ADC_ConvCpltCallback
 .text.Error_Handler
                0x08002b78        0xc ./Core/Src/main.o
                0x08002b78                Error_Handler
 .text.HAL_MspInit
                0x08002b84       0x50 ./Core/Src/stm32f4xx_hal_msp.o
                0x08002b84                HAL_MspInit
 .text.HAL_ADC_MspInit
                0x08002bd4       0xb8 ./Core/Src/stm32f4xx_hal_msp.o
                0x08002bd4                HAL_ADC_MspInit
 .text.HAL_DAC_MspInit
                0x08002c8c       0xf4 ./Core/Src/stm32f4xx_hal_msp.o
                0x08002c8c                HAL_DAC_MspInit
 .text.HAL_SD_MspInit
                0x08002d80       0xe0 ./Core/Src/stm32f4xx_hal_msp.o
                0x08002d80                HAL_SD_MspInit
 .text.HAL_SPI_MspInit
                0x08002e60       0xd0 ./Core/Src/stm32f4xx_hal_msp.o
                0x08002e60                HAL_SPI_MspInit
 .text.HAL_TIM_Base_MspInit
                0x08002f30       0x70 ./Core/Src/stm32f4xx_hal_msp.o
                0x08002f30                HAL_TIM_Base_MspInit
 .text.HAL_UART_MspInit
                0x08002fa0       0x90 ./Core/Src/stm32f4xx_hal_msp.o
                0x08002fa0                HAL_UART_MspInit
 .text.NMI_Handler
                0x08003030        0x8 ./Core/Src/stm32f4xx_it.o
                0x08003030                NMI_Handler
 .text.HardFault_Handler
                0x08003038        0x8 ./Core/Src/stm32f4xx_it.o
                0x08003038                HardFault_Handler
 .text.MemManage_Handler
                0x08003040        0x8 ./Core/Src/stm32f4xx_it.o
                0x08003040                MemManage_Handler
 .text.BusFault_Handler
                0x08003048        0x8 ./Core/Src/stm32f4xx_it.o
                0x08003048                BusFault_Handler
 .text.UsageFault_Handler
                0x08003050        0x8 ./Core/Src/stm32f4xx_it.o
                0x08003050                UsageFault_Handler
 .text.SVC_Handler
                0x08003058        0xe ./Core/Src/stm32f4xx_it.o
                0x08003058                SVC_Handler
 .text.DebugMon_Handler
                0x08003066        0xe ./Core/Src/stm32f4xx_it.o
                0x08003066                DebugMon_Handler
 .text.PendSV_Handler
                0x08003074        0xe ./Core/Src/stm32f4xx_it.o
                0x08003074                PendSV_Handler
 .text.SysTick_Handler
                0x08003082        0xc ./Core/Src/stm32f4xx_it.o
                0x08003082                SysTick_Handler
 *fill*         0x0800308e        0x2 
 .text.DMA1_Stream5_IRQHandler
                0x08003090       0x14 ./Core/Src/stm32f4xx_it.o
                0x08003090                DMA1_Stream5_IRQHandler
 .text.ADC_IRQHandler
                0x080030a4       0x14 ./Core/Src/stm32f4xx_it.o
                0x080030a4                ADC_IRQHandler
 .text.SDIO_IRQHandler
                0x080030b8       0x14 ./Core/Src/stm32f4xx_it.o
                0x080030b8                SDIO_IRQHandler
 .text.DMA2_Stream0_IRQHandler
                0x080030cc       0x14 ./Core/Src/stm32f4xx_it.o
                0x080030cc                DMA2_Stream0_IRQHandler
 .text._sbrk    0x080030e0       0x6c ./Core/Src/sysmem.o
                0x080030e0                _sbrk
 .text.SystemInit
                0x0800314c       0x24 ./Core/Src/system_stm32f4xx.o
                0x0800314c                SystemInit
 .text.TMPSENSOR_getTemperature
                0x08003170       0xe4 ./Core/Src/tmpsensor.o
                0x08003170                TMPSENSOR_getTemperature
 .text.tp_init  0x08003254        0xc ./Core/Src/touch.o
                0x08003254                tp_init
 .text.Get_Touch_XY
                0x08003260       0x38 ./Core/Src/touch.o
                0x08003260                Get_Touch_XY
 .text.xpt2046_spi_transfer
                0x08003298       0x30 ./Core/Src/xpt2046.o
                0x08003298                xpt2046_spi_transfer
 .text.xpt2046_write_byte
                0x080032c8       0x1c ./Core/Src/xpt2046.o
                0x080032c8                xpt2046_write_byte
 .text.xpt2046_init
                0x080032e4       0x2c ./Core/Src/xpt2046.o
                0x080032e4                xpt2046_init
 .text.xpt2046_read_ad_value
                0x08003310       0x64 ./Core/Src/xpt2046.o
                0x08003310                xpt2046_read_ad_value
 .text.xpt2046_read_average
                0x08003374       0xf0 ./Core/Src/xpt2046.o
                0x08003374                xpt2046_read_average
 .text.xpt2046_read_xy
                0x08003464       0x2e ./Core/Src/xpt2046.o
                0x08003464                xpt2046_read_xy
 .text.xpt2046_twice_read_xy
                0x08003492       0xa0 ./Core/Src/xpt2046.o
                0x08003492                xpt2046_twice_read_xy
 *fill*         0x08003532        0x2 
 .text.Reset_Handler
                0x08003534       0x50 ./Core/Startup/startup_stm32f405rgtx.o
                0x08003534                Reset_Handler
 .text.Default_Handler
                0x08003584        0x2 ./Core/Startup/startup_stm32f405rgtx.o
                0x08003584                RTC_Alarm_IRQHandler
                0x08003584                HASH_RNG_IRQHandler
                0x08003584                EXTI2_IRQHandler
                0x08003584                TIM8_CC_IRQHandler
                0x08003584                TIM1_CC_IRQHandler
                0x08003584                DMA2_Stream5_IRQHandler
                0x08003584                PVD_IRQHandler
                0x08003584                TAMP_STAMP_IRQHandler
                0x08003584                CAN2_RX1_IRQHandler
                0x08003584                EXTI3_IRQHandler
                0x08003584                TIM8_TRG_COM_TIM14_IRQHandler
                0x08003584                TIM1_UP_TIM10_IRQHandler
                0x08003584                TIM8_UP_TIM13_IRQHandler
                0x08003584                I2C3_ER_IRQHandler
                0x08003584                EXTI0_IRQHandler
                0x08003584                I2C2_EV_IRQHandler
                0x08003584                DMA1_Stream2_IRQHandler
                0x08003584                CAN1_RX0_IRQHandler
                0x08003584                FPU_IRQHandler
                0x08003584                OTG_HS_WKUP_IRQHandler
                0x08003584                CAN2_SCE_IRQHandler
                0x08003584                DMA2_Stream2_IRQHandler
                0x08003584                SPI1_IRQHandler
                0x08003584                TIM6_DAC_IRQHandler
                0x08003584                TIM1_BRK_TIM9_IRQHandler
                0x08003584                CAN2_RX0_IRQHandler
                0x08003584                DMA2_Stream3_IRQHandler
                0x08003584                USART6_IRQHandler
                0x08003584                USART3_IRQHandler
                0x08003584                CAN1_RX1_IRQHandler
                0x08003584                UART5_IRQHandler
                0x08003584                TIM4_IRQHandler
                0x08003584                I2C1_EV_IRQHandler
                0x08003584                DMA1_Stream6_IRQHandler
                0x08003584                DMA1_Stream1_IRQHandler
                0x08003584                UART4_IRQHandler
                0x08003584                TIM3_IRQHandler
                0x08003584                RCC_IRQHandler
                0x08003584                TIM8_BRK_TIM12_IRQHandler
                0x08003584                Default_Handler
                0x08003584                EXTI15_10_IRQHandler
                0x08003584                DMA1_Stream7_IRQHandler
                0x08003584                TIM7_IRQHandler
                0x08003584                CAN2_TX_IRQHandler
                0x08003584                TIM5_IRQHandler
                0x08003584                DMA2_Stream7_IRQHandler
                0x08003584                I2C3_EV_IRQHandler
                0x08003584                EXTI9_5_IRQHandler
                0x08003584                RTC_WKUP_IRQHandler
                0x08003584                SPI2_IRQHandler
                0x08003584                OTG_HS_EP1_IN_IRQHandler
                0x08003584                DMA1_Stream0_IRQHandler
                0x08003584                CAN1_TX_IRQHandler
                0x08003584                EXTI4_IRQHandler
                0x08003584                FSMC_IRQHandler
                0x08003584                OTG_HS_EP1_OUT_IRQHandler
                0x08003584                WWDG_IRQHandler
                0x08003584                TIM2_IRQHandler
                0x08003584                OTG_FS_WKUP_IRQHandler
                0x08003584                TIM1_TRG_COM_TIM11_IRQHandler
                0x08003584                OTG_HS_IRQHandler
                0x08003584                EXTI1_IRQHandler
                0x08003584                USART2_IRQHandler
                0x08003584                I2C2_ER_IRQHandler
                0x08003584                DMA2_Stream1_IRQHandler
                0x08003584                CAN1_SCE_IRQHandler
                0x08003584                FLASH_IRQHandler
                0x08003584                DMA2_Stream4_IRQHandler
                0x08003584                USART1_IRQHandler
                0x08003584                OTG_FS_IRQHandler
                0x08003584                SPI3_IRQHandler
                0x08003584                DMA1_Stream4_IRQHandler
                0x08003584                I2C1_ER_IRQHandler
                0x08003584                DMA2_Stream6_IRQHandler
                0x08003584                DMA1_Stream3_IRQHandler
 *fill*         0x08003586        0x2 
 .text.HAL_Init
                0x08003588       0x44 ./Drivers/STM32F4xx_HAL_Driver/Src/stm32f4xx_hal.o
                0x08003588                HAL_Init
 .text.HAL_InitTick
                0x080035cc       0x60 ./Drivers/STM32F4xx_HAL_Driver/Src/stm32f4xx_hal.o
                0x080035cc                HAL_InitTick
 .text.HAL_IncTick
                0x0800362c       0x28 ./Drivers/STM32F4xx_HAL_Driver/Src/stm32f4xx_hal.o
                0x0800362c                HAL_IncTick
 .text.HAL_GetTick
                0x08003654       0x18 ./Drivers/STM32F4xx_HAL_Driver/Src/stm32f4xx_hal.o
                0x08003654                HAL_GetTick
 .text.HAL_Delay
                0x0800366c       0x48 ./Drivers/STM32F4xx_HAL_Driver/Src/stm32f4xx_hal.o
                0x0800366c                HAL_Delay
 .text.HAL_ADC_Init
                0x080036b4       0x86 ./Drivers/STM32F4xx_HAL_Driver/Src/stm32f4xx_hal_adc.o
                0x080036b4                HAL_ADC_Init
 .text.HAL_ADC_IRQHandler
                0x0800373a      0x220 ./Drivers/STM32F4xx_HAL_Driver/Src/stm32f4xx_hal_adc.o
                0x0800373a                HAL_ADC_IRQHandler
 *fill*         0x0800395a        0x2 
 .text.HAL_ADC_Start_DMA
                0x0800395c      0x228 ./Drivers/STM32F4xx_HAL_Driver/Src/stm32f4xx_hal_adc.o
                0x0800395c                HAL_ADC_Start_DMA
 .text.HAL_ADC_ConvHalfCpltCallback
                0x08003b84       0x14 ./Drivers/STM32F4xx_HAL_Driver/Src/stm32f4xx_hal_adc.o
                0x08003b84                HAL_ADC_ConvHalfCpltCallback
 .text.HAL_ADC_LevelOutOfWindowCallback
                0x08003b98       0x14 ./Drivers/STM32F4xx_HAL_Driver/Src/stm32f4xx_hal_adc.o
                0x08003b98                HAL_ADC_LevelOutOfWindowCallback
 .text.HAL_ADC_ErrorCallback
                0x08003bac       0x14 ./Drivers/STM32F4xx_HAL_Driver/Src/stm32f4xx_hal_adc.o
                0x08003bac                HAL_ADC_ErrorCallback
 .text.HAL_ADC_ConfigChannel
                0x08003bc0      0x244 ./Drivers/STM32F4xx_HAL_Driver/Src/stm32f4xx_hal_adc.o
                0x08003bc0                HAL_ADC_ConfigChannel
 .text.ADC_Init
                0x08003e04      0x1f8 ./Drivers/STM32F4xx_HAL_Driver/Src/stm32f4xx_hal_adc.o
 .text.ADC_DMAConvCplt
                0x08003ffc       0xba ./Drivers/STM32F4xx_HAL_Driver/Src/stm32f4xx_hal_adc.o
 .text.ADC_DMAHalfConvCplt
                0x080040b6       0x1c ./Drivers/STM32F4xx_HAL_Driver/Src/stm32f4xx_hal_adc.o
 .text.ADC_DMAError
                0x080040d2       0x2e ./Drivers/STM32F4xx_HAL_Driver/Src/stm32f4xx_hal_adc.o
 .text.HAL_ADCEx_InjectedConvCpltCallback
                0x08004100       0x14 ./Drivers/STM32F4xx_HAL_Driver/Src/stm32f4xx_hal_adc_ex.o
                0x08004100                HAL_ADCEx_InjectedConvCpltCallback
 .text.__NVIC_SetPriorityGrouping
                0x08004114       0x48 ./Drivers/STM32F4xx_HAL_Driver/Src/stm32f4xx_hal_cortex.o
 .text.__NVIC_GetPriorityGrouping
                0x0800415c       0x1c ./Drivers/STM32F4xx_HAL_Driver/Src/stm32f4xx_hal_cortex.o
 .text.__NVIC_EnableIRQ
                0x08004178       0x3c ./Drivers/STM32F4xx_HAL_Driver/Src/stm32f4xx_hal_cortex.o
 .text.__NVIC_SetPriority
                0x080041b4       0x54 ./Drivers/STM32F4xx_HAL_Driver/Src/stm32f4xx_hal_cortex.o
 .text.NVIC_EncodePriority
                0x08004208       0x66 ./Drivers/STM32F4xx_HAL_Driver/Src/stm32f4xx_hal_cortex.o
 *fill*         0x0800426e        0x2 
 .text.SysTick_Config
                0x08004270       0x44 ./Drivers/STM32F4xx_HAL_Driver/Src/stm32f4xx_hal_cortex.o
 .text.HAL_NVIC_SetPriorityGrouping
                0x080042b4       0x16 ./Drivers/STM32F4xx_HAL_Driver/Src/stm32f4xx_hal_cortex.o
                0x080042b4                HAL_NVIC_SetPriorityGrouping
 .text.HAL_NVIC_SetPriority
                0x080042ca       0x38 ./Drivers/STM32F4xx_HAL_Driver/Src/stm32f4xx_hal_cortex.o
                0x080042ca                HAL_NVIC_SetPriority
 .text.HAL_NVIC_EnableIRQ
                0x08004302       0x1c ./Drivers/STM32F4xx_HAL_Driver/Src/stm32f4xx_hal_cortex.o
                0x08004302                HAL_NVIC_EnableIRQ
 .text.HAL_SYSTICK_Config
                0x0800431e       0x18 ./Drivers/STM32F4xx_HAL_Driver/Src/stm32f4xx_hal_cortex.o
                0x0800431e                HAL_SYSTICK_Config
 .text.HAL_DAC_Init
                0x08004336       0x44 ./Drivers/STM32F4xx_HAL_Driver/Src/stm32f4xx_hal_dac.o
                0x08004336                HAL_DAC_Init
 *fill*         0x0800437a        0x2 
 .text.HAL_DAC_Start_DMA
                0x0800437c      0x180 ./Drivers/STM32F4xx_HAL_Driver/Src/stm32f4xx_hal_dac.o
                0x0800437c                HAL_DAC_Start_DMA
 .text.HAL_DAC_Stop_DMA
                0x080044fc       0x9a ./Drivers/STM32F4xx_HAL_Driver/Src/stm32f4xx_hal_dac.o
                0x080044fc                HAL_DAC_Stop_DMA
 .text.HAL_DAC_ErrorCallbackCh1
                0x08004596       0x14 ./Drivers/STM32F4xx_HAL_Driver/Src/stm32f4xx_hal_dac.o
                0x08004596                HAL_DAC_ErrorCallbackCh1
 .text.HAL_DAC_ConfigChannel
                0x080045aa       0xb2 ./Drivers/STM32F4xx_HAL_Driver/Src/stm32f4xx_hal_dac.o
                0x080045aa                HAL_DAC_ConfigChannel
 .text.DAC_DMAConvCpltCh1
                0x0800465c       0x22 ./Drivers/STM32F4xx_HAL_Driver/Src/stm32f4xx_hal_dac.o
                0x0800465c                DAC_DMAConvCpltCh1
 .text.DAC_DMAHalfConvCpltCh1
                0x0800467e       0x1c ./Drivers/STM32F4xx_HAL_Driver/Src/stm32f4xx_hal_dac.o
                0x0800467e                DAC_DMAHalfConvCpltCh1
 .text.DAC_DMAErrorCh1
                0x0800469a       0x2e ./Drivers/STM32F4xx_HAL_Driver/Src/stm32f4xx_hal_dac.o
                0x0800469a                DAC_DMAErrorCh1
 .text.HAL_DACEx_ConvCpltCallbackCh2
                0x080046c8       0x14 ./Drivers/STM32F4xx_HAL_Driver/Src/stm32f4xx_hal_dac_ex.o
                0x080046c8                HAL_DACEx_ConvCpltCallbackCh2
 .text.HAL_DACEx_ConvHalfCpltCallbackCh2
                0x080046dc       0x14 ./Drivers/STM32F4xx_HAL_Driver/Src/stm32f4xx_hal_dac_ex.o
                0x080046dc                HAL_DACEx_ConvHalfCpltCallbackCh2
 .text.HAL_DACEx_ErrorCallbackCh2
                0x080046f0       0x14 ./Drivers/STM32F4xx_HAL_Driver/Src/stm32f4xx_hal_dac_ex.o
                0x080046f0                HAL_DACEx_ErrorCallbackCh2
 .text.DAC_DMAConvCpltCh2
                0x08004704       0x22 ./Drivers/STM32F4xx_HAL_Driver/Src/stm32f4xx_hal_dac_ex.o
                0x08004704                DAC_DMAConvCpltCh2
 .text.DAC_DMAHalfConvCpltCh2
                0x08004726       0x1c ./Drivers/STM32F4xx_HAL_Driver/Src/stm32f4xx_hal_dac_ex.o
                0x08004726                DAC_DMAHalfConvCpltCh2
 .text.DAC_DMAErrorCh2
                0x08004742       0x2e ./Drivers/STM32F4xx_HAL_Driver/Src/stm32f4xx_hal_dac_ex.o
                0x08004742                DAC_DMAErrorCh2
 .text.HAL_DMA_Init
                0x08004770      0x15c ./Drivers/STM32F4xx_HAL_Driver/Src/stm32f4xx_hal_dma.o
                0x08004770                HAL_DMA_Init
 .text.HAL_DMA_Start_IT
                0x080048cc       0xb0 ./Drivers/STM32F4xx_HAL_Driver/Src/stm32f4xx_hal_dma.o
                0x080048cc                HAL_DMA_Start_IT
 .text.HAL_DMA_Abort
                0x0800497c       0xe0 ./Drivers/STM32F4xx_HAL_Driver/Src/stm32f4xx_hal_dma.o
                0x0800497c                HAL_DMA_Abort
 .text.HAL_DMA_Abort_IT
                0x08004a5c       0x44 ./Drivers/STM32F4xx_HAL_Driver/Src/stm32f4xx_hal_dma.o
                0x08004a5c                HAL_DMA_Abort_IT
 .text.HAL_DMA_IRQHandler
                0x08004aa0      0x314 ./Drivers/STM32F4xx_HAL_Driver/Src/stm32f4xx_hal_dma.o
                0x08004aa0                HAL_DMA_IRQHandler
 .text.DMA_SetConfig
                0x08004db4       0x5c ./Drivers/STM32F4xx_HAL_Driver/Src/stm32f4xx_hal_dma.o
 .text.DMA_CalcBaseAndBitshift
                0x08004e10       0x6c ./Drivers/STM32F4xx_HAL_Driver/Src/stm32f4xx_hal_dma.o
 .text.DMA_CheckFifoParam
                0x08004e7c       0xf8 ./Drivers/STM32F4xx_HAL_Driver/Src/stm32f4xx_hal_dma.o
 .text.HAL_GPIO_Init
                0x08004f74      0x338 ./Drivers/STM32F4xx_HAL_Driver/Src/stm32f4xx_hal_gpio.o
                0x08004f74                HAL_GPIO_Init
 .text.HAL_GPIO_ReadPin
                0x080052ac       0x30 ./Drivers/STM32F4xx_HAL_Driver/Src/stm32f4xx_hal_gpio.o
                0x080052ac                HAL_GPIO_ReadPin
 .text.HAL_GPIO_WritePin
                0x080052dc       0x32 ./Drivers/STM32F4xx_HAL_Driver/Src/stm32f4xx_hal_gpio.o
                0x080052dc                HAL_GPIO_WritePin
 *fill*         0x0800530e        0x2 
 .text.HAL_RCC_OscConfig
                0x08005310      0x4f0 ./Drivers/STM32F4xx_HAL_Driver/Src/stm32f4xx_hal_rcc.o
                0x08005310                HAL_RCC_OscConfig
 .text.HAL_RCC_ClockConfig
                0x08005800      0x1cc ./Drivers/STM32F4xx_HAL_Driver/Src/stm32f4xx_hal_rcc.o
                0x08005800                HAL_RCC_ClockConfig
 .text.HAL_RCC_GetSysClockFreq
                0x080059cc      0x20c ./Drivers/STM32F4xx_HAL_Driver/Src/stm32f4xx_hal_rcc.o
                0x080059cc                HAL_RCC_GetSysClockFreq
 .text.HAL_RCC_GetHCLKFreq
                0x08005bd8       0x18 ./Drivers/STM32F4xx_HAL_Driver/Src/stm32f4xx_hal_rcc.o
                0x08005bd8                HAL_RCC_GetHCLKFreq
 .text.HAL_RCC_GetPCLK1Freq
                0x08005bf0       0x28 ./Drivers/STM32F4xx_HAL_Driver/Src/stm32f4xx_hal_rcc.o
                0x08005bf0                HAL_RCC_GetPCLK1Freq
 .text.HAL_RCC_GetPCLK2Freq
                0x08005c18       0x28 ./Drivers/STM32F4xx_HAL_Driver/Src/stm32f4xx_hal_rcc.o
                0x08005c18                HAL_RCC_GetPCLK2Freq
 .text.HAL_SD_Init
                0x08005c40       0x60 ./Drivers/STM32F4xx_HAL_Driver/Src/stm32f4xx_hal_sd.o
                0x08005c40                HAL_SD_Init
 .text.HAL_SD_InitCard
                0x08005ca0       0xf0 ./Drivers/STM32F4xx_HAL_Driver/Src/stm32f4xx_hal_sd.o
                0x08005ca0                HAL_SD_InitCard
 .text.HAL_SD_ReadBlocks
                0x08005d90      0x3cc ./Drivers/STM32F4xx_HAL_Driver/Src/stm32f4xx_hal_sd.o
                0x08005d90                HAL_SD_ReadBlocks
 .text.HAL_SD_WriteBlocks
                0x0800615c      0x31c ./Drivers/STM32F4xx_HAL_Driver/Src/stm32f4xx_hal_sd.o
                0x0800615c                HAL_SD_WriteBlocks
 .text.HAL_SD_IRQHandler
                0x08006478      0x30c ./Drivers/STM32F4xx_HAL_Driver/Src/stm32f4xx_hal_sd.o
                0x08006478                HAL_SD_IRQHandler
 .text.HAL_SD_ErrorCallback
                0x08006784       0x14 ./Drivers/STM32F4xx_HAL_Driver/Src/stm32f4xx_hal_sd.o
                0x08006784                HAL_SD_ErrorCallback
 .text.HAL_SD_GetCardCSD
                0x08006798      0x348 ./Drivers/STM32F4xx_HAL_Driver/Src/stm32f4xx_hal_sd.o
                0x08006798                HAL_SD_GetCardCSD
 .text.HAL_SD_GetCardInfo
                0x08006ae0       0x58 ./Drivers/STM32F4xx_HAL_Driver/Src/stm32f4xx_hal_sd.o
                0x08006ae0                HAL_SD_GetCardInfo
 .text.HAL_SD_ConfigWideBusOperation
                0x08006b38      0x134 ./Drivers/STM32F4xx_HAL_Driver/Src/stm32f4xx_hal_sd.o
                0x08006b38                HAL_SD_ConfigWideBusOperation
 .text.HAL_SD_GetCardState
                0x08006c6c       0x40 ./Drivers/STM32F4xx_HAL_Driver/Src/stm32f4xx_hal_sd.o
                0x08006c6c                HAL_SD_GetCardState
 .text.SD_DMATxAbort
                0x08006cac       0x6e ./Drivers/STM32F4xx_HAL_Driver/Src/stm32f4xx_hal_sd.o
 .text.SD_DMARxAbort
                0x08006d1a       0x6e ./Drivers/STM32F4xx_HAL_Driver/Src/stm32f4xx_hal_sd.o
 .text.SD_InitCard
                0x08006d88      0x19c ./Drivers/STM32F4xx_HAL_Driver/Src/stm32f4xx_hal_sd.o
 .text.SD_PowerON
                0x08006f24      0x11c ./Drivers/STM32F4xx_HAL_Driver/Src/stm32f4xx_hal_sd.o
 .text.SD_SendStatus
                0x08007040       0x50 ./Drivers/STM32F4xx_HAL_Driver/Src/stm32f4xx_hal_sd.o
 .text.SD_WideBus_Enable
                0x08007090       0x96 ./Drivers/STM32F4xx_HAL_Driver/Src/stm32f4xx_hal_sd.o
 .text.SD_WideBus_Disable
                0x08007126       0x96 ./Drivers/STM32F4xx_HAL_Driver/Src/stm32f4xx_hal_sd.o
 .text.SD_FindSCR
                0x080071bc      0x1b4 ./Drivers/STM32F4xx_HAL_Driver/Src/stm32f4xx_hal_sd.o
 .text.SD_Read_IT
                0x08007370       0xa2 ./Drivers/STM32F4xx_HAL_Driver/Src/stm32f4xx_hal_sd.o
 .text.SD_Write_IT
                0x08007412       0xaa ./Drivers/STM32F4xx_HAL_Driver/Src/stm32f4xx_hal_sd.o
 .text.HAL_SPI_Init
                0x080074bc      0x112 ./Drivers/STM32F4xx_HAL_Driver/Src/stm32f4xx_hal_spi.o
                0x080074bc                HAL_SPI_Init
 .text.HAL_SPI_TransmitReceive
                0x080075ce      0x352 ./Drivers/STM32F4xx_HAL_Driver/Src/stm32f4xx_hal_spi.o
                0x080075ce                HAL_SPI_TransmitReceive
 .text.SPI_WaitFlagStateUntilTimeout
                0x08007920      0x110 ./Drivers/STM32F4xx_HAL_Driver/Src/stm32f4xx_hal_spi.o
 .text.SPI_EndRxTxTransaction
                0x08007a30       0xa8 ./Drivers/STM32F4xx_HAL_Driver/Src/stm32f4xx_hal_spi.o
 .text.HAL_TIM_Base_Init
                0x08007ad8       0x9e ./Drivers/STM32F4xx_HAL_Driver/Src/stm32f4xx_hal_tim.o
                0x08007ad8                HAL_TIM_Base_Init
 *fill*         0x08007b76        0x2 
 .text.HAL_TIM_Base_Start
                0x08007b78       0xd0 ./Drivers/STM32F4xx_HAL_Driver/Src/stm32f4xx_hal_tim.o
                0x08007b78                HAL_TIM_Base_Start
 .text.HAL_TIM_Base_Stop
                0x08007c48       0x4e ./Drivers/STM32F4xx_HAL_Driver/Src/stm32f4xx_hal_tim.o
                0x08007c48                HAL_TIM_Base_Stop
 .text.HAL_TIM_ConfigClockSource
                0x08007c96      0x18e ./Drivers/STM32F4xx_HAL_Driver/Src/stm32f4xx_hal_tim.o
                0x08007c96                HAL_TIM_ConfigClockSource
 .text.TIM_Base_SetConfig
                0x08007e24      0x14c ./Drivers/STM32F4xx_HAL_Driver/Src/stm32f4xx_hal_tim.o
                0x08007e24                TIM_Base_SetConfig
 .text.TIM_TI1_ConfigInputStage
                0x08007f70       0x5e ./Drivers/STM32F4xx_HAL_Driver/Src/stm32f4xx_hal_tim.o
 .text.TIM_TI2_ConfigInputStage
                0x08007fce       0x60 ./Drivers/STM32F4xx_HAL_Driver/Src/stm32f4xx_hal_tim.o
 .text.TIM_ITRx_SetConfig
                0x0800802e       0x36 ./Drivers/STM32F4xx_HAL_Driver/Src/stm32f4xx_hal_tim.o
 .text.TIM_ETR_SetConfig
                0x08008064       0x40 ./Drivers/STM32F4xx_HAL_Driver/Src/stm32f4xx_hal_tim.o
                0x08008064                TIM_ETR_SetConfig
 .text.HAL_TIMEx_MasterConfigSynchronization
                0x080080a4       0xf8 ./Drivers/STM32F4xx_HAL_Driver/Src/stm32f4xx_hal_tim_ex.o
                0x080080a4                HAL_TIMEx_MasterConfigSynchronization
 .text.HAL_UART_Init
                0x0800819c       0xa0 ./Drivers/STM32F4xx_HAL_Driver/Src/stm32f4xx_hal_uart.o
                0x0800819c                HAL_UART_Init
 .text.UART_SetConfig
                0x0800823c      0x4e8 ./Drivers/STM32F4xx_HAL_Driver/Src/stm32f4xx_hal_uart.o
 .text.SDIO_Init
                0x08008724       0x56 ./Drivers/STM32F4xx_HAL_Driver/Src/stm32f4xx_ll_sdmmc.o
                0x08008724                SDIO_Init
 .text.SDIO_ReadFIFO
                0x0800877a       0x1a ./Drivers/STM32F4xx_HAL_Driver/Src/stm32f4xx_ll_sdmmc.o
                0x0800877a                SDIO_ReadFIFO
 .text.SDIO_WriteFIFO
                0x08008794       0x22 ./Drivers/STM32F4xx_HAL_Driver/Src/stm32f4xx_ll_sdmmc.o
                0x08008794                SDIO_WriteFIFO
 .text.SDIO_PowerState_ON
                0x080087b6       0x1c ./Drivers/STM32F4xx_HAL_Driver/Src/stm32f4xx_ll_sdmmc.o
                0x080087b6                SDIO_PowerState_ON
 .text.SDIO_GetPowerState
                0x080087d2       0x1c ./Drivers/STM32F4xx_HAL_Driver/Src/stm32f4xx_ll_sdmmc.o
                0x080087d2                SDIO_GetPowerState
 .text.SDIO_SendCommand
                0x080087ee       0x54 ./Drivers/STM32F4xx_HAL_Driver/Src/stm32f4xx_ll_sdmmc.o
                0x080087ee                SDIO_SendCommand
 .text.SDIO_GetCommandResponse
                0x08008842       0x1a ./Drivers/STM32F4xx_HAL_Driver/Src/stm32f4xx_ll_sdmmc.o
                0x08008842                SDIO_GetCommandResponse
 .text.SDIO_GetResponse
                0x0800885c       0x26 ./Drivers/STM32F4xx_HAL_Driver/Src/stm32f4xx_ll_sdmmc.o
                0x0800885c                SDIO_GetResponse
 .text.SDIO_ConfigData
                0x08008882       0x58 ./Drivers/STM32F4xx_HAL_Driver/Src/stm32f4xx_ll_sdmmc.o
                0x08008882                SDIO_ConfigData
 .text.SDMMC_CmdBlockLength
                0x080088da       0x44 ./Drivers/STM32F4xx_HAL_Driver/Src/stm32f4xx_ll_sdmmc.o
                0x080088da                SDMMC_CmdBlockLength
 .text.SDMMC_CmdReadSingleBlock
                0x0800891e       0x44 ./Drivers/STM32F4xx_HAL_Driver/Src/stm32f4xx_ll_sdmmc.o
                0x0800891e                SDMMC_CmdReadSingleBlock
 .text.SDMMC_CmdReadMultiBlock
                0x08008962       0x44 ./Drivers/STM32F4xx_HAL_Driver/Src/stm32f4xx_ll_sdmmc.o
                0x08008962                SDMMC_CmdReadMultiBlock
 .text.SDMMC_CmdWriteSingleBlock
                0x080089a6       0x44 ./Drivers/STM32F4xx_HAL_Driver/Src/stm32f4xx_ll_sdmmc.o
                0x080089a6                SDMMC_CmdWriteSingleBlock
 .text.SDMMC_CmdWriteMultiBlock
                0x080089ea       0x44 ./Drivers/STM32F4xx_HAL_Driver/Src/stm32f4xx_ll_sdmmc.o
                0x080089ea                SDMMC_CmdWriteMultiBlock
 *fill*         0x08008a2e        0x2 
 .text.SDMMC_CmdStopTransfer
                0x08008a30       0x44 ./Drivers/STM32F4xx_HAL_Driver/Src/stm32f4xx_ll_sdmmc.o
                0x08008a30                SDMMC_CmdStopTransfer
 .text.SDMMC_CmdSelDesel
                0x08008a74       0x46 ./Drivers/STM32F4xx_HAL_Driver/Src/stm32f4xx_ll_sdmmc.o
                0x08008a74                SDMMC_CmdSelDesel
 .text.SDMMC_CmdGoIdleState
                0x08008aba       0x3c ./Drivers/STM32F4xx_HAL_Driver/Src/stm32f4xx_ll_sdmmc.o
                0x08008aba                SDMMC_CmdGoIdleState
 .text.SDMMC_CmdOperCond
                0x08008af6       0x3e ./Drivers/STM32F4xx_HAL_Driver/Src/stm32f4xx_ll_sdmmc.o
                0x08008af6                SDMMC_CmdOperCond
 .text.SDMMC_CmdAppCommand
                0x08008b34       0x44 ./Drivers/STM32F4xx_HAL_Driver/Src/stm32f4xx_ll_sdmmc.o
                0x08008b34                SDMMC_CmdAppCommand
 .text.SDMMC_CmdAppOperCommand
                0x08008b78       0x46 ./Drivers/STM32F4xx_HAL_Driver/Src/stm32f4xx_ll_sdmmc.o
                0x08008b78                SDMMC_CmdAppOperCommand
 .text.SDMMC_CmdBusWidth
                0x08008bbe       0x44 ./Drivers/STM32F4xx_HAL_Driver/Src/stm32f4xx_ll_sdmmc.o
                0x08008bbe                SDMMC_CmdBusWidth
 .text.SDMMC_CmdSendSCR
                0x08008c02       0x42 ./Drivers/STM32F4xx_HAL_Driver/Src/stm32f4xx_ll_sdmmc.o
                0x08008c02                SDMMC_CmdSendSCR
 .text.SDMMC_CmdSendCID
                0x08008c44       0x3c ./Drivers/STM32F4xx_HAL_Driver/Src/stm32f4xx_ll_sdmmc.o
                0x08008c44                SDMMC_CmdSendCID
 .text.SDMMC_CmdSendCSD
                0x08008c80       0x3e ./Drivers/STM32F4xx_HAL_Driver/Src/stm32f4xx_ll_sdmmc.o
                0x08008c80                SDMMC_CmdSendCSD
 .text.SDMMC_CmdSetRelAdd
                0x08008cbe       0x42 ./Drivers/STM32F4xx_HAL_Driver/Src/stm32f4xx_ll_sdmmc.o
                0x08008cbe                SDMMC_CmdSetRelAdd
 .text.SDMMC_CmdSendStatus
                0x08008d00       0x44 ./Drivers/STM32F4xx_HAL_Driver/Src/stm32f4xx_ll_sdmmc.o
                0x08008d00                SDMMC_CmdSendStatus
 .text.SDMMC_GetCmdResp1
                0x08008d44      0x1dc ./Drivers/STM32F4xx_HAL_Driver/Src/stm32f4xx_ll_sdmmc.o
                0x08008d44                SDMMC_GetCmdResp1
 .text.SDMMC_GetCmdResp2
                0x08008f20       0x90 ./Drivers/STM32F4xx_HAL_Driver/Src/stm32f4xx_ll_sdmmc.o
                0x08008f20                SDMMC_GetCmdResp2
 .text.SDMMC_GetCmdResp3
                0x08008fb0       0x7c ./Drivers/STM32F4xx_HAL_Driver/Src/stm32f4xx_ll_sdmmc.o
                0x08008fb0                SDMMC_GetCmdResp3
 .text.SDMMC_GetCmdResp6
                0x0800902c       0xec ./Drivers/STM32F4xx_HAL_Driver/Src/stm32f4xx_ll_sdmmc.o
                0x0800902c                SDMMC_GetCmdResp6
 .text.SDMMC_GetCmdResp7
                0x08009118       0x9c ./Drivers/STM32F4xx_HAL_Driver/Src/stm32f4xx_ll_sdmmc.o
                0x08009118                SDMMC_GetCmdResp7
 .text.SDMMC_GetCmdError
                0x080091b4       0x58 ./Drivers/STM32F4xx_HAL_Driver/Src/stm32f4xx_ll_sdmmc.o
 .text.MX_FATFS_Init
                0x0800920c       0x24 ./FATFS/App/fatfs.o
                0x0800920c                MX_FATFS_Init
 .text.get_fattime
                0x08009230       0x10 ./FATFS/App/fatfs.o
                0x08009230                get_fattime
 .text.BSP_SD_Init
                0x08009240       0x30 ./FATFS/Target/bsp_driver_sd.o
                0x08009240                BSP_SD_Init
 .text.BSP_SD_ReadBlocks
                0x08009270       0x3c ./FATFS/Target/bsp_driver_sd.o
                0x08009270                BSP_SD_ReadBlocks
 .text.BSP_SD_WriteBlocks
                0x080092ac       0x3c ./FATFS/Target/bsp_driver_sd.o
                0x080092ac                BSP_SD_WriteBlocks
 .text.BSP_SD_GetCardState
                0x080092e8       0x20 ./FATFS/Target/bsp_driver_sd.o
                0x080092e8                BSP_SD_GetCardState
 .text.BSP_SD_GetCardInfo
                0x08009308       0x1c ./FATFS/Target/bsp_driver_sd.o
                0x08009308                BSP_SD_GetCardInfo
 .text.HAL_SD_AbortCallback
                0x08009324       0x14 ./FATFS/Target/bsp_driver_sd.o
                0x08009324                HAL_SD_AbortCallback
 .text.HAL_SD_TxCpltCallback
                0x08009338       0x14 ./FATFS/Target/bsp_driver_sd.o
                0x08009338                HAL_SD_TxCpltCallback
 .text.HAL_SD_RxCpltCallback
                0x0800934c       0x14 ./FATFS/Target/bsp_driver_sd.o
                0x0800934c                HAL_SD_RxCpltCallback
 .text.BSP_SD_AbortCallback
                0x08009360        0xe ./FATFS/Target/bsp_driver_sd.o
                0x08009360                BSP_SD_AbortCallback
 .text.BSP_SD_WriteCpltCallback
                0x0800936e        0xe ./FATFS/Target/bsp_driver_sd.o
                0x0800936e                BSP_SD_WriteCpltCallback
 .text.BSP_SD_ReadCpltCallback
                0x0800937c        0xe ./FATFS/Target/bsp_driver_sd.o
                0x0800937c                BSP_SD_ReadCpltCallback
 .text.BSP_SD_IsDetected
                0x0800938a       0x1a ./FATFS/Target/bsp_driver_sd.o
                0x0800938a                BSP_SD_IsDetected
 .text.SD_CheckStatus
                0x080093a4       0x3c ./FATFS/Target/sd_diskio.o
 .text.SD_initialize
                0x080093e0       0x3c ./FATFS/Target/sd_diskio.o
                0x080093e0                SD_initialize
 .text.SD_status
                0x0800941c       0x1c ./FATFS/Target/sd_diskio.o
                0x0800941c                SD_status
 .text.SD_read  0x08009438       0x42 ./FATFS/Target/sd_diskio.o
                0x08009438                SD_read
 .text.SD_write
                0x0800947a       0x42 ./FATFS/Target/sd_diskio.o
                0x0800947a                SD_write
 .text.SD_ioctl
                0x080094bc       0xb0 ./FATFS/Target/sd_diskio.o
                0x080094bc                SD_ioctl
 .text.disk_status
                0x0800956c       0x34 ./Middlewares/Third_Party/FatFs/src/diskio.o
                0x0800956c                disk_status
 .text.disk_initialize
                0x080095a0       0x50 ./Middlewares/Third_Party/FatFs/src/diskio.o
                0x080095a0                disk_initialize
 .text.disk_read
                0x080095f0       0x40 ./Middlewares/Third_Party/FatFs/src/diskio.o
                0x080095f0                disk_read
 .text.disk_write
                0x08009630       0x40 ./Middlewares/Third_Party/FatFs/src/diskio.o
                0x08009630                disk_write
 .text.disk_ioctl
                0x08009670       0x3c ./Middlewares/Third_Party/FatFs/src/diskio.o
                0x08009670                disk_ioctl
 .text.ld_word  0x080096ac       0x32 ./Middlewares/Third_Party/FatFs/src/ff.o
 .text.ld_dword
                0x080096de       0x46 ./Middlewares/Third_Party/FatFs/src/ff.o
 .text.st_word  0x08009724       0x36 ./Middlewares/Third_Party/FatFs/src/ff.o
 .text.st_dword
                0x0800975a       0x58 ./Middlewares/Third_Party/FatFs/src/ff.o
 .text.mem_cpy  0x080097b2       0x42 ./Middlewares/Third_Party/FatFs/src/ff.o
 .text.mem_set  0x080097f4       0x36 ./Middlewares/Third_Party/FatFs/src/ff.o
 .text.mem_cmp  0x0800982a       0x4e ./Middlewares/Third_Party/FatFs/src/ff.o
 .text.chk_chr  0x08009878       0x36 ./Middlewares/Third_Party/FatFs/src/ff.o
 *fill*         0x080098ae        0x2 
 .text.chk_lock
                0x080098b0       0xb8 ./Middlewares/Third_Party/FatFs/src/ff.o
 .text.enq_lock
                0x08009968       0x44 ./Middlewares/Third_Party/FatFs/src/ff.o
 .text.inc_lock
                0x080099ac      0x11c ./Middlewares/Third_Party/FatFs/src/ff.o
 .text.dec_lock
                0x08009ac8       0x78 ./Middlewares/Third_Party/FatFs/src/ff.o
 .text.clear_lock
                0x08009b40       0x48 ./Middlewares/Third_Party/FatFs/src/ff.o
 .text.sync_window
                0x08009b88       0x88 ./Middlewares/Third_Party/FatFs/src/ff.o
 .text.move_window
                0x08009c10       0x5a ./Middlewares/Third_Party/FatFs/src/ff.o
 *fill*         0x08009c6a        0x2 
 .text.sync_fs  0x08009c6c       0xdc ./Middlewares/Third_Party/FatFs/src/ff.o
 .text.clust2sect
                0x08009d48       0x3e ./Middlewares/Third_Party/FatFs/src/ff.o
 .text.get_fat  0x08009d86      0x14e ./Middlewares/Third_Party/FatFs/src/ff.o
 .text.put_fat  0x08009ed4      0x1d4 ./Middlewares/Third_Party/FatFs/src/ff.o
 .text.remove_chain
                0x0800a0a8       0xca ./Middlewares/Third_Party/FatFs/src/ff.o
 .text.create_chain
                0x0800a172      0x130 ./Middlewares/Third_Party/FatFs/src/ff.o
 .text.clmt_clust
                0x0800a2a2       0x68 ./Middlewares/Third_Party/FatFs/src/ff.o
 .text.dir_sdi  0x0800a30a       0xf6 ./Middlewares/Third_Party/FatFs/src/ff.o
 .text.dir_next
                0x0800a400      0x18a ./Middlewares/Third_Party/FatFs/src/ff.o
 .text.dir_alloc
                0x0800a58a       0x8e ./Middlewares/Third_Party/FatFs/src/ff.o
 .text.ld_clust
                0x0800a618       0x3e ./Middlewares/Third_Party/FatFs/src/ff.o
 .text.st_clust
                0x0800a656       0x40 ./Middlewares/Third_Party/FatFs/src/ff.o
 .text.dir_find
                0x0800a696       0xaa ./Middlewares/Third_Party/FatFs/src/ff.o
 .text.dir_register
                0x0800a740       0x64 ./Middlewares/Third_Party/FatFs/src/ff.o
 .text.create_name
                0x0800a7a4      0x128 ./Middlewares/Third_Party/FatFs/src/ff.o
 .text.follow_path
                0x0800a8cc       0xe2 ./Middlewares/Third_Party/FatFs/src/ff.o
 .text.get_ldnumber
                0x0800a9ae       0x88 ./Middlewares/Third_Party/FatFs/src/ff.o
 *fill*         0x0800aa36        0x2 
 .text.check_fs
                0x0800aa38       0xac ./Middlewares/Third_Party/FatFs/src/ff.o
 .text.find_volume
                0x0800aae4      0x498 ./Middlewares/Third_Party/FatFs/src/ff.o
 .text.validate
                0x0800af7c       0x6a ./Middlewares/Third_Party/FatFs/src/ff.o
 *fill*         0x0800afe6        0x2 
 .text.f_mount  0x0800afe8       0x8c ./Middlewares/Third_Party/FatFs/src/ff.o
                0x0800afe8                f_mount
 .text.f_open   0x0800b074      0x374 ./Middlewares/Third_Party/FatFs/src/ff.o
                0x0800b074                f_open
 .text.f_read   0x0800b3e8      0x27e ./Middlewares/Third_Party/FatFs/src/ff.o
                0x0800b3e8                f_read
 .text.f_sync   0x0800b666       0xfc ./Middlewares/Third_Party/FatFs/src/ff.o
                0x0800b666                f_sync
 .text.f_close  0x0800b762       0x54 ./Middlewares/Third_Party/FatFs/src/ff.o
                0x0800b762                f_close
 .text.f_lseek  0x0800b7b6      0x412 ./Middlewares/Third_Party/FatFs/src/ff.o
                0x0800b7b6                f_lseek
 .text.FATFS_LinkDriverEx
                0x0800bbc8       0x98 ./Middlewares/Third_Party/FatFs/src/ff_gen_drv.o
                0x0800bbc8                FATFS_LinkDriverEx
 .text.FATFS_LinkDriver
                0x0800bc60       0x1e ./Middlewares/Third_Party/FatFs/src/ff_gen_drv.o
                0x0800bc60                FATFS_LinkDriver
 *fill*         0x0800bc7e        0x2 
 .text.snprintf
                0x0800bc80       0x6c D:/ST/STM32CubeIDE_1.18.1/STM32CubeIDE/plugins/com.st.stm32cube.ide.mcu.externaltools.gnu-tools-for-stm32.13.3.rel1.win32_1.0.0.202411081344/tools/bin/../lib/gcc/arm-none-eabi/13.3.1/../../../../arm-none-eabi/lib/thumb/v7e-m+fp/hard\libc_nano.a(libc_a-snprintf.o)
                0x0800bc80                sniprintf
                0x0800bc80                snprintf
 .text.sprintf  0x0800bcec       0x44 D:/ST/STM32CubeIDE_1.18.1/STM32CubeIDE/plugins/com.st.stm32cube.ide.mcu.externaltools.gnu-tools-for-stm32.13.3.rel1.win32_1.0.0.202411081344/tools/bin/../lib/gcc/arm-none-eabi/13.3.1/../../../../arm-none-eabi/lib/thumb/v7e-m+fp/hard\libc_nano.a(libc_a-sprintf.o)
                0x0800bcec                siprintf
                0x0800bcec                sprintf
 .text.memcmp   0x0800bd30       0x20 D:/ST/STM32CubeIDE_1.18.1/STM32CubeIDE/plugins/com.st.stm32cube.ide.mcu.externaltools.gnu-tools-for-stm32.13.3.rel1.win32_1.0.0.202411081344/tools/bin/../lib/gcc/arm-none-eabi/13.3.1/../../../../arm-none-eabi/lib/thumb/v7e-m+fp/hard\libc_nano.a(libc_a-memcmp.o)
                0x0800bd30                memcmp
 .text.memset   0x0800bd50       0x10 D:/ST/STM32CubeIDE_1.18.1/STM32CubeIDE/plugins/com.st.stm32cube.ide.mcu.externaltools.gnu-tools-for-stm32.13.3.rel1.win32_1.0.0.202411081344/tools/bin/../lib/gcc/arm-none-eabi/13.3.1/../../../../arm-none-eabi/lib/thumb/v7e-m+fp/hard\libc_nano.a(libc_a-memset.o)
                0x0800bd50                memset
 .text.__errno  0x0800bd60        0xc D:/ST/STM32CubeIDE_1.18.1/STM32CubeIDE/plugins/com.st.stm32cube.ide.mcu.externaltools.gnu-tools-for-stm32.13.3.rel1.win32_1.0.0.202411081344/tools/bin/../lib/gcc/arm-none-eabi/13.3.1/../../../../arm-none-eabi/lib/thumb/v7e-m+fp/hard\libc_nano.a(libc_a-errno.o)
                0x0800bd60                __errno
 .text.__libc_init_array
                0x0800bd6c       0x48 D:/ST/STM32CubeIDE_1.18.1/STM32CubeIDE/plugins/com.st.stm32cube.ide.mcu.externaltools.gnu-tools-for-stm32.13.3.rel1.win32_1.0.0.202411081344/tools/bin/../lib/gcc/arm-none-eabi/13.3.1/../../../../arm-none-eabi/lib/thumb/v7e-m+fp/hard\libc_nano.a(libc_a-init.o)
                0x0800bd6c                __libc_init_array
 .text.__retarget_lock_acquire_recursive
                0x0800bdb4        0x2 D:/ST/STM32CubeIDE_1.18.1/STM32CubeIDE/plugins/com.st.stm32cube.ide.mcu.externaltools.gnu-tools-for-stm32.13.3.rel1.win32_1.0.0.202411081344/tools/bin/../lib/gcc/arm-none-eabi/13.3.1/../../../../arm-none-eabi/lib/thumb/v7e-m+fp/hard\libc_nano.a(libc_a-lock.o)
                0x0800bdb4                __retarget_lock_acquire_recursive
 .text.__retarget_lock_release_recursive
                0x0800bdb6        0x2 D:/ST/STM32CubeIDE_1.18.1/STM32CubeIDE/plugins/com.st.stm32cube.ide.mcu.externaltools.gnu-tools-for-stm32.13.3.rel1.win32_1.0.0.202411081344/tools/bin/../lib/gcc/arm-none-eabi/13.3.1/../../../../arm-none-eabi/lib/thumb/v7e-m+fp/hard\libc_nano.a(libc_a-lock.o)
                0x0800bdb6                __retarget_lock_release_recursive
 .text.strcpy   0x0800bdb8       0x10 D:/ST/STM32CubeIDE_1.18.1/STM32CubeIDE/plugins/com.st.stm32cube.ide.mcu.externaltools.gnu-tools-for-stm32.13.3.rel1.win32_1.0.0.202411081344/tools/bin/../lib/gcc/arm-none-eabi/13.3.1/../../../../arm-none-eabi/lib/thumb/v7e-m+fp/hard\libc_nano.a(libc_a-strcpy.o)
                0x0800bdb8                strcpy
 .text._free_r  0x0800bdc8       0x94 D:/ST/STM32CubeIDE_1.18.1/STM32CubeIDE/plugins/com.st.stm32cube.ide.mcu.externaltools.gnu-tools-for-stm32.13.3.rel1.win32_1.0.0.202411081344/tools/bin/../lib/gcc/arm-none-eabi/13.3.1/../../../../arm-none-eabi/lib/thumb/v7e-m+fp/hard\libc_nano.a(libc_a-freer.o)
                0x0800bdc8                _free_r
 .text.sbrk_aligned
                0x0800be5c       0x44 D:/ST/STM32CubeIDE_1.18.1/STM32CubeIDE/plugins/com.st.stm32cube.ide.mcu.externaltools.gnu-tools-for-stm32.13.3.rel1.win32_1.0.0.202411081344/tools/bin/../lib/gcc/arm-none-eabi/13.3.1/../../../../arm-none-eabi/lib/thumb/v7e-m+fp/hard\libc_nano.a(libc_a-mallocr.o)
 .text._malloc_r
                0x0800bea0      0x100 D:/ST/STM32CubeIDE_1.18.1/STM32CubeIDE/plugins/com.st.stm32cube.ide.mcu.externaltools.gnu-tools-for-stm32.13.3.rel1.win32_1.0.0.202411081344/tools/bin/../lib/gcc/arm-none-eabi/13.3.1/../../../../arm-none-eabi/lib/thumb/v7e-m+fp/hard\libc_nano.a(libc_a-mallocr.o)
                0x0800bea0                _malloc_r
 .text.__malloc_lock
                0x0800bfa0        0xc D:/ST/STM32CubeIDE_1.18.1/STM32CubeIDE/plugins/com.st.stm32cube.ide.mcu.externaltools.gnu-tools-for-stm32.13.3.rel1.win32_1.0.0.202411081344/tools/bin/../lib/gcc/arm-none-eabi/13.3.1/../../../../arm-none-eabi/lib/thumb/v7e-m+fp/hard\libc_nano.a(libc_a-mlock.o)
                0x0800bfa0                __malloc_lock
 .text.__malloc_unlock
                0x0800bfac        0xc D:/ST/STM32CubeIDE_1.18.1/STM32CubeIDE/plugins/com.st.stm32cube.ide.mcu.externaltools.gnu-tools-for-stm32.13.3.rel1.win32_1.0.0.202411081344/tools/bin/../lib/gcc/arm-none-eabi/13.3.1/../../../../arm-none-eabi/lib/thumb/v7e-m+fp/hard\libc_nano.a(libc_a-mlock.o)
                0x0800bfac                __malloc_unlock
 .text.__ssputs_r
                0x0800bfb8       0xb6 D:/ST/STM32CubeIDE_1.18.1/STM32CubeIDE/plugins/com.st.stm32cube.ide.mcu.externaltools.gnu-tools-for-stm32.13.3.rel1.win32_1.0.0.202411081344/tools/bin/../lib/gcc/arm-none-eabi/13.3.1/../../../../arm-none-eabi/lib/thumb/v7e-m+fp/hard\libc_nano.a(libc_a-nano-svfprintf.o)
                0x0800bfb8                __ssputs_r
 *fill*         0x0800c06e        0x2 
 .text._svfprintf_r
                0x0800c070      0x1f8 D:/ST/STM32CubeIDE_1.18.1/STM32CubeIDE/plugins/com.st.stm32cube.ide.mcu.externaltools.gnu-tools-for-stm32.13.3.rel1.win32_1.0.0.202411081344/tools/bin/../lib/gcc/arm-none-eabi/13.3.1/../../../../arm-none-eabi/lib/thumb/v7e-m+fp/hard\libc_nano.a(libc_a-nano-svfprintf.o)
                0x0800c070                _svfiprintf_r
                0x0800c070                _svfprintf_r
 .text._printf_common
                0x0800c268       0xda D:/ST/STM32CubeIDE_1.18.1/STM32CubeIDE/plugins/com.st.stm32cube.ide.mcu.externaltools.gnu-tools-for-stm32.13.3.rel1.win32_1.0.0.202411081344/tools/bin/../lib/gcc/arm-none-eabi/13.3.1/../../../../arm-none-eabi/lib/thumb/v7e-m+fp/hard\libc_nano.a(libc_a-nano-vfprintf_i.o)
                0x0800c268                _printf_common
 *fill*         0x0800c342        0x2 
 .text._printf_i
                0x0800c344      0x23c D:/ST/STM32CubeIDE_1.18.1/STM32CubeIDE/plugins/com.st.stm32cube.ide.mcu.externaltools.gnu-tools-for-stm32.13.3.rel1.win32_1.0.0.202411081344/tools/bin/../lib/gcc/arm-none-eabi/13.3.1/../../../../arm-none-eabi/lib/thumb/v7e-m+fp/hard\libc_nano.a(libc_a-nano-vfprintf_i.o)
                0x0800c344                _printf_i
 .text.memmove  0x0800c580       0x34 D:/ST/STM32CubeIDE_1.18.1/STM32CubeIDE/plugins/com.st.stm32cube.ide.mcu.externaltools.gnu-tools-for-stm32.13.3.rel1.win32_1.0.0.202411081344/tools/bin/../lib/gcc/arm-none-eabi/13.3.1/../../../../arm-none-eabi/lib/thumb/v7e-m+fp/hard\libc_nano.a(libc_a-memmove.o)
                0x0800c580                memmove
 .text._sbrk_r  0x0800c5b4       0x20 D:/ST/STM32CubeIDE_1.18.1/STM32CubeIDE/plugins/com.st.stm32cube.ide.mcu.externaltools.gnu-tools-for-stm32.13.3.rel1.win32_1.0.0.202411081344/tools/bin/../lib/gcc/arm-none-eabi/13.3.1/../../../../arm-none-eabi/lib/thumb/v7e-m+fp/hard\libc_nano.a(libc_a-sbrkr.o)
                0x0800c5b4                _sbrk_r
 .text.memcpy   0x0800c5d4       0x1c D:/ST/STM32CubeIDE_1.18.1/STM32CubeIDE/plugins/com.st.stm32cube.ide.mcu.externaltools.gnu-tools-for-stm32.13.3.rel1.win32_1.0.0.202411081344/tools/bin/../lib/gcc/arm-none-eabi/13.3.1/../../../../arm-none-eabi/lib/thumb/v7e-m+fp/hard\libc_nano.a(libc_a-memcpy-stub.o)
                0x0800c5d4                memcpy
 .text._realloc_r
                0x0800c5f0       0x5c D:/ST/STM32CubeIDE_1.18.1/STM32CubeIDE/plugins/com.st.stm32cube.ide.mcu.externaltools.gnu-tools-for-stm32.13.3.rel1.win32_1.0.0.202411081344/tools/bin/../lib/gcc/arm-none-eabi/13.3.1/../../../../arm-none-eabi/lib/thumb/v7e-m+fp/hard\libc_nano.a(libc_a-reallocr.o)
                0x0800c5f0                _realloc_r
 .text._malloc_usable_size_r
                0x0800c64c       0x10 D:/ST/STM32CubeIDE_1.18.1/STM32CubeIDE/plugins/com.st.stm32cube.ide.mcu.externaltools.gnu-tools-for-stm32.13.3.rel1.win32_1.0.0.202411081344/tools/bin/../lib/gcc/arm-none-eabi/13.3.1/../../../../arm-none-eabi/lib/thumb/v7e-m+fp/hard\libc_nano.a(libc_a-msizer.o)
                0x0800c64c                _malloc_usable_size_r
 *(.glue_7)
 .glue_7        0x0800c65c        0x0 linker stubs
 *(.glue_7t)
 .glue_7t       0x0800c65c        0x0 linker stubs
 *(.eh_frame)
 .eh_frame      0x0800c65c        0x0 D:/ST/STM32CubeIDE_1.18.1/STM32CubeIDE/plugins/com.st.stm32cube.ide.mcu.externaltools.gnu-tools-for-stm32.13.3.rel1.win32_1.0.0.202411081344/tools/bin/../lib/gcc/arm-none-eabi/13.3.1/thumb/v7e-m+fp/hard/crtbegin.o
 *(.init)
 .init          0x0800c65c        0x4 D:/ST/STM32CubeIDE_1.18.1/STM32CubeIDE/plugins/com.st.stm32cube.ide.mcu.externaltools.gnu-tools-for-stm32.13.3.rel1.win32_1.0.0.202411081344/tools/bin/../lib/gcc/arm-none-eabi/13.3.1/thumb/v7e-m+fp/hard/crti.o
                0x0800c65c                _init
 .init          0x0800c660        0x8 D:/ST/STM32CubeIDE_1.18.1/STM32CubeIDE/plugins/com.st.stm32cube.ide.mcu.externaltools.gnu-tools-for-stm32.13.3.rel1.win32_1.0.0.202411081344/tools/bin/../lib/gcc/arm-none-eabi/13.3.1/thumb/v7e-m+fp/hard/crtn.o
 *(.fini)
 .fini          0x0800c668        0x4 D:/ST/STM32CubeIDE_1.18.1/STM32CubeIDE/plugins/com.st.stm32cube.ide.mcu.externaltools.gnu-tools-for-stm32.13.3.rel1.win32_1.0.0.202411081344/tools/bin/../lib/gcc/arm-none-eabi/13.3.1/thumb/v7e-m+fp/hard/crti.o
                0x0800c668                _fini
 .fini          0x0800c66c        0x8 D:/ST/STM32CubeIDE_1.18.1/STM32CubeIDE/plugins/com.st.stm32cube.ide.mcu.externaltools.gnu-tools-for-stm32.13.3.rel1.win32_1.0.0.202411081344/tools/bin/../lib/gcc/arm-none-eabi/13.3.1/thumb/v7e-m+fp/hard/crtn.o
                0x0800c674                        . = ALIGN (0x4)
                0x0800c674                        _etext = .

.vfp11_veneer   0x0800c674        0x0
 .vfp11_veneer  0x0800c674        0x0 linker stubs

.v4_bx          0x0800c674        0x0
 .v4_bx         0x0800c674        0x0 linker stubs

.iplt           0x0800c674        0x0
 .iplt          0x0800c674        0x0 D:/ST/STM32CubeIDE_1.18.1/STM32CubeIDE/plugins/com.st.stm32cube.ide.mcu.externaltools.gnu-tools-for-stm32.13.3.rel1.win32_1.0.0.202411081344/tools/bin/../lib/gcc/arm-none-eabi/13.3.1/thumb/v7e-m+fp/hard/crtbegin.o

.rodata         0x0800c674      0xd90
                0x0800c674                        . = ALIGN (0x4)
 *(.rodata)
 .rodata        0x0800c674      0x200 ./Core/Src/main.o
 .rodata        0x0800c874       0x44 ./Middlewares/Third_Party/FatFs/src/ff.o
 *(.rodata*)
 .rodata.c_chFont1206
                0x0800c8b8      0x474 ./Core/Src/LCD_lib.o
                0x0800c8b8                c_chFont1206
 .rodata.c_chFont1608
                0x0800cd2c      0x5f0 ./Core/Src/LCD_lib.o
                0x0800cd2c                c_chFont1608
 .rodata.AHBPrescTable
                0x0800d31c       0x10 ./Core/Src/system_stm32f4xx.o
                0x0800d31c                AHBPrescTable
 .rodata.APBPrescTable
                0x0800d32c        0x8 ./Core/Src/system_stm32f4xx.o
                0x0800d32c                APBPrescTable
 .rodata.flagBitshiftOffset.0
                0x0800d334        0x8 ./Drivers/STM32F4xx_HAL_Driver/Src/stm32f4xx_hal_dma.o
 .rodata.SD_Driver
                0x0800d33c       0x14 ./FATFS/Target/sd_diskio.o
                0x0800d33c                SD_Driver
 .rodata.ExCvt  0x0800d350       0x80 ./Middlewares/Third_Party/FatFs/src/ff.o
 .rodata._svfprintf_r.str1.1
                0x0800d3d0       0x33 D:/ST/STM32CubeIDE_1.18.1/STM32CubeIDE/plugins/com.st.stm32cube.ide.mcu.externaltools.gnu-tools-for-stm32.13.3.rel1.win32_1.0.0.202411081344/tools/bin/../lib/gcc/arm-none-eabi/13.3.1/../../../../arm-none-eabi/lib/thumb/v7e-m+fp/hard\libc_nano.a(libc_a-nano-svfprintf.o)
                                 0x11 (size before relaxing)
 .rodata._printf_i.str1.1
                0x0800d403       0x22 D:/ST/STM32CubeIDE_1.18.1/STM32CubeIDE/plugins/com.st.stm32cube.ide.mcu.externaltools.gnu-tools-for-stm32.13.3.rel1.win32_1.0.0.202411081344/tools/bin/../lib/gcc/arm-none-eabi/13.3.1/../../../../arm-none-eabi/lib/thumb/v7e-m+fp/hard\libc_nano.a(libc_a-nano-vfprintf_i.o)
                0x0800d428                        . = ALIGN (0x4)
 *fill*         0x0800d403        0x1 

.ARM.extab      0x0800d404        0x0
                0x0800d404                        . = ALIGN (0x4)
 *(.ARM.extab* .gnu.linkonce.armextab.*)
                0x0800d404                        . = ALIGN (0x4)

.ARM            0x0800d404        0x8
                0x0800d404                        . = ALIGN (0x4)
                0x0800d404                        __exidx_start = .
 *(.ARM.exidx*)
 .ARM.exidx     0x0800d404        0x8 D:/ST/STM32CubeIDE_1.18.1/STM32CubeIDE/plugins/com.st.stm32cube.ide.mcu.externaltools.gnu-tools-for-stm32.13.3.rel1.win32_1.0.0.202411081344/tools/bin/../lib/gcc/arm-none-eabi/13.3.1/../../../../arm-none-eabi/lib/thumb/v7e-m+fp/hard\libc_nano.a(libc_a-memchr.o)
 .ARM.exidx     0x0800d40c        0x0 D:/ST/STM32CubeIDE_1.18.1/STM32CubeIDE/plugins/com.st.stm32cube.ide.mcu.externaltools.gnu-tools-for-stm32.13.3.rel1.win32_1.0.0.202411081344/tools/bin/../lib/gcc/arm-none-eabi/13.3.1/thumb/v7e-m+fp/hard\libgcc.a(_udivmoddi4.o)
                                  0x8 (size before relaxing)
                0x0800d40c                        __exidx_end = .
                0x0800d40c                        . = ALIGN (0x4)

.preinit_array  0x0800d40c        0x0
                0x0800d40c                        . = ALIGN (0x4)
                0x0800d40c                        PROVIDE (__preinit_array_start = .)
 *(.preinit_array*)
                0x0800d40c                        PROVIDE (__preinit_array_end = .)
                0x0800d40c                        . = ALIGN (0x4)

.init_array     0x0800d40c        0x4
                0x0800d40c                        . = ALIGN (0x4)
                0x0800d40c                        PROVIDE (__init_array_start = .)
 *(SORT_BY_NAME(.init_array.*))
 *(.init_array*)
 .init_array    0x0800d40c        0x4 D:/ST/STM32CubeIDE_1.18.1/STM32CubeIDE/plugins/com.st.stm32cube.ide.mcu.externaltools.gnu-tools-for-stm32.13.3.rel1.win32_1.0.0.202411081344/tools/bin/../lib/gcc/arm-none-eabi/13.3.1/thumb/v7e-m+fp/hard/crtbegin.o
                0x0800d410                        PROVIDE (__init_array_end = .)
                0x0800d410                        . = ALIGN (0x4)

.fini_array     0x0800d410        0x4
                0x0800d410                        . = ALIGN (0x4)
                [!provide]                        PROVIDE (__fini_array_start = .)
 *(SORT_BY_NAME(.fini_array.*))
 *(.fini_array*)
 .fini_array    0x0800d410        0x4 D:/ST/STM32CubeIDE_1.18.1/STM32CubeIDE/plugins/com.st.stm32cube.ide.mcu.externaltools.gnu-tools-for-stm32.13.3.rel1.win32_1.0.0.202411081344/tools/bin/../lib/gcc/arm-none-eabi/13.3.1/thumb/v7e-m+fp/hard/crtbegin.o
                [!provide]                        PROVIDE (__fini_array_end = .)
                0x0800d414                        . = ALIGN (0x4)
                0x0800d414                        _sidata = LOADADDR (.data)

.rel.dyn        0x0800d414        0x0
 .rel.iplt      0x0800d414        0x0 D:/ST/STM32CubeIDE_1.18.1/STM32CubeIDE/plugins/com.st.stm32cube.ide.mcu.externaltools.gnu-tools-for-stm32.13.3.rel1.win32_1.0.0.202411081344/tools/bin/../lib/gcc/arm-none-eabi/13.3.1/thumb/v7e-m+fp/hard/crtbegin.o

.data           0x20000000       0x60 load address 0x0800d414
                0x20000000                        . = ALIGN (0x4)
                0x20000000                        _sdata = .
 *(.data)
 *(.data*)
 .data.wavDataOffset
                0x20000000        0x4 ./Core/Src/main.o
                0x20000000                wavDataOffset
 .data.SystemCoreClock
                0x20000004        0x4 ./Core/Src/system_stm32f4xx.o
                0x20000004                SystemCoreClock
 .data.uwTickPrio
                0x20000008        0x4 ./Drivers/STM32F4xx_HAL_Driver/Src/stm32f4xx_hal.o
                0x20000008                uwTickPrio
 .data.uwTickFreq
                0x2000000c        0x1 ./Drivers/STM32F4xx_HAL_Driver/Src/stm32f4xx_hal.o
                0x2000000c                uwTickFreq
 .data.Stat     0x2000000d        0x1 ./FATFS/Target/sd_diskio.o
 *fill*         0x2000000e        0x2 
 .data._impure_ptr
                0x20000010        0x4 D:/ST/STM32CubeIDE_1.18.1/STM32CubeIDE/plugins/com.st.stm32cube.ide.mcu.externaltools.gnu-tools-for-stm32.13.3.rel1.win32_1.0.0.202411081344/tools/bin/../lib/gcc/arm-none-eabi/13.3.1/../../../../arm-none-eabi/lib/thumb/v7e-m+fp/hard\libc_nano.a(libc_a-impure.o)
                0x20000010                _impure_ptr
 .data._impure_data
                0x20000014       0x4c D:/ST/STM32CubeIDE_1.18.1/STM32CubeIDE/plugins/com.st.stm32cube.ide.mcu.externaltools.gnu-tools-for-stm32.13.3.rel1.win32_1.0.0.202411081344/tools/bin/../lib/gcc/arm-none-eabi/13.3.1/../../../../arm-none-eabi/lib/thumb/v7e-m+fp/hard\libc_nano.a(libc_a-impure.o)
                0x20000014                _impure_data
 *(.RamFunc)
 *(.RamFunc*)
                0x20000060                        . = ALIGN (0x4)
                0x20000060                        _edata = .
                0x0800d474                        _siccmram = LOADADDR (.ccmram)

.igot.plt       0x20000060        0x0 load address 0x0800d474
 .igot.plt      0x20000060        0x0 D:/ST/STM32CubeIDE_1.18.1/STM32CubeIDE/plugins/com.st.stm32cube.ide.mcu.externaltools.gnu-tools-for-stm32.13.3.rel1.win32_1.0.0.202411081344/tools/bin/../lib/gcc/arm-none-eabi/13.3.1/thumb/v7e-m+fp/hard/crtbegin.o

.ccmram         0x10000000        0x0 load address 0x0800d474
                0x10000000                        . = ALIGN (0x4)
                0x10000000                        _sccmram = .
 *(.ccmram)
 *(.ccmram*)
                0x10000000                        . = ALIGN (0x4)
                0x10000000                        _eccmram = .
                0x10000000                        . = ALIGN (0x4)

.bss            0x20000060     0x3100
                0x20000060                        _sbss = .
                0x20000060                        __bss_start__ = _sbss
 *(.bss)
 .bss           0x20000060       0x1c D:/ST/STM32CubeIDE_1.18.1/STM32CubeIDE/plugins/com.st.stm32cube.ide.mcu.externaltools.gnu-tools-for-stm32.13.3.rel1.win32_1.0.0.202411081344/tools/bin/../lib/gcc/arm-none-eabi/13.3.1/thumb/v7e-m+fp/hard/crtbegin.o
 *(.bss*)
 .bss.hadc1     0x2000007c       0x48 ./Core/Src/main.o
                0x2000007c                hadc1
 .bss.hdma_adc1
                0x200000c4       0x60 ./Core/Src/main.o
                0x200000c4                hdma_adc1
 .bss.hdac      0x20000124       0x14 ./Core/Src/main.o
                0x20000124                hdac
 .bss.hdma_dac1
                0x20000138       0x60 ./Core/Src/main.o
                0x20000138                hdma_dac1
 .bss.hsd       0x20000198       0x84 ./Core/Src/main.o
                0x20000198                hsd
 .bss.hspi1     0x2000021c       0x58 ./Core/Src/main.o
                0x2000021c                hspi1
 .bss.htim3     0x20000274       0x48 ./Core/Src/main.o
                0x20000274                htim3
 .bss.htim6     0x200002bc       0x48 ./Core/Src/main.o
                0x200002bc                htim6
 .bss.huart1    0x20000304       0x48 ./Core/Src/main.o
                0x20000304                huart1
 .bss.musicFile
                0x2000034c      0x230 ./Core/Src/main.o
                0x2000034c                musicFile
 .bss.dacBuffer
                0x2000057c     0x2000 ./Core/Src/main.o
                0x2000057c                dacBuffer
 .bss.wavTemp   0x2000257c      0x800 ./Core/Src/main.o
                0x2000257c                wavTemp
 .bss.sd_ready  0x20002d7c        0x1 ./Core/Src/main.o
                0x20002d7c                sd_ready
 .bss.audio_state
                0x20002d7d        0x1 ./Core/Src/main.o
                0x20002d7d                audio_state
 .bss.audio_half_req
                0x20002d7e        0x1 ./Core/Src/main.o
                0x20002d7e                audio_half_req
 .bss.audio_full_req
                0x20002d7f        0x1 ./Core/Src/main.o
                0x20002d7f                audio_full_req
 .bss.music_file_opened
                0x20002d80        0x1 ./Core/Src/main.o
                0x20002d80                music_file_opened
 .bss.audio_finished
                0x20002d81        0x1 ./Core/Src/main.o
                0x20002d81                audio_finished
 *fill*         0x20002d82        0x2 
 .bss.audio_total_samples
                0x20002d84        0x4 ./Core/Src/main.o
                0x20002d84                audio_total_samples
 .bss.audio_played_samples
                0x20002d88        0x4 ./Core/Src/main.o
                0x20002d88                audio_played_samples
 *fill*         0x20002d8c        0x4 
 .bss.Adc       0x20002d90       0x10 ./Core/Src/main.o
                0x20002d90                Adc
 .bss.Flg       0x20002da0        0x1 ./Core/Src/main.o
                0x20002da0                Flg
 *fill*         0x20002da1        0x3 
 .bss.__sbrk_heap_end
                0x20002da4        0x4 ./Core/Src/sysmem.o
 .bss.uwTick    0x20002da8        0x4 ./Drivers/STM32F4xx_HAL_Driver/Src/stm32f4xx_hal.o
                0x20002da8                uwTick
 .bss.retSD     0x20002dac        0x1 ./FATFS/App/fatfs.o
                0x20002dac                retSD
 *fill*         0x20002dad        0x3 
 .bss.SDPath    0x20002db0        0x4 ./FATFS/App/fatfs.o
                0x20002db0                SDPath
 .bss.SDFatFS   0x20002db4      0x230 ./FATFS/App/fatfs.o
                0x20002db4                SDFatFS
 .bss.FatFs     0x20002fe4        0x4 ./Middlewares/Third_Party/FatFs/src/ff.o
 .bss.Fsid      0x20002fe8        0x2 ./Middlewares/Third_Party/FatFs/src/ff.o
 *fill*         0x20002fea        0x2 
 .bss.Files     0x20002fec       0x20 ./Middlewares/Third_Party/FatFs/src/ff.o
 .bss.disk      0x2000300c        0xc ./Middlewares/Third_Party/FatFs/src/ff_gen_drv.o
                0x2000300c                disk
 .bss.__sf      0x20003018      0x138 D:/ST/STM32CubeIDE_1.18.1/STM32CubeIDE/plugins/com.st.stm32cube.ide.mcu.externaltools.gnu-tools-for-stm32.13.3.rel1.win32_1.0.0.202411081344/tools/bin/../lib/gcc/arm-none-eabi/13.3.1/../../../../arm-none-eabi/lib/thumb/v7e-m+fp/hard\libc_nano.a(libc_a-findfp.o)
                0x20003018                __sf
 .bss.errno     0x20003150        0x4 D:/ST/STM32CubeIDE_1.18.1/STM32CubeIDE/plugins/com.st.stm32cube.ide.mcu.externaltools.gnu-tools-for-stm32.13.3.rel1.win32_1.0.0.202411081344/tools/bin/../lib/gcc/arm-none-eabi/13.3.1/../../../../arm-none-eabi/lib/thumb/v7e-m+fp/hard\libc_nano.a(libc_a-reent.o)
                0x20003150                errno
 .bss.__lock___malloc_recursive_mutex
                0x20003154        0x1 D:/ST/STM32CubeIDE_1.18.1/STM32CubeIDE/plugins/com.st.stm32cube.ide.mcu.externaltools.gnu-tools-for-stm32.13.3.rel1.win32_1.0.0.202411081344/tools/bin/../lib/gcc/arm-none-eabi/13.3.1/../../../../arm-none-eabi/lib/thumb/v7e-m+fp/hard\libc_nano.a(libc_a-lock.o)
                0x20003154                __lock___malloc_recursive_mutex
 *fill*         0x20003155        0x3 
 .bss.__malloc_sbrk_start
                0x20003158        0x4 D:/ST/STM32CubeIDE_1.18.1/STM32CubeIDE/plugins/com.st.stm32cube.ide.mcu.externaltools.gnu-tools-for-stm32.13.3.rel1.win32_1.0.0.202411081344/tools/bin/../lib/gcc/arm-none-eabi/13.3.1/../../../../arm-none-eabi/lib/thumb/v7e-m+fp/hard\libc_nano.a(libc_a-mallocr.o)
                0x20003158                __malloc_sbrk_start
 .bss.__malloc_free_list
                0x2000315c        0x4 D:/ST/STM32CubeIDE_1.18.1/STM32CubeIDE/plugins/com.st.stm32cube.ide.mcu.externaltools.gnu-tools-for-stm32.13.3.rel1.win32_1.0.0.202411081344/tools/bin/../lib/gcc/arm-none-eabi/13.3.1/../../../../arm-none-eabi/lib/thumb/v7e-m+fp/hard\libc_nano.a(libc_a-mallocr.o)
                0x2000315c                __malloc_free_list
 *(COMMON)
                0x20003160                        . = ALIGN (0x4)
                0x20003160                        _ebss = .
                0x20003160                        __bss_end__ = _ebss

._user_heap_stack
                0x20003160      0x600
                0x20003160                        . = ALIGN (0x8)
                [!provide]                        PROVIDE (end = .)
                0x20003160                        PROVIDE (_end = .)
                0x20003360                        . = (. + _Min_Heap_Size)
 *fill*         0x20003160      0x200 
                0x20003760                        . = (. + _Min_Stack_Size)
 *fill*         0x20003360      0x400 
                0x20003760                        . = ALIGN (0x8)

/DISCARD/
 libc.a(*)
 libm.a(*)
 libgcc.a(*)

.ARM.attributes
                0x00000000       0x30
 *(.ARM.attributes)
 .ARM.attributes
                0x00000000       0x22 D:/ST/STM32CubeIDE_1.18.1/STM32CubeIDE/plugins/com.st.stm32cube.ide.mcu.externaltools.gnu-tools-for-stm32.13.3.rel1.win32_1.0.0.202411081344/tools/bin/../lib/gcc/arm-none-eabi/13.3.1/thumb/v7e-m+fp/hard/crti.o
 .ARM.attributes
                0x00000022       0x34 D:/ST/STM32CubeIDE_1.18.1/STM32CubeIDE/plugins/com.st.stm32cube.ide.mcu.externaltools.gnu-tools-for-stm32.13.3.rel1.win32_1.0.0.202411081344/tools/bin/../lib/gcc/arm-none-eabi/13.3.1/thumb/v7e-m+fp/hard/crtbegin.o
 .ARM.attributes
                0x00000056       0x34 ./Core/Src/LCD_Driver.o
 .ARM.attributes
                0x0000008a       0x34 ./Core/Src/LCD_lib.o
 .ARM.attributes
                0x000000be       0x34 ./Core/Src/main.o
 .ARM.attributes
                0x000000f2       0x34 ./Core/Src/stm32f4xx_hal_msp.o
 .ARM.attributes
                0x00000126       0x34 ./Core/Src/stm32f4xx_it.o
 .ARM.attributes
                0x0000015a       0x34 ./Core/Src/sysmem.o
 .ARM.attributes
                0x0000018e       0x34 ./Core/Src/system_stm32f4xx.o
 .ARM.attributes
                0x000001c2       0x34 ./Core/Src/tmpsensor.o
 .ARM.attributes
                0x000001f6       0x34 ./Core/Src/touch.o
 .ARM.attributes
                0x0000022a       0x34 ./Core/Src/xpt2046.o
 .ARM.attributes
                0x0000025e       0x21 ./Core/Startup/startup_stm32f405rgtx.o
 .ARM.attributes
                0x0000027f       0x34 ./Drivers/STM32F4xx_HAL_Driver/Src/stm32f4xx_hal.o
 .ARM.attributes
                0x000002b3       0x34 ./Drivers/STM32F4xx_HAL_Driver/Src/stm32f4xx_hal_adc.o
 .ARM.attributes
                0x000002e7       0x34 ./Drivers/STM32F4xx_HAL_Driver/Src/stm32f4xx_hal_adc_ex.o
 .ARM.attributes
                0x0000031b       0x34 ./Drivers/STM32F4xx_HAL_Driver/Src/stm32f4xx_hal_cortex.o
 .ARM.attributes
                0x0000034f       0x34 ./Drivers/STM32F4xx_HAL_Driver/Src/stm32f4xx_hal_dac.o
 .ARM.attributes
                0x00000383       0x34 ./Drivers/STM32F4xx_HAL_Driver/Src/stm32f4xx_hal_dac_ex.o
 .ARM.attributes
                0x000003b7       0x34 ./Drivers/STM32F4xx_HAL_Driver/Src/stm32f4xx_hal_dma.o
 .ARM.attributes
                0x000003eb       0x34 ./Drivers/STM32F4xx_HAL_Driver/Src/stm32f4xx_hal_gpio.o
 .ARM.attributes
                0x0000041f       0x34 ./Drivers/STM32F4xx_HAL_Driver/Src/stm32f4xx_hal_rcc.o
 .ARM.attributes
                0x00000453       0x34 ./Drivers/STM32F4xx_HAL_Driver/Src/stm32f4xx_hal_sd.o
 .ARM.attributes
                0x00000487       0x34 ./Drivers/STM32F4xx_HAL_Driver/Src/stm32f4xx_hal_spi.o
 .ARM.attributes
                0x000004bb       0x34 ./Drivers/STM32F4xx_HAL_Driver/Src/stm32f4xx_hal_tim.o
 .ARM.attributes
                0x000004ef       0x34 ./Drivers/STM32F4xx_HAL_Driver/Src/stm32f4xx_hal_tim_ex.o
 .ARM.attributes
                0x00000523       0x34 ./Drivers/STM32F4xx_HAL_Driver/Src/stm32f4xx_hal_uart.o
 .ARM.attributes
                0x00000557       0x34 ./Drivers/STM32F4xx_HAL_Driver/Src/stm32f4xx_ll_sdmmc.o
 .ARM.attributes
                0x0000058b       0x34 ./FATFS/App/fatfs.o
 .ARM.attributes
                0x000005bf       0x34 ./FATFS/Target/bsp_driver_sd.o
 .ARM.attributes
                0x000005f3       0x34 ./FATFS/Target/sd_diskio.o
 .ARM.attributes
                0x00000627       0x34 ./Middlewares/Third_Party/FatFs/src/diskio.o
 .ARM.attributes
                0x0000065b       0x34 ./Middlewares/Third_Party/FatFs/src/ff.o
 .ARM.attributes
                0x0000068f       0x34 ./Middlewares/Third_Party/FatFs/src/ff_gen_drv.o
 .ARM.attributes
                0x000006c3       0x34 D:/ST/STM32CubeIDE_1.18.1/STM32CubeIDE/plugins/com.st.stm32cube.ide.mcu.externaltools.gnu-tools-for-stm32.13.3.rel1.win32_1.0.0.202411081344/tools/bin/../lib/gcc/arm-none-eabi/13.3.1/../../../../arm-none-eabi/lib/thumb/v7e-m+fp/hard\libc_nano.a(libc_a-findfp.o)
 .ARM.attributes
                0x000006f7       0x34 D:/ST/STM32CubeIDE_1.18.1/STM32CubeIDE/plugins/com.st.stm32cube.ide.mcu.externaltools.gnu-tools-for-stm32.13.3.rel1.win32_1.0.0.202411081344/tools/bin/../lib/gcc/arm-none-eabi/13.3.1/../../../../arm-none-eabi/lib/thumb/v7e-m+fp/hard\libc_nano.a(libc_a-snprintf.o)
 .ARM.attributes
                0x0000072b       0x34 D:/ST/STM32CubeIDE_1.18.1/STM32CubeIDE/plugins/com.st.stm32cube.ide.mcu.externaltools.gnu-tools-for-stm32.13.3.rel1.win32_1.0.0.202411081344/tools/bin/../lib/gcc/arm-none-eabi/13.3.1/../../../../arm-none-eabi/lib/thumb/v7e-m+fp/hard\libc_nano.a(libc_a-sprintf.o)
 .ARM.attributes
                0x0000075f       0x34 D:/ST/STM32CubeIDE_1.18.1/STM32CubeIDE/plugins/com.st.stm32cube.ide.mcu.externaltools.gnu-tools-for-stm32.13.3.rel1.win32_1.0.0.202411081344/tools/bin/../lib/gcc/arm-none-eabi/13.3.1/../../../../arm-none-eabi/lib/thumb/v7e-m+fp/hard\libc_nano.a(libc_a-memcmp.o)
 .ARM.attributes
                0x00000793       0x34 D:/ST/STM32CubeIDE_1.18.1/STM32CubeIDE/plugins/com.st.stm32cube.ide.mcu.externaltools.gnu-tools-for-stm32.13.3.rel1.win32_1.0.0.202411081344/tools/bin/../lib/gcc/arm-none-eabi/13.3.1/../../../../arm-none-eabi/lib/thumb/v7e-m+fp/hard\libc_nano.a(libc_a-memset.o)
 .ARM.attributes
                0x000007c7       0x34 D:/ST/STM32CubeIDE_1.18.1/STM32CubeIDE/plugins/com.st.stm32cube.ide.mcu.externaltools.gnu-tools-for-stm32.13.3.rel1.win32_1.0.0.202411081344/tools/bin/../lib/gcc/arm-none-eabi/13.3.1/../../../../arm-none-eabi/lib/thumb/v7e-m+fp/hard\libc_nano.a(libc_a-reent.o)
 .ARM.attributes
                0x000007fb       0x34 D:/ST/STM32CubeIDE_1.18.1/STM32CubeIDE/plugins/com.st.stm32cube.ide.mcu.externaltools.gnu-tools-for-stm32.13.3.rel1.win32_1.0.0.202411081344/tools/bin/../lib/gcc/arm-none-eabi/13.3.1/../../../../arm-none-eabi/lib/thumb/v7e-m+fp/hard\libc_nano.a(libc_a-impure.o)
 .ARM.attributes
                0x0000082f       0x34 D:/ST/STM32CubeIDE_1.18.1/STM32CubeIDE/plugins/com.st.stm32cube.ide.mcu.externaltools.gnu-tools-for-stm32.13.3.rel1.win32_1.0.0.202411081344/tools/bin/../lib/gcc/arm-none-eabi/13.3.1/../../../../arm-none-eabi/lib/thumb/v7e-m+fp/hard\libc_nano.a(libc_a-errno.o)
 .ARM.attributes
                0x00000863       0x34 D:/ST/STM32CubeIDE_1.18.1/STM32CubeIDE/plugins/com.st.stm32cube.ide.mcu.externaltools.gnu-tools-for-stm32.13.3.rel1.win32_1.0.0.202411081344/tools/bin/../lib/gcc/arm-none-eabi/13.3.1/../../../../arm-none-eabi/lib/thumb/v7e-m+fp/hard\libc_nano.a(libc_a-init.o)
 .ARM.attributes
                0x00000897       0x34 D:/ST/STM32CubeIDE_1.18.1/STM32CubeIDE/plugins/com.st.stm32cube.ide.mcu.externaltools.gnu-tools-for-stm32.13.3.rel1.win32_1.0.0.202411081344/tools/bin/../lib/gcc/arm-none-eabi/13.3.1/../../../../arm-none-eabi/lib/thumb/v7e-m+fp/hard\libc_nano.a(libc_a-lock.o)
 .ARM.attributes
                0x000008cb       0x34 D:/ST/STM32CubeIDE_1.18.1/STM32CubeIDE/plugins/com.st.stm32cube.ide.mcu.externaltools.gnu-tools-for-stm32.13.3.rel1.win32_1.0.0.202411081344/tools/bin/../lib/gcc/arm-none-eabi/13.3.1/../../../../arm-none-eabi/lib/thumb/v7e-m+fp/hard\libc_nano.a(libc_a-strcpy.o)
 .ARM.attributes
                0x000008ff       0x34 D:/ST/STM32CubeIDE_1.18.1/STM32CubeIDE/plugins/com.st.stm32cube.ide.mcu.externaltools.gnu-tools-for-stm32.13.3.rel1.win32_1.0.0.202411081344/tools/bin/../lib/gcc/arm-none-eabi/13.3.1/../../../../arm-none-eabi/lib/thumb/v7e-m+fp/hard\libc_nano.a(libc_a-freer.o)
 .ARM.attributes
                0x00000933       0x34 D:/ST/STM32CubeIDE_1.18.1/STM32CubeIDE/plugins/com.st.stm32cube.ide.mcu.externaltools.gnu-tools-for-stm32.13.3.rel1.win32_1.0.0.202411081344/tools/bin/../lib/gcc/arm-none-eabi/13.3.1/../../../../arm-none-eabi/lib/thumb/v7e-m+fp/hard\libc_nano.a(libc_a-mallocr.o)
 .ARM.attributes
                0x00000967       0x34 D:/ST/STM32CubeIDE_1.18.1/STM32CubeIDE/plugins/com.st.stm32cube.ide.mcu.externaltools.gnu-tools-for-stm32.13.3.rel1.win32_1.0.0.202411081344/tools/bin/../lib/gcc/arm-none-eabi/13.3.1/../../../../arm-none-eabi/lib/thumb/v7e-m+fp/hard\libc_nano.a(libc_a-mlock.o)
 .ARM.attributes
                0x0000099b       0x34 D:/ST/STM32CubeIDE_1.18.1/STM32CubeIDE/plugins/com.st.stm32cube.ide.mcu.externaltools.gnu-tools-for-stm32.13.3.rel1.win32_1.0.0.202411081344/tools/bin/../lib/gcc/arm-none-eabi/13.3.1/../../../../arm-none-eabi/lib/thumb/v7e-m+fp/hard\libc_nano.a(libc_a-nano-svfprintf.o)
 .ARM.attributes
                0x000009cf       0x34 D:/ST/STM32CubeIDE_1.18.1/STM32CubeIDE/plugins/com.st.stm32cube.ide.mcu.externaltools.gnu-tools-for-stm32.13.3.rel1.win32_1.0.0.202411081344/tools/bin/../lib/gcc/arm-none-eabi/13.3.1/../../../../arm-none-eabi/lib/thumb/v7e-m+fp/hard\libc_nano.a(libc_a-nano-vfprintf_i.o)
 .ARM.attributes
                0x00000a03       0x34 D:/ST/STM32CubeIDE_1.18.1/STM32CubeIDE/plugins/com.st.stm32cube.ide.mcu.externaltools.gnu-tools-for-stm32.13.3.rel1.win32_1.0.0.202411081344/tools/bin/../lib/gcc/arm-none-eabi/13.3.1/../../../../arm-none-eabi/lib/thumb/v7e-m+fp/hard\libc_nano.a(libc_a-memmove.o)
 .ARM.attributes
                0x00000a37       0x34 D:/ST/STM32CubeIDE_1.18.1/STM32CubeIDE/plugins/com.st.stm32cube.ide.mcu.externaltools.gnu-tools-for-stm32.13.3.rel1.win32_1.0.0.202411081344/tools/bin/../lib/gcc/arm-none-eabi/13.3.1/../../../../arm-none-eabi/lib/thumb/v7e-m+fp/hard\libc_nano.a(libc_a-sbrkr.o)
 .ARM.attributes
                0x00000a6b       0x1c D:/ST/STM32CubeIDE_1.18.1/STM32CubeIDE/plugins/com.st.stm32cube.ide.mcu.externaltools.gnu-tools-for-stm32.13.3.rel1.win32_1.0.0.202411081344/tools/bin/../lib/gcc/arm-none-eabi/13.3.1/../../../../arm-none-eabi/lib/thumb/v7e-m+fp/hard\libc_nano.a(libc_a-memchr.o)
 .ARM.attributes
                0x00000a87       0x34 D:/ST/STM32CubeIDE_1.18.1/STM32CubeIDE/plugins/com.st.stm32cube.ide.mcu.externaltools.gnu-tools-for-stm32.13.3.rel1.win32_1.0.0.202411081344/tools/bin/../lib/gcc/arm-none-eabi/13.3.1/../../../../arm-none-eabi/lib/thumb/v7e-m+fp/hard\libc_nano.a(libc_a-memcpy-stub.o)
 .ARM.attributes
                0x00000abb       0x34 D:/ST/STM32CubeIDE_1.18.1/STM32CubeIDE/plugins/com.st.stm32cube.ide.mcu.externaltools.gnu-tools-for-stm32.13.3.rel1.win32_1.0.0.202411081344/tools/bin/../lib/gcc/arm-none-eabi/13.3.1/../../../../arm-none-eabi/lib/thumb/v7e-m+fp/hard\libc_nano.a(libc_a-reallocr.o)
 .ARM.attributes
                0x00000aef       0x34 D:/ST/STM32CubeIDE_1.18.1/STM32CubeIDE/plugins/com.st.stm32cube.ide.mcu.externaltools.gnu-tools-for-stm32.13.3.rel1.win32_1.0.0.202411081344/tools/bin/../lib/gcc/arm-none-eabi/13.3.1/../../../../arm-none-eabi/lib/thumb/v7e-m+fp/hard\libc_nano.a(libc_a-msizer.o)
 .ARM.attributes
                0x00000b23       0x22 D:/ST/STM32CubeIDE_1.18.1/STM32CubeIDE/plugins/com.st.stm32cube.ide.mcu.externaltools.gnu-tools-for-stm32.13.3.rel1.win32_1.0.0.202411081344/tools/bin/../lib/gcc/arm-none-eabi/13.3.1/thumb/v7e-m+fp/hard\libgcc.a(_arm_addsubdf3.o)
 .ARM.attributes
                0x00000b45       0x22 D:/ST/STM32CubeIDE_1.18.1/STM32CubeIDE/plugins/com.st.stm32cube.ide.mcu.externaltools.gnu-tools-for-stm32.13.3.rel1.win32_1.0.0.202411081344/tools/bin/../lib/gcc/arm-none-eabi/13.3.1/thumb/v7e-m+fp/hard\libgcc.a(_arm_muldivdf3.o)
 .ARM.attributes
                0x00000b67       0x22 D:/ST/STM32CubeIDE_1.18.1/STM32CubeIDE/plugins/com.st.stm32cube.ide.mcu.externaltools.gnu-tools-for-stm32.13.3.rel1.win32_1.0.0.202411081344/tools/bin/../lib/gcc/arm-none-eabi/13.3.1/thumb/v7e-m+fp/hard\libgcc.a(_arm_fixdfsi.o)
 .ARM.attributes
                0x00000b89       0x22 D:/ST/STM32CubeIDE_1.18.1/STM32CubeIDE/plugins/com.st.stm32cube.ide.mcu.externaltools.gnu-tools-for-stm32.13.3.rel1.win32_1.0.0.202411081344/tools/bin/../lib/gcc/arm-none-eabi/13.3.1/thumb/v7e-m+fp/hard\libgcc.a(_aeabi_uldivmod.o)
 .ARM.attributes
                0x00000bab       0x34 D:/ST/STM32CubeIDE_1.18.1/STM32CubeIDE/plugins/com.st.stm32cube.ide.mcu.externaltools.gnu-tools-for-stm32.13.3.rel1.win32_1.0.0.202411081344/tools/bin/../lib/gcc/arm-none-eabi/13.3.1/thumb/v7e-m+fp/hard\libgcc.a(_udivmoddi4.o)
 .ARM.attributes
                0x00000bdf       0x22 D:/ST/STM32CubeIDE_1.18.1/STM32CubeIDE/plugins/com.st.stm32cube.ide.mcu.externaltools.gnu-tools-for-stm32.13.3.rel1.win32_1.0.0.202411081344/tools/bin/../lib/gcc/arm-none-eabi/13.3.1/thumb/v7e-m+fp/hard\libgcc.a(_dvmd_tls.o)
 .ARM.attributes
                0x00000c01       0x22 D:/ST/STM32CubeIDE_1.18.1/STM32CubeIDE/plugins/com.st.stm32cube.ide.mcu.externaltools.gnu-tools-for-stm32.13.3.rel1.win32_1.0.0.202411081344/tools/bin/../lib/gcc/arm-none-eabi/13.3.1/thumb/v7e-m+fp/hard/crtn.o
OUTPUT(project.elf elf32-littlearm)
LOAD linker stubs
LOAD D:/ST/STM32CubeIDE_1.18.1/STM32CubeIDE/plugins/com.st.stm32cube.ide.mcu.externaltools.gnu-tools-for-stm32.13.3.rel1.win32_1.0.0.202411081344/tools/bin/../lib/gcc/arm-none-eabi/13.3.1/../../../../arm-none-eabi/lib/thumb/v7e-m+fp/hard\libc.a
LOAD D:/ST/STM32CubeIDE_1.18.1/STM32CubeIDE/plugins/com.st.stm32cube.ide.mcu.externaltools.gnu-tools-for-stm32.13.3.rel1.win32_1.0.0.202411081344/tools/bin/../lib/gcc/arm-none-eabi/13.3.1/../../../../arm-none-eabi/lib/thumb/v7e-m+fp/hard\libm.a
LOAD D:/ST/STM32CubeIDE_1.18.1/STM32CubeIDE/plugins/com.st.stm32cube.ide.mcu.externaltools.gnu-tools-for-stm32.13.3.rel1.win32_1.0.0.202411081344/tools/bin/../lib/gcc/arm-none-eabi/13.3.1/thumb/v7e-m+fp/hard\libgcc.a

.debug_info     0x00000000    0x1be6f
 .debug_info    0x00000000      0xf75 ./Core/Src/LCD_Driver.o
 .debug_info    0x00000f75       0xeb ./Core/Src/LCD_lib.o
 .debug_info    0x00001060     0x2c06 ./Core/Src/main.o
 .debug_info    0x00003c66     0x1bc8 ./Core/Src/stm32f4xx_hal_msp.o
 .debug_info    0x0000582e      0xa17 ./Core/Src/stm32f4xx_it.o
 .debug_info    0x00006245      0x168 ./Core/Src/sysmem.o
 .debug_info    0x000063ad      0x512 ./Core/Src/system_stm32f4xx.o
 .debug_info    0x000068bf       0xf3 ./Core/Src/tmpsensor.o
 .debug_info    0x000069b2      0x5e1 ./Core/Src/touch.o
 .debug_info    0x00006f93      0x8c3 ./Core/Src/xpt2046.o
 .debug_info    0x00007856       0x30 ./Core/Startup/startup_stm32f405rgtx.o
 .debug_info    0x00007886      0x932 ./Drivers/STM32F4xx_HAL_Driver/Src/stm32f4xx_hal.o
 .debug_info    0x000081b8      0xce3 ./Drivers/STM32F4xx_HAL_Driver/Src/stm32f4xx_hal_adc.o
 .debug_info    0x00008e9b      0xb68 ./Drivers/STM32F4xx_HAL_Driver/Src/stm32f4xx_hal_adc_ex.o
 .debug_info    0x00009a03      0xd7a ./Drivers/STM32F4xx_HAL_Driver/Src/stm32f4xx_hal_cortex.o
 .debug_info    0x0000a77d      0xa01 ./Drivers/STM32F4xx_HAL_Driver/Src/stm32f4xx_hal_dac.o
 .debug_info    0x0000b17e      0x750 ./Drivers/STM32F4xx_HAL_Driver/Src/stm32f4xx_hal_dac_ex.o
 .debug_info    0x0000b8ce      0x8e7 ./Drivers/STM32F4xx_HAL_Driver/Src/stm32f4xx_hal_dma.o
 .debug_info    0x0000c1b5      0x6c3 ./Drivers/STM32F4xx_HAL_Driver/Src/stm32f4xx_hal_gpio.o
 .debug_info    0x0000c878      0x8c3 ./Drivers/STM32F4xx_HAL_Driver/Src/stm32f4xx_hal_rcc.o
 .debug_info    0x0000d13b     0x1bfb ./Drivers/STM32F4xx_HAL_Driver/Src/stm32f4xx_hal_sd.o
 .debug_info    0x0000ed36     0x1525 ./Drivers/STM32F4xx_HAL_Driver/Src/stm32f4xx_hal_spi.o
 .debug_info    0x0001025b     0x299d ./Drivers/STM32F4xx_HAL_Driver/Src/stm32f4xx_hal_tim.o
 .debug_info    0x00012bf8     0x14db ./Drivers/STM32F4xx_HAL_Driver/Src/stm32f4xx_hal_tim_ex.o
 .debug_info    0x000140d3     0x2f4f ./Drivers/STM32F4xx_HAL_Driver/Src/stm32f4xx_hal_uart.o
 .debug_info    0x00017022     0x10c4 ./Drivers/STM32F4xx_HAL_Driver/Src/stm32f4xx_ll_sdmmc.o
 .debug_info    0x000180e6      0x4d9 ./FATFS/App/fatfs.o
 .debug_info    0x000185bf      0xabd ./FATFS/Target/bsp_driver_sd.o
 .debug_info    0x0001907c      0x4b8 ./FATFS/Target/sd_diskio.o