Archive member included to satisfy reference by file (symbol)

C:/ST/STM32CubeIDE_1.18.1/STM32CubeIDE/plugins/com.st.stm32cube.ide.mcu.externaltools.gnu-tools-for-stm32.13.3.rel1.win32_1.0.0.202411081344/tools/bin/../lib/gcc/arm-none-eabi/13.3.1/../../../../arm-none-eabi/lib/thumb/v7e-m+fp/hard\libc_nano.a(libc_a-exit.o)
                              C:/ST/STM32CubeIDE_1.18.1/STM32CubeIDE/plugins/com.st.stm32cube.ide.mcu.externaltools.gnu-tools-for-stm32.13.3.rel1.win32_1.0.0.202411081344/tools/bin/../lib/gcc/arm-none-eabi/13.3.1/../../../../arm-none-eabi/lib/thumb/v7e-m+fp/hard/crt0.o (exit)
C:/ST/STM32CubeIDE_1.18.1/STM32CubeIDE/plugins/com.st.stm32cube.ide.mcu.externaltools.gnu-tools-for-stm32.13.3.rel1.win32_1.0.0.202411081344/tools/bin/../lib/gcc/arm-none-eabi/13.3.1/../../../../arm-none-eabi/lib/thumb/v7e-m+fp/hard\libc_nano.a(libc_a-findfp.o)
                              C:/ST/STM32CubeIDE_1.18.1/STM32CubeIDE/plugins/com.st.stm32cube.ide.mcu.externaltools.gnu-tools-for-stm32.13.3.rel1.win32_1.0.0.202411081344/tools/bin/../lib/gcc/arm-none-eabi/13.3.1/../../../../arm-none-eabi/lib/thumb/v7e-m+fp/hard\libc_nano.a(libc_a-exit.o) (__stdio_exit_handler)
C:/ST/STM32CubeIDE_1.18.1/STM32CubeIDE/plugins/com.st.stm32cube.ide.mcu.externaltools.gnu-tools-for-stm32.13.3.rel1.win32_1.0.0.202411081344/tools/bin/../lib/gcc/arm-none-eabi/13.3.1/../../../../arm-none-eabi/lib/thumb/v7e-m+fp/hard\libc_nano.a(libc_a-fwalk.o)
                              C:/ST/STM32CubeIDE_1.18.1/STM32CubeIDE/plugins/com.st.stm32cube.ide.mcu.externaltools.gnu-tools-for-stm32.13.3.rel1.win32_1.0.0.202411081344/tools/bin/../lib/gcc/arm-none-eabi/13.3.1/../../../../arm-none-eabi/lib/thumb/v7e-m+fp/hard\libc_nano.a(libc_a-findfp.o) (_fwalk_sglue)
C:/ST/STM32CubeIDE_1.18.1/STM32CubeIDE/plugins/com.st.stm32cube.ide.mcu.externaltools.gnu-tools-for-stm32.13.3.rel1.win32_1.0.0.202411081344/tools/bin/../lib/gcc/arm-none-eabi/13.3.1/../../../../arm-none-eabi/lib/thumb/v7e-m+fp/hard\libc_nano.a(libc_a-sprintf.o)
                              ./Core/Src/main.o (sprintf)
C:/ST/STM32CubeIDE_1.18.1/STM32CubeIDE/plugins/com.st.stm32cube.ide.mcu.externaltools.gnu-tools-for-stm32.13.3.rel1.win32_1.0.0.202411081344/tools/bin/../lib/gcc/arm-none-eabi/13.3.1/../../../../arm-none-eabi/lib/thumb/v7e-m+fp/hard\libc_nano.a(libc_a-stdio.o)
                              C:/ST/STM32CubeIDE_1.18.1/STM32CubeIDE/plugins/com.st.stm32cube.ide.mcu.externaltools.gnu-tools-for-stm32.13.3.rel1.win32_1.0.0.202411081344/tools/bin/../lib/gcc/arm-none-eabi/13.3.1/../../../../arm-none-eabi/lib/thumb/v7e-m+fp/hard\libc_nano.a(libc_a-findfp.o) (__sread)
C:/ST/STM32CubeIDE_1.18.1/STM32CubeIDE/plugins/com.st.stm32cube.ide.mcu.externaltools.gnu-tools-for-stm32.13.3.rel1.win32_1.0.0.202411081344/tools/bin/../lib/gcc/arm-none-eabi/13.3.1/../../../../arm-none-eabi/lib/thumb/v7e-m+fp/hard\libc_nano.a(libc_a-memcmp.o)
                              ./Core/Src/main.o (memcmp)
C:/ST/STM32CubeIDE_1.18.1/STM32CubeIDE/plugins/com.st.stm32cube.ide.mcu.externaltools.gnu-tools-for-stm32.13.3.rel1.win32_1.0.0.202411081344/tools/bin/../lib/gcc/arm-none-eabi/13.3.1/../../../../arm-none-eabi/lib/thumb/v7e-m+fp/hard\libc_nano.a(libc_a-memset.o)
                              C:/ST/STM32CubeIDE_1.18.1/STM32CubeIDE/plugins/com.st.stm32cube.ide.mcu.externaltools.gnu-tools-for-stm32.13.3.rel1.win32_1.0.0.202411081344/tools/bin/../lib/gcc/arm-none-eabi/13.3.1/../../../../arm-none-eabi/lib/thumb/v7e-m+fp/hard/crt0.o (memset)
C:/ST/STM32CubeIDE_1.18.1/STM32CubeIDE/plugins/com.st.stm32cube.ide.mcu.externaltools.gnu-tools-for-stm32.13.3.rel1.win32_1.0.0.202411081344/tools/bin/../lib/gcc/arm-none-eabi/13.3.1/../../../../arm-none-eabi/lib/thumb/v7e-m+fp/hard\libc_nano.a(libc_a-closer.o)
                              C:/ST/STM32CubeIDE_1.18.1/STM32CubeIDE/plugins/com.st.stm32cube.ide.mcu.externaltools.gnu-tools-for-stm32.13.3.rel1.win32_1.0.0.202411081344/tools/bin/../lib/gcc/arm-none-eabi/13.3.1/../../../../arm-none-eabi/lib/thumb/v7e-m+fp/hard\libc_nano.a(libc_a-stdio.o) (_close_r)
C:/ST/STM32CubeIDE_1.18.1/STM32CubeIDE/plugins/com.st.stm32cube.ide.mcu.externaltools.gnu-tools-for-stm32.13.3.rel1.win32_1.0.0.202411081344/tools/bin/../lib/gcc/arm-none-eabi/13.3.1/../../../../arm-none-eabi/lib/thumb/v7e-m+fp/hard\libc_nano.a(libc_a-reent.o)
                              C:/ST/STM32CubeIDE_1.18.1/STM32CubeIDE/plugins/com.st.stm32cube.ide.mcu.externaltools.gnu-tools-for-stm32.13.3.rel1.win32_1.0.0.202411081344/tools/bin/../lib/gcc/arm-none-eabi/13.3.1/../../../../arm-none-eabi/lib/thumb/v7e-m+fp/hard\libc_nano.a(libc_a-closer.o) (errno)
C:/ST/STM32CubeIDE_1.18.1/STM32CubeIDE/plugins/com.st.stm32cube.ide.mcu.externaltools.gnu-tools-for-stm32.13.3.rel1.win32_1.0.0.202411081344/tools/bin/../lib/gcc/arm-none-eabi/13.3.1/../../../../arm-none-eabi/lib/thumb/v7e-m+fp/hard\libc_nano.a(libc_a-impure.o)
[...]
Memory Configuration

Name             Origin             Length             Attributes
CCMRAM           0x10000000         0x00010000         xrw
RAM              0x20000000         0x00020000         xrw
FLASH            0x08000000         0x00100000         xr
*default*        0x00000000         0xffffffff

Linker script and memory map

LOAD C:/ST/STM32CubeIDE_1.18.1/STM32CubeIDE/plugins/com.st.stm32cube.ide.mcu.externaltools.gnu-tools-for-stm32.13.3.rel1.win32_1.0.0.202411081344/tools/bin/../lib/gcc/arm-none-eabi/13.3.1/thumb/v7e-m+fp/hard/crti.o
LOAD C:/ST/STM32CubeIDE_1.18.1/STM32CubeIDE/plugins/com.st.stm32cube.ide.mcu.externaltools.gnu-tools-for-stm32.13.3.rel1.win32_1.0.0.202411081344/tools/bin/../lib/gcc/arm-none-eabi/13.3.1/thumb/v7e-m+fp/hard/crtbegin.o
LOAD C:/ST/STM32CubeIDE_1.18.1/STM32CubeIDE/plugins/com.st.stm32cube.ide.mcu.externaltools.gnu-tools-for-stm32.13.3.rel1.win32_1.0.0.202411081344/tools/bin/../lib/gcc/arm-none-eabi/13.3.1/../../../../arm-none-eabi/lib/thumb/v7e-m+fp/hard/crt0.o
LOAD ./Core/Src/LCD_Driver.o
LOAD ./Core/Src/LCD_lib.o
LOAD ./Core/Src/main.o
LOAD ./Core/Src/stm32f4xx_hal_msp.o
LOAD ./Core/Src/stm32f4xx_it.o
LOAD ./Core/Src/syscalls.o
LOAD ./Core/Src/sysmem.o
LOAD ./Core/Src/system_stm32f4xx.o
LOAD ./Core/Src/tmpsensor.o
LOAD ./Core/Src/touch.o
LOAD ./Core/Src/xpt2046.o
LOAD ./Core/Startup/startup_stm32f405rgtx.o
LOAD ./Drivers/STM32F4xx_HAL_Driver/Src/stm32f4xx_hal.o
LOAD ./Drivers/STM32F4xx_HAL_Driver/Src/stm32f4xx_hal_adc.o
LOAD ./Drivers/STM32F4xx_HAL_Driver/Src/stm32f4xx_hal_adc_ex.o
LOAD ./Drivers/STM32F4xx_HAL_Driver/Src/stm32f4xx_hal_cortex.o
LOAD ./Drivers/STM32F4xx_HAL_Driver/Src/stm32f4xx_hal_dac.o
LOAD ./Drivers/STM32F4xx_HAL_Driver/Src/stm32f4xx_hal_dac_ex.o
LOAD ./Drivers/STM32F4xx_HAL_Driver/Src/stm32f4xx_hal_dma.o
LOAD ./Drivers/STM32F4xx_HAL_Driver/Src/stm32f4xx_hal_dma_ex.o
LOAD ./Drivers/STM32F4xx_HAL_Driver/Src/stm32f4xx_hal_exti.o
LOAD ./Drivers/STM32F4xx_HAL_Driver/Src/stm32f4xx_hal_flash.o
LOAD ./Drivers/STM32F4xx_HAL_Driver/Src/stm32f4xx_hal_flash_ex.o
LOAD ./Drivers/STM32F4xx_HAL_Driver/Src/stm32f4xx_hal_flash_ramfunc.o
LOAD ./Drivers/STM32F4xx_HAL_Driver/Src/stm32f4xx_hal_gpio.o
LOAD ./Drivers/STM32F4xx_HAL_Driver/Src/stm32f4xx_hal_mmc.o
LOAD ./Drivers/STM32F4xx_HAL_Driver/Src/stm32f4xx_hal_pwr.o
LOAD ./Drivers/STM32F4xx_HAL_Driver/Src/stm32f4xx_hal_pwr_ex.o
LOAD ./Drivers/STM32F4xx_HAL_Driver/Src/stm32f4xx_hal_rcc.o
LOAD ./Drivers/STM32F4xx_HAL_Driver/Src/stm32f4xx_hal_rcc_ex.o
LOAD ./Drivers/STM32F4xx_HAL_Driver/Src/stm32f4xx_hal_sd.o
LOAD ./Drivers/STM32F4xx_HAL_Driver/Src/stm32f4xx_hal_spi.o
LOAD ./Drivers/STM32F4xx_HAL_Driver/Src/stm32f4xx_hal_tim.o
LOAD ./Drivers/STM32F4xx_HAL_Driver/Src/stm32f4xx_hal_tim_ex.o
LOAD ./Drivers/STM32F4xx_HAL_Driver/Src/stm32f4xx_hal_uart.o
LOAD ./Drivers/STM32F4xx_HAL_Driver/Src/stm32f4xx_ll_adc.o
LOAD ./Drivers/STM32F4xx_HAL_Driver/Src/stm32f4xx_ll_sdmmc.o
LOAD ./FATFS/App/fatfs.o
LOAD ./FATFS/Target/bsp_driver_sd.o
LOAD ./FATFS/Target/sd_diskio.o
LOAD ./Middlewares/Third_Party/FatFs/src/diskio.o
LOAD ./Middlewares/Third_Party/FatFs/src/ff.o
LOAD ./Middlewares/Third_Party/FatFs/src/ff_gen_drv.o
LOAD ./Middlewares/Third_Party/FatFs/src/option/syscall.o
START GROUP
LOAD C:/ST/STM32CubeIDE_1.18.1/STM32CubeIDE/plugins/com.st.stm32cube.ide.mcu.externaltools.gnu-tools-for-stm32.13.3.rel1.win32_1.0.0.202411081344/tools/bin/../lib/gcc/arm-none-eabi/13.3.1/../../../../arm-none-eabi/lib/thumb/v7e-m+fp/hard\libc_nano.a
LOAD C:/ST/STM32CubeIDE_1.18.1/STM32CubeIDE/plugins/com.st.stm32cube.ide.mcu.externaltools.gnu-tools-for-stm32.13.3.rel1.win32_1.0.0.202411081344/tools/bin/../lib/gcc/arm-none-eabi/13.3.1/../../../../arm-none-eabi/lib/thumb/v7e-m+fp/hard\libm.a
END GROUP
START GROUP
LOAD C:/ST/STM32CubeIDE_1.18.1/STM32CubeIDE/plugins/com.st.stm32cube.ide.mcu.externaltools.gnu-tools-for-stm32.13.3.rel1.win32_1.0.0.202411081344/tools/bin/../lib/gcc/arm-none-eabi/13.3.1/thumb/v7e-m+fp/hard\libgcc.a
LOAD C:/ST/STM32CubeIDE_1.18.1/STM32CubeIDE/plugins/com.st.stm32cube.ide.mcu.externaltools.gnu-tools-for-stm32.13.3.rel1.win32_1.0.0.202411081344/tools/bin/../lib/gcc/arm-none-eabi/13.3.1/../../../../arm-none-eabi/lib/thumb/v7e-m+fp/hard\libc_nano.a
END GROUP
START GROUP
LOAD C:/ST/STM32CubeIDE_1.18.1/STM32CubeIDE/plugins/com.st.stm32cube.ide.mcu.externaltools.gnu-tools-for-stm32.13.3.rel1.win32_1.0.0.202411081344/tools/bin/../lib/gcc/arm-none-eabi/13.3.1/thumb/v7e-m+fp/hard\libgcc.a
LOAD C:/ST/STM32CubeIDE_1.18.1/STM32CubeIDE/plugins/com.st.stm32cube.ide.mcu.externaltools.gnu-tools-for-stm32.13.3.rel1.win32_1.0.0.202411081344/tools/bin/../lib/gcc/arm-none-eabi/13.3.1/../../../../arm-none-eabi/lib/thumb/v7e-m+fp/hard\libc_nano.a
LOAD C:/ST/STM32CubeIDE_1.18.1/STM32CubeIDE/plugins/com.st.stm32cube.ide.mcu.externaltools.gnu-tools-for-stm32.13.3.rel1.win32_1.0.0.202411081344/tools/bin/../lib/gcc/arm-none-eabi/13.3.1/../../../../arm-none-eabi/lib/thumb/v7e-m+fp/hard\libnosys.a
END GROUP
START GROUP
LOAD C:/ST/STM32CubeIDE_1.18.1/STM32CubeIDE/plugins/com.st.stm32cube.ide.mcu.externaltools.gnu-tools-for-stm32.13.3.rel1.win32_1.0.0.202411081344/tools/bin/../lib/gcc/arm-none-eabi/13.3.1/thumb/v7e-m+fp/hard\libgcc.a
LOAD C:/ST/STM32CubeIDE_1.18.1/STM32CubeIDE/plugins/com.st.stm32cube.ide.mcu.externaltools.gnu-tools-for-stm32.13.3.rel1.win32_1.0.0.202411081344/tools/bin/../lib/gcc/arm-none-eabi/13.3.1/../../../../arm-none-eabi/lib/thumb/v7e-m+fp/hard\libc_nano.a
LOAD C:/ST/STM32CubeIDE_1.18.1/STM32CubeIDE/plugins/com.st.stm32cube.ide.mcu.externaltools.gnu-tools-for-stm32.13.3.rel1.win32_1.0.0.202411081344/tools/bin/../lib/gcc/arm-none-eabi/13.3.1/../../../../arm-none-eabi/lib/thumb/v7e-m+fp/hard\libnosys.a
END GROUP
LOAD C:/ST/STM32CubeIDE_1.18.1/STM32CubeIDE/plugins/com.st.stm32cube.ide.mcu.externaltools.gnu-tools-for-stm32.13.3.rel1.win32_1.0.0.202411081344/tools/bin/../lib/gcc/arm-none-eabi/13.3.1/thumb/v7e-m+fp/hard/crtend.o
LOAD C:/ST/STM32CubeIDE_1.18.1/STM32CubeIDE/plugins/com.st.stm32cube.ide.mcu.externaltools.gnu-tools-for-stm32.13.3.rel1.win32_1.0.0.202411081344/tools/bin/../lib/gcc/arm-none-eabi/13.3.1/thumb/v7e-m+fp/hard/crtn.o
                0x20020000                        _estack = (ORIGIN (RAM) + LENGTH (RAM))
                0x00000200                        _Min_Heap_Size = 0x200
                0x00000400                        _Min_Stack_Size = 0x400

.isr_vector     0x08000000      0x188
                0x08000000                        . = ALIGN (0x4)
 *(.isr_vector)
 .isr_vector    0x08000000      0x188 ./Core/Startup/startup_stm32f405rgtx.o
                0x08000000                g_pfnVectors
                0x08000188                        . = ALIGN (0x4)

.text           0x08000190     0xc548
                0x08000190                        . = ALIGN (0x4)
 *(.text)
 .text          0x08000190       0x40 C:/ST/STM32CubeIDE_1.18.1/STM32CubeIDE/plugins/com.st.stm32cube.ide.mcu.externaltools.gnu-tools-for-stm32.13.3.rel1.win32_1.0.0.202411081344/tools/bin/../lib/gcc/arm-none-eabi/13.3.1/thumb/v7e-m+fp/hard/crtbegin.o
 .text          0x080001d0       0xa0 C:/ST/STM32CubeIDE_1.18.1/STM32CubeIDE/plugins/com.st.stm32cube.ide.mcu.externaltools.gnu-tools-for-stm32.13.3.rel1.win32_1.0.0.202411081344/tools/bin/../lib/gcc/arm-none-eabi/13.3.1/../../../../arm-none-eabi/lib/thumb/v7e-m+fp/hard\libc_nano.a(libc_a-memchr.o)
                0x080001d0                memchr
 .text          0x08000270      0x378 C:/ST/STM32CubeIDE_1.18.1/STM32CubeIDE/plugins/com.st.stm32cube.ide.mcu.externaltools.gnu-tools-for-stm32.13.3.rel1.win32_1.0.0.202411081344/tools/bin/../lib/gcc/arm-none-eabi/13.3.1/thumb/v7e-m+fp/hard\libgcc.a(_arm_addsubdf3.o)
                0x08000270                __aeabi_drsub
                0x08000278                __aeabi_dsub
                0x08000278                __subdf3
                0x0800027c                __aeabi_dadd
                0x0800027c                __adddf3
                0x080004f4                __floatunsidf
                0x080004f4                __aeabi_ui2d
                0x08000514                __floatsidf
                0x08000514                __aeabi_i2d
                0x08000538                __aeabi_f2d
                0x08000538                __extendsfdf2
                0x0800057c                __floatundidf
                0x0800057c                __aeabi_ul2d
                0x0800058c                __floatdidf
                0x0800058c                __aeabi_l2d
 .text          0x080005e8      0x424 C:/ST/STM32CubeIDE_1.18.1/STM32CubeIDE/plugins/com.st.stm32cube.ide.mcu.externaltools.gnu-tools-for-stm32.13.3.rel1.win32_1.0.0.202411081344/tools/bin/../lib/gcc/arm-none-eabi/13.3.1/thumb/v7e-m+fp/hard\libgcc.a(_arm_muldivdf3.o)
                0x080005e8                __aeabi_dmul
                0x080005e8                __muldf3
                0x0800083c                __divdf3
                0x0800083c                __aeabi_ddiv
 .text          0x08000a0c       0x50 C:/ST/STM32CubeIDE_1.18.1/STM32CubeIDE/plugins/com.st.stm32cube.ide.mcu.externaltools.gnu-tools-for-stm32.13.3.rel1.win32_1.0.0.202411081344/tools/bin/../lib/gcc/arm-none-eabi/13.3.1/thumb/v7e-m+fp/hard\libgcc.a(_arm_fixdfsi.o)
                0x08000a0c                __aeabi_d2iz
                0x08000a0c                __fixdfsi
 .text          0x08000a5c       0x30 C:/ST/STM32CubeIDE_1.18.1/STM32CubeIDE/plugins/com.st.stm32cube.ide.mcu.externaltools.gnu-tools-for-stm32.13.3.rel1.win32_1.0.0.202411081344/tools/bin/../lib/gcc/arm-none-eabi/13.3.1/thumb/v7e-m+fp/hard\libgcc.a(_aeabi_uldivmod.o)
                0x08000a5c                __aeabi_uldivmod
 .text          0x08000a8c      0x2f8 C:/ST/STM32CubeIDE_1.18.1/STM32CubeIDE/plugins/com.st.stm32cube.ide.mcu.externaltools.gnu-tools-for-stm32.13.3.rel1.win32_1.0.0.202411081344/tools/bin/../lib/gcc/arm-none-eabi/13.3.1/thumb/v7e-m+fp/hard\libgcc.a(_udivmoddi4.o)
                0x08000a8c                __udivmoddi4
 .text          0x08000d84        0x4 C:/ST/STM32CubeIDE_1.18.1/STM32CubeIDE/plugins/com.st.stm32cube.ide.mcu.externaltools.gnu-tools-for-stm32.13.3.rel1.win32_1.0.0.202411081344/tools/bin/../lib/gcc/arm-none-eabi/13.3.1/thumb/v7e-m+fp/hard\libgcc.a(_dvmd_tls.o)
                0x08000d84                __aeabi_idiv0
                0x08000d84                __aeabi_ldiv0
 *(.text*)
 .text.spi1_init
                0x08000d88        0xe ./Core/Src/LCD_Driver.o
                0x08000d88                spi1_init
 *fill*         0x08000d96        0x2 
 .text.spi1_communication
                0x08000d98       0x30 ./Core/Src/LCD_Driver.o
                0x08000d98                spi1_communication
 .text.lcd_write_byte
                0x08000dc8       0x58 ./Core/Src/LCD_Driver.o
 .text.lcd_write_word
                0x08000e20       0x50 ./Core/Src/LCD_Driver.o
 .text.lcd_write_command
                0x08000e70       0x2c ./Core/Src/LCD_Driver.o
 .text.lcd_ctrl_port_init
                0x08000e9c       0x38 ./Core/Src/LCD_Driver.o
 .text.lcd_set_window
                0x08000ed4       0xcc ./Core/Src/LCD_Driver.o
 .text.lcd_init
                0x08000fa0      0x208 ./Core/Src/LCD_Driver.o
                0x08000fa0                lcd_init
 .text.lcd_clear_screen
                0x080011a8       0x78 ./Core/Src/LCD_Driver.o
                0x080011a8                lcd_clear_screen
 .text.lcd_set_cursor
                0x08001220       0x34 ./Core/Src/LCD_Driver.o
                0x08001220                lcd_set_cursor
 .text.lcd_display_char
                0x08001254       0xf0 ./Core/Src/LCD_Driver.o
                0x08001254                lcd_display_char
 .text.lcd_display_string
                0x08001344       0x98 ./Core/Src/LCD_Driver.o
                0x08001344                lcd_display_string
 .text.lcd_draw_dot
                0x080013dc       0x3e ./Core/Src/LCD_Driver.o
                0x080013dc                lcd_draw_dot
 .text.lcd_draw_line
                0x0800141a       0xf4 ./Core/Src/LCD_Driver.o
                0x0800141a                lcd_draw_line
 .text.lcd_fill_rect
                0x0800150e       0x76 ./Core/Src/LCD_Driver.o
                0x0800150e                lcd_fill_rect
 .text.WAV_ReadU16
                0x08001584       0x2c ./Core/Src/main.o
                0x08001584                WAV_ReadU16
 .text.WAV_ReadU32
                0x080015b0       0x38 ./Core/Src/main.o
                0x080015b0                WAV_ReadU32
 .text.Audio_FillHalf
                0x080015e8       0xac ./Core/Src/main.o
                0x080015e8                Audio_FillHalf
 .text.Audio_Start
                0x08001694      0x534 ./Core/Src/main.o
                0x08001694                Audio_Start
 .text.Audio_Pause
                0x08001bc8       0x34 ./Core/Src/main.o
                0x08001bc8                Audio_Pause
 .text.Audio_Resume
                0x08001bfc       0x68 ./Core/Src/main.o
                0x08001bfc                Audio_Resume
 .text.Audio_Reset
                0x08001c64       0x70 ./Core/Src/main.o
                0x08001c64                Audio_Reset
 .text.Audio_Service
                0x08001cd4       0xc8 ./Core/Src/main.o
                0x08001cd4                Audio_Service
 .text.HAL_DAC_ConvHalfCpltCallbackCh1
                0x08001d9c       0x20 ./Core/Src/main.o
                0x08001d9c                HAL_DAC_ConvHalfCpltCallbackCh1
 .text.HAL_DAC_ConvCpltCallbackCh1
                0x08001dbc       0x20 ./Core/Src/main.o
                0x08001dbc                HAL_DAC_ConvCpltCallbackCh1
 .text.main     0x08001ddc      0x8f4 ./Core/Src/main.o
                0x08001ddc                main
 .text.SystemClock_Config
                0x080026d0       0xd4 ./Core/Src/main.o
                0x080026d0                SystemClock_Config
 .text.MX_ADC1_Init
                0x080027a4       0xc0 ./Core/Src/main.o
 .text.MX_DAC_Init
                0x08002864       0x54 ./Core/Src/main.o
 .text.MX_SDIO_SD_Init
                0x080028b8       0x40 ./Core/Src/main.o
 .text.MX_SPI1_Init
                0x080028f8       0x6c ./Core/Src/main.o
 .text.MX_TIM3_Init
                0x08002964       0x9c ./Core/Src/main.o
 .text.MX_TIM6_Init
                0x08002a00       0x68 ./Core/Src/main.o
 .text.MX_USART1_UART_Init
                0x08002a68       0x54 ./Core/Src/main.o
 .text.MX_DMA_Init
                0x08002abc       0x6c ./Core/Src/main.o
 .text.MX_GPIO_Init
                0x08002b28       0xf4 ./Core/Src/main.o
 .text.HAL_ADC_ConvCpltCallback
                0x08002c1c       0x2c ./Core/Src/main.o
                0x08002c1c                HAL_ADC_ConvCpltCallback
 .text.Error_Handler
                0x08002c48        0xc ./Core/Src/main.o
                0x08002c48                Error_Handler
 .text.HAL_MspInit
                0x08002c54       0x50 ./Core/Src/stm32f4xx_hal_msp.o
                0x08002c54                HAL_MspInit
 .text.HAL_ADC_MspInit
                0x08002ca4       0xb8 ./Core/Src/stm32f4xx_hal_msp.o
                0x08002ca4                HAL_ADC_MspInit
 .text.HAL_DAC_MspInit
                0x08002d5c       0xf4 ./Core/Src/stm32f4xx_hal_msp.o
                0x08002d5c                HAL_DAC_MspInit
 .text.HAL_SD_MspInit
                0x08002e50       0xe0 ./Core/Src/stm32f4xx_hal_msp.o
                0x08002e50                HAL_SD_MspInit
 .text.HAL_SPI_MspInit
                0x08002f30       0xd0 ./Core/Src/stm32f4xx_hal_msp.o
                0x08002f30                HAL_SPI_MspInit
 .text.HAL_TIM_Base_MspInit
                0x08003000       0x70 ./Core/Src/stm32f4xx_hal_msp.o
                0x08003000                HAL_TIM_Base_MspInit
 .text.HAL_UART_MspInit
                0x08003070       0x90 ./Core/Src/stm32f4xx_hal_msp.o
                0x08003070                HAL_UART_MspInit
 .text.NMI_Handler
                0x08003100        0x8 ./Core/Src/stm32f4xx_it.o
                0x08003100                NMI_Handler
 .text.HardFault_Handler
                0x08003108        0x8 ./Core/Src/stm32f4xx_it.o
                0x08003108                HardFault_Handler
 .text.MemManage_Handler
                0x08003110        0x8 ./Core/Src/stm32f4xx_it.o
                0x08003110                MemManage_Handler
 .text.BusFault_Handler
                0x08003118        0x8 ./Core/Src/stm32f4xx_it.o
                0x08003118                BusFault_Handler
 .text.UsageFault_Handler
                0x08003120        0x8 ./Core/Src/stm32f4xx_it.o
                0x08003120                UsageFault_Handler
 .text.SVC_Handler
                0x08003128        0xe ./Core/Src/stm32f4xx_it.o
                0x08003128                SVC_Handler
 .text.DebugMon_Handler
                0x08003136        0xe ./Core/Src/stm32f4xx_it.o
                0x08003136                DebugMon_Handler
 .text.PendSV_Handler
                0x08003144        0xe ./Core/Src/stm32f4xx_it.o
                0x08003144                PendSV_Handler
 .text.SysTick_Handler
                0x08003152        0xc ./Core/Src/stm32f4xx_it.o
                0x08003152                SysTick_Handler
 *fill*         0x0800315e        0x2 
 .text.DMA1_Stream5_IRQHandler
                0x08003160       0x14 ./Core/Src/stm32f4xx_it.o
                0x08003160                DMA1_Stream5_IRQHandler
 .text.ADC_IRQHandler
                0x08003174       0x14 ./Core/Src/stm32f4xx_it.o
                0x08003174                ADC_IRQHandler
 .text.SDIO_IRQHandler
                0x08003188       0x14 ./Core/Src/stm32f4xx_it.o
                0x08003188                SDIO_IRQHandler
 .text.DMA2_Stream0_IRQHandler
                0x0800319c       0x14 ./Core/Src/stm32f4xx_it.o
                0x0800319c                DMA2_Stream0_IRQHandler
 .text._sbrk    0x080031b0       0x6c ./Core/Src/sysmem.o
                0x080031b0                _sbrk
 .text.SystemInit
                0x0800321c       0x24 ./Core/Src/system_stm32f4xx.o
                0x0800321c                SystemInit
 .text.TMPSENSOR_getTemperature
                0x08003240       0xe4 ./Core/Src/tmpsensor.o
                0x08003240                TMPSENSOR_getTemperature
 .text.tp_init  0x08003324        0xc ./Core/Src/touch.o
                0x08003324                tp_init
 .text.Get_Touch_XY
                0x08003330       0x38 ./Core/Src/touch.o
                0x08003330                Get_Touch_XY
 .text.xpt2046_spi_transfer
                0x08003368       0x30 ./Core/Src/xpt2046.o
                0x08003368                xpt2046_spi_transfer
 .text.xpt2046_write_byte
                0x08003398       0x1c ./Core/Src/xpt2046.o
                0x08003398                xpt2046_write_byte
 .text.xpt2046_init
                0x080033b4       0x2c ./Core/Src/xpt2046.o
                0x080033b4                xpt2046_init
 .text.xpt2046_read_ad_value
                0x080033e0       0x64 ./Core/Src/xpt2046.o
                0x080033e0                xpt2046_read_ad_value
 .text.xpt2046_read_average
                0x08003444       0xf0 ./Core/Src/xpt2046.o
                0x08003444                xpt2046_read_average
 .text.xpt2046_read_xy
                0x08003534       0x2e ./Core/Src/xpt2046.o
                0x08003534                xpt2046_read_xy
 .text.xpt2046_twice_read_xy
                0x08003562       0xa0 ./Core/Src/xpt2046.o
                0x08003562                xpt2046_twice_read_xy
 *fill*         0x08003602        0x2 
 .text.Reset_Handler
                0x08003604       0x50 ./Core/Startup/startup_stm32f405rgtx.o
                0x08003604                Reset_Handler
 .text.Default_Handler
                0x08003654        0x2 ./Core/Startup/startup_stm32f405rgtx.o
                0x08003654                RTC_Alarm_IRQHandler
                0x08003654                HASH_RNG_IRQHandler
                0x08003654                EXTI2_IRQHandler
                0x08003654                TIM8_CC_IRQHandler
                0x08003654                TIM1_CC_IRQHandler
                0x08003654                DMA2_Stream5_IRQHandler
                0x08003654                PVD_IRQHandler
                0x08003654                TAMP_STAMP_IRQHandler
                0x08003654                CAN2_RX1_IRQHandler
                0x08003654                EXTI3_IRQHandler
                0x08003654                TIM8_TRG_COM_TIM14_IRQHandler
                0x08003654                TIM1_UP_TIM10_IRQHandler
                0x08003654                TIM8_UP_TIM13_IRQHandler
                0x08003654                I2C3_ER_IRQHandler
                0x08003654                EXTI0_IRQHandler
                0x08003654                I2C2_EV_IRQHandler
                0x08003654                DMA1_Stream2_IRQHandler
                0x08003654                CAN1_RX0_IRQHandler
                0x08003654                FPU_IRQHandler
                0x08003654                OTG_HS_WKUP_IRQHandler
                0x08003654                CAN2_SCE_IRQHandler
                0x08003654                DMA2_Stream2_IRQHandler
                0x08003654                SPI1_IRQHandler
                0x08003654                TIM6_DAC_IRQHandler
                0x08003654                TIM1_BRK_TIM9_IRQHandler
                0x08003654                CAN2_RX0_IRQHandler
                0x08003654                DMA2_Stream3_IRQHandler
                0x08003654                USART6_IRQHandler
                0x08003654                USART3_IRQHandler
                0x08003654                CAN1_RX1_IRQHandler
                0x08003654                UART5_IRQHandler
                0x08003654                TIM4_IRQHandler
                0x08003654                I2C1_EV_IRQHandler
                0x08003654                DMA1_Stream6_IRQHandler
                0x08003654                DMA1_Stream1_IRQHandler
                0x08003654                UART4_IRQHandler
                0x08003654                TIM3_IRQHandler
                0x08003654                RCC_IRQHandler
                0x08003654                TIM8_BRK_TIM12_IRQHandler
                0x08003654                Default_Handler
                0x08003654                EXTI15_10_IRQHandler
                0x08003654                DMA1_Stream7_IRQHandler
                0x08003654                TIM7_IRQHandler
                0x08003654                CAN2_TX_IRQHandler
                0x08003654                TIM5_IRQHandler
                0x08003654                DMA2_Stream7_IRQHandler
                0x08003654                I2C3_EV_IRQHandler
                0x08003654                EXTI9_5_IRQHandler
                0x08003654                RTC_WKUP_IRQHandler
                0x08003654                SPI2_IRQHandler
                0x08003654                OTG_HS_EP1_IN_IRQHandler
                0x08003654                DMA1_Stream0_IRQHandler
                0x08003654                CAN1_TX_IRQHandler
                0x08003654                EXTI4_IRQHandler
                0x08003654                FSMC_IRQHandler
                0x08003654                OTG_HS_EP1_OUT_IRQHandler
                0x08003654                WWDG_IRQHandler
                0x08003654                TIM2_IRQHandler
                0x08003654                OTG_FS_WKUP_IRQHandler
                0x08003654                TIM1_TRG_COM_TIM11_IRQHandler
                0x08003654                OTG_HS_IRQHandler
                0x08003654                EXTI1_IRQHandler
                0x08003654                USART2_IRQHandler
                0x08003654                I2C2_ER_IRQHandler
                0x08003654                DMA2_Stream1_IRQHandler
                0x08003654                CAN1_SCE_IRQHandler
                0x08003654                FLASH_IRQHandler
                0x08003654                DMA2_Stream4_IRQHandler
                0x08003654                USART1_IRQHandler
                0x08003654                OTG_FS_IRQHandler
                0x08003654                SPI3_IRQHandler
                0x08003654                DMA1_Stream4_IRQHandler
                0x08003654                I2C1_ER_IRQHandler
                0x08003654                DMA2_Stream6_IRQHandler
                0x08003654                DMA1_Stream3_IRQHandler
 *fill*         0x08003656        0x2 
 .text.HAL_Init
                0x08003658       0x44 ./Drivers/STM32F4xx_HAL_Driver/Src/stm32f4xx_hal.o
                0x08003658                HAL_Init
 .text.HAL_InitTick
                0x0800369c       0x60 ./Drivers/STM32F4xx_HAL_Driver/Src/stm32f4xx_hal.o
                0x0800369c                HAL_InitTick
 .text.HAL_IncTick
                0x080036fc       0x28 ./Drivers/STM32F4xx_HAL_Driver/Src/stm32f4xx_hal.o
                0x080036fc                HAL_IncTick
 .text.HAL_GetTick
                0x08003724       0x18 ./Drivers/STM32F4xx_HAL_Driver/Src/stm32f4xx_hal.o
                0x08003724                HAL_GetTick
 .text.HAL_Delay
                0x0800373c       0x48 ./Drivers/STM32F4xx_HAL_Driver/Src/stm32f4xx_hal.o
                0x0800373c                HAL_Delay
 .text.HAL_ADC_Init
                0x08003784       0x86 ./Drivers/STM32F4xx_HAL_Driver/Src/stm32f4xx_hal_adc.o
                0x08003784                HAL_ADC_Init
 .text.HAL_ADC_IRQHandler
                0x0800380a      0x220 ./Drivers/STM32F4xx_HAL_Driver/Src/stm32f4xx_hal_adc.o
                0x0800380a                HAL_ADC_IRQHandler
 *fill*         0x08003a2a        0x2 
 .text.HAL_ADC_Start_DMA
                0x08003a2c      0x228 ./Drivers/STM32F4xx_HAL_Driver/Src/stm32f4xx_hal_adc.o
                0x08003a2c                HAL_ADC_Start_DMA
 .text.HAL_ADC_ConvHalfCpltCallback
                0x08003c54       0x14 ./Drivers/STM32F4xx_HAL_Driver/Src/stm32f4xx_hal_adc.o
                0x08003c54                HAL_ADC_ConvHalfCpltCallback
 .text.HAL_ADC_LevelOutOfWindowCallback
                0x08003c68       0x14 ./Drivers/STM32F4xx_HAL_Driver/Src/stm32f4xx_hal_adc.o
                0x08003c68                HAL_ADC_LevelOutOfWindowCallback
 .text.HAL_ADC_ErrorCallback
                0x08003c7c       0x14 ./Drivers/STM32F4xx_HAL_Driver/Src/stm32f4xx_hal_adc.o
                0x08003c7c                HAL_ADC_ErrorCallback
 .text.HAL_ADC_ConfigChannel
                0x08003c90      0x244 ./Drivers/STM32F4xx_HAL_Driver/Src/stm32f4xx_hal_adc.o
                0x08003c90                HAL_ADC_ConfigChannel
 .text.ADC_Init
                0x08003ed4      0x1f8 ./Drivers/STM32F4xx_HAL_Driver/Src/stm32f4xx_hal_adc.o
 .text.ADC_DMAConvCplt
                0x080040cc       0xba ./Drivers/STM32F4xx_HAL_Driver/Src/stm32f4xx_hal_adc.o
 .text.ADC_DMAHalfConvCplt
                0x08004186       0x1c ./Drivers/STM32F4xx_HAL_Driver/Src/stm32f4xx_hal_adc.o
 .text.ADC_DMAError
                0x080041a2       0x2e ./Drivers/STM32F4xx_HAL_Driver/Src/stm32f4xx_hal_adc.o
 .text.HAL_ADCEx_InjectedConvCpltCallback
                0x080041d0       0x14 ./Drivers/STM32F4xx_HAL_Driver/Src/stm32f4xx_hal_adc_ex.o
                0x080041d0                HAL_ADCEx_InjectedConvCpltCallback
 .text.__NVIC_SetPriorityGrouping
                0x080041e4       0x48 ./Drivers/STM32F4xx_HAL_Driver/Src/stm32f4xx_hal_cortex.o
 .text.__NVIC_GetPriorityGrouping
                0x0800422c       0x1c ./Drivers/STM32F4xx_HAL_Driver/Src/stm32f4xx_hal_cortex.o
 .text.__NVIC_EnableIRQ
                0x08004248       0x3c ./Drivers/STM32F4xx_HAL_Driver/Src/stm32f4xx_hal_cortex.o
 .text.__NVIC_SetPriority
                0x08004284       0x54 ./Drivers/STM32F4xx_HAL_Driver/Src/stm32f4xx_hal_cortex.o
 .text.NVIC_EncodePriority
                0x080042d8       0x66 ./Drivers/STM32F4xx_HAL_Driver/Src/stm32f4xx_hal_cortex.o
 *fill*         0x0800433e        0x2 
 .text.SysTick_Config
                0x08004340       0x44 ./Drivers/STM32F4xx_HAL_Driver/Src/stm32f4xx_hal_cortex.o
 .text.HAL_NVIC_SetPriorityGrouping
                0x08004384       0x16 ./Drivers/STM32F4xx_HAL_Driver/Src/stm32f4xx_hal_cortex.o
                0x08004384                HAL_NVIC_SetPriorityGrouping
 .text.HAL_NVIC_SetPriority
                0x0800439a       0x38 ./Drivers/STM32F4xx_HAL_Driver/Src/stm32f4xx_hal_cortex.o
                0x0800439a                HAL_NVIC_SetPriority
 .text.HAL_NVIC_EnableIRQ
                0x080043d2       0x1c ./Drivers/STM32F4xx_HAL_Driver/Src/stm32f4xx_hal_cortex.o
                0x080043d2                HAL_NVIC_EnableIRQ
 .text.HAL_SYSTICK_Config
                0x080043ee       0x18 ./Drivers/STM32F4xx_HAL_Driver/Src/stm32f4xx_hal_cortex.o
                0x080043ee                HAL_SYSTICK_Config
 .text.HAL_DAC_Init
                0x08004406       0x44 ./Drivers/STM32F4xx_HAL_Driver/Src/stm32f4xx_hal_dac.o
                0x08004406                HAL_DAC_Init
 *fill*         0x0800444a        0x2 
 .text.HAL_DAC_Start_DMA
                0x0800444c      0x180 ./Drivers/STM32F4xx_HAL_Driver/Src/stm32f4xx_hal_dac.o
                0x0800444c                HAL_DAC_Start_DMA
 .text.HAL_DAC_Stop_DMA
                0x080045cc       0x9a ./Drivers/STM32F4xx_HAL_Driver/Src/stm32f4xx_hal_dac.o
                0x080045cc                HAL_DAC_Stop_DMA
 .text.HAL_DAC_ErrorCallbackCh1
                0x08004666       0x14 ./Drivers/STM32F4xx_HAL_Driver/Src/stm32f4xx_hal_dac.o
                0x08004666                HAL_DAC_ErrorCallbackCh1
 .text.HAL_DAC_ConfigChannel
                0x0800467a       0xb2 ./Drivers/STM32F4xx_HAL_Driver/Src/stm32f4xx_hal_dac.o
                0x0800467a                HAL_DAC_ConfigChannel
 .text.DAC_DMAConvCpltCh1
                0x0800472c       0x22 ./Drivers/STM32F4xx_HAL_Driver/Src/stm32f4xx_hal_dac.o
                0x0800472c                DAC_DMAConvCpltCh1
 .text.DAC_DMAHalfConvCpltCh1
                0x0800474e       0x1c ./Drivers/STM32F4xx_HAL_Driver/Src/stm32f4xx_hal_dac.o
                0x0800474e                DAC_DMAHalfConvCpltCh1
 .text.DAC_DMAErrorCh1
                0x0800476a       0x2e ./Drivers/STM32F4xx_HAL_Driver/Src/stm32f4xx_hal_dac.o
                0x0800476a                DAC_DMAErrorCh1
 .text.HAL_DACEx_ConvCpltCallbackCh2
                0x08004798       0x14 ./Drivers/STM32F4xx_HAL_Driver/Src/stm32f4xx_hal_dac_ex.o
                0x08004798                HAL_DACEx_ConvCpltCallbackCh2
 .text.HAL_DACEx_ConvHalfCpltCallbackCh2
                0x080047ac       0x14 ./Drivers/STM32F4xx_HAL_Driver/Src/stm32f4xx_hal_dac_ex.o
                0x080047ac                HAL_DACEx_ConvHalfCpltCallbackCh2
 .text.HAL_DACEx_ErrorCallbackCh2
                0x080047c0       0x14 ./Drivers/STM32F4xx_HAL_Driver/Src/stm32f4xx_hal_dac_ex.o
                0x080047c0                HAL_DACEx_ErrorCallbackCh2
 .text.DAC_DMAConvCpltCh2
                0x080047d4       0x22 ./Drivers/STM32F4xx_HAL_Driver/Src/stm32f4xx_hal_dac_ex.o
                0x080047d4                DAC_DMAConvCpltCh2
 .text.DAC_DMAHalfConvCpltCh2
                0x080047f6       0x1c ./Drivers/STM32F4xx_HAL_Driver/Src/stm32f4xx_hal_dac_ex.o
                0x080047f6                DAC_DMAHalfConvCpltCh2
 .text.DAC_DMAErrorCh2
                0x08004812       0x2e ./Drivers/STM32F4xx_HAL_Driver/Src/stm32f4xx_hal_dac_ex.o
                0x08004812                DAC_DMAErrorCh2
 .text.HAL_DMA_Init
                0x08004840      0x15c ./Drivers/STM32F4xx_HAL_Driver/Src/stm32f4xx_hal_dma.o
                0x08004840                HAL_DMA_Init
 .text.HAL_DMA_Start_IT
                0x0800499c       0xb0 ./Drivers/STM32F4xx_HAL_Driver/Src/stm32f4xx_hal_dma.o
                0x0800499c                HAL_DMA_Start_IT
 .text.HAL_DMA_Abort
                0x08004a4c       0xe0 ./Drivers/STM32F4xx_HAL_Driver/Src/stm32f4xx_hal_dma.o
                0x08004a4c                HAL_DMA_Abort
 .text.HAL_DMA_Abort_IT
                0x08004b2c       0x44 ./Drivers/STM32F4xx_HAL_Driver/Src/stm32f4xx_hal_dma.o
                0x08004b2c                HAL_DMA_Abort_IT
 .text.HAL_DMA_IRQHandler
                0x08004b70      0x314 ./Drivers/STM32F4xx_HAL_Driver/Src/stm32f4xx_hal_dma.o
                0x08004b70                HAL_DMA_IRQHandler
 .text.DMA_SetConfig
                0x08004e84       0x5c ./Drivers/STM32F4xx_HAL_Driver/Src/stm32f4xx_hal_dma.o
 .text.DMA_CalcBaseAndBitshift
                0x08004ee0       0x6c ./Drivers/STM32F4xx_HAL_Driver/Src/stm32f4xx_hal_dma.o
 .text.DMA_CheckFifoParam
                0x08004f4c       0xf8 ./Drivers/STM32F4xx_HAL_Driver/Src/stm32f4xx_hal_dma.o
 .text.HAL_GPIO_Init
                0x08005044      0x338 ./Drivers/STM32F4xx_HAL_Driver/Src/stm32f4xx_hal_gpio.o
                0x08005044                HAL_GPIO_Init
 .text.HAL_GPIO_ReadPin
                0x0800537c       0x30 ./Drivers/STM32F4xx_HAL_Driver/Src/stm32f4xx_hal_gpio.o
                0x0800537c                HAL_GPIO_ReadPin
 .text.HAL_GPIO_WritePin
                0x080053ac       0x32 ./Drivers/STM32F4xx_HAL_Driver/Src/stm32f4xx_hal_gpio.o
                0x080053ac                HAL_GPIO_WritePin
 *fill*         0x080053de        0x2 
 .text.HAL_RCC_OscConfig
                0x080053e0      0x4f0 ./Drivers/STM32F4xx_HAL_Driver/Src/stm32f4xx_hal_rcc.o
                0x080053e0                HAL_RCC_OscConfig
 .text.HAL_RCC_ClockConfig
                0x080058d0      0x1cc ./Drivers/STM32F4xx_HAL_Driver/Src/stm32f4xx_hal_rcc.o
                0x080058d0                HAL_RCC_ClockConfig
 .text.HAL_RCC_GetSysClockFreq
                0x08005a9c      0x20c ./Drivers/STM32F4xx_HAL_Driver/Src/stm32f4xx_hal_rcc.o
                0x08005a9c                HAL_RCC_GetSysClockFreq
 .text.HAL_RCC_GetHCLKFreq
                0x08005ca8       0x18 ./Drivers/STM32F4xx_HAL_Driver/Src/stm32f4xx_hal_rcc.o
                0x08005ca8                HAL_RCC_GetHCLKFreq
 .text.HAL_RCC_GetPCLK1Freq
                0x08005cc0       0x28 ./Drivers/STM32F4xx_HAL_Driver/Src/stm32f4xx_hal_rcc.o
                0x08005cc0                HAL_RCC_GetPCLK1Freq
 .text.HAL_RCC_GetPCLK2Freq
                0x08005ce8       0x28 ./Drivers/STM32F4xx_HAL_Driver/Src/stm32f4xx_hal_rcc.o
                0x08005ce8                HAL_RCC_GetPCLK2Freq
 .text.HAL_SD_Init
                0x08005d10       0x60 ./Drivers/STM32F4xx_HAL_Driver/Src/stm32f4xx_hal_sd.o
                0x08005d10                HAL_SD_Init
 .text.HAL_SD_InitCard
                0x08005d70       0xf0 ./Drivers/STM32F4xx_HAL_Driver/Src/stm32f4xx_hal_sd.o
                0x08005d70                HAL_SD_InitCard
 .text.HAL_SD_ReadBlocks
                0x08005e60      0x3cc ./Drivers/STM32F4xx_HAL_Driver/Src/stm32f4xx_hal_sd.o
                0x08005e60                HAL_SD_ReadBlocks
 .text.HAL_SD_WriteBlocks
                0x0800622c      0x31c ./Drivers/STM32F4xx_HAL_Driver/Src/stm32f4xx_hal_sd.o
                0x0800622c                HAL_SD_WriteBlocks
 .text.HAL_SD_IRQHandler
                0x08006548      0x30c ./Drivers/STM32F4xx_HAL_Driver/Src/stm32f4xx_hal_sd.o
                0x08006548                HAL_SD_IRQHandler
 .text.HAL_SD_ErrorCallback
                0x08006854       0x14 ./Drivers/STM32F4xx_HAL_Driver/Src/stm32f4xx_hal_sd.o
                0x08006854                HAL_SD_ErrorCallback
 .text.HAL_SD_GetCardCSD
                0x08006868      0x348 ./Drivers/STM32F4xx_HAL_Driver/Src/stm32f4xx_hal_sd.o
                0x08006868                HAL_SD_GetCardCSD
 .text.HAL_SD_GetCardInfo
                0x08006bb0       0x58 ./Drivers/STM32F4xx_HAL_Driver/Src/stm32f4xx_hal_sd.o
                0x08006bb0                HAL_SD_GetCardInfo
 .text.HAL_SD_ConfigWideBusOperation
                0x08006c08      0x134 ./Drivers/STM32F4xx_HAL_Driver/Src/stm32f4xx_hal_sd.o
                0x08006c08                HAL_SD_ConfigWideBusOperation
 .text.HAL_SD_GetCardState
                0x08006d3c       0x40 ./Drivers/STM32F4xx_HAL_Driver/Src/stm32f4xx_hal_sd.o
                0x08006d3c                HAL_SD_GetCardState
 .text.SD_DMATxAbort
                0x08006d7c       0x6e ./Drivers/STM32F4xx_HAL_Driver/Src/stm32f4xx_hal_sd.o
 .text.SD_DMARxAbort
                0x08006dea       0x6e ./Drivers/STM32F4xx_HAL_Driver/Src/stm32f4xx_hal_sd.o
 .text.SD_InitCard
                0x08006e58      0x19c ./Drivers/STM32F4xx_HAL_Driver/Src/stm32f4xx_hal_sd.o
 .text.SD_PowerON
                0x08006ff4      0x11c ./Drivers/STM32F4xx_HAL_Driver/Src/stm32f4xx_hal_sd.o
 .text.SD_SendStatus
                0x08007110       0x50 ./Drivers/STM32F4xx_HAL_Driver/Src/stm32f4xx_hal_sd.o
 .text.SD_WideBus_Enable
                0x08007160       0x96 ./Drivers/STM32F4xx_HAL_Driver/Src/stm32f4xx_hal_sd.o
 .text.SD_WideBus_Disable
                0x080071f6       0x96 ./Drivers/STM32F4xx_HAL_Driver/Src/stm32f4xx_hal_sd.o
 .text.SD_FindSCR
                0x0800728c      0x1b4 ./Drivers/STM32F4xx_HAL_Driver/Src/stm32f4xx_hal_sd.o
 .text.SD_Read_IT
                0x08007440       0xa2 ./Drivers/STM32F4xx_HAL_Driver/Src/stm32f4xx_hal_sd.o
 .text.SD_Write_IT
                0x080074e2       0xaa ./Drivers/STM32F4xx_HAL_Driver/Src/stm32f4xx_hal_sd.o
 .text.HAL_SPI_Init
                0x0800758c      0x112 ./Drivers/STM32F4xx_HAL_Driver/Src/stm32f4xx_hal_spi.o
                0x0800758c                HAL_SPI_Init
 .text.HAL_SPI_TransmitReceive
                0x0800769e      0x352 ./Drivers/STM32F4xx_HAL_Driver/Src/stm32f4xx_hal_spi.o
                0x0800769e                HAL_SPI_TransmitReceive
 .text.SPI_WaitFlagStateUntilTimeout
                0x080079f0      0x110 ./Drivers/STM32F4xx_HAL_Driver/Src/stm32f4xx_hal_spi.o
 .text.SPI_EndRxTxTransaction
                0x08007b00       0xa8 ./Drivers/STM32F4xx_HAL_Driver/Src/stm32f4xx_hal_spi.o
 .text.HAL_TIM_Base_Init
                0x08007ba8       0x9e ./Drivers/STM32F4xx_HAL_Driver/Src/stm32f4xx_hal_tim.o
                0x08007ba8                HAL_TIM_Base_Init
 *fill*         0x08007c46        0x2 
 .text.HAL_TIM_Base_Start
                0x08007c48       0xd0 ./Drivers/STM32F4xx_HAL_Driver/Src/stm32f4xx_hal_tim.o
                0x08007c48                HAL_TIM_Base_Start
 .text.HAL_TIM_Base_Stop
                0x08007d18       0x4e ./Drivers/STM32F4xx_HAL_Driver/Src/stm32f4xx_hal_tim.o
                0x08007d18                HAL_TIM_Base_Stop
 .text.HAL_TIM_ConfigClockSource
                0x08007d66      0x18e ./Drivers/STM32F4xx_HAL_Driver/Src/stm32f4xx_hal_tim.o
                0x08007d66                HAL_TIM_ConfigClockSource
 .text.TIM_Base_SetConfig
                0x08007ef4      0x14c ./Drivers/STM32F4xx_HAL_Driver/Src/stm32f4xx_hal_tim.o
                0x08007ef4                TIM_Base_SetConfig
 .text.TIM_TI1_ConfigInputStage
                0x08008040       0x5e ./Drivers/STM32F4xx_HAL_Driver/Src/stm32f4xx_hal_tim.o
 .text.TIM_TI2_ConfigInputStage
                0x0800809e       0x60 ./Drivers/STM32F4xx_HAL_Driver/Src/stm32f4xx_hal_tim.o
 .text.TIM_ITRx_SetConfig
                0x080080fe       0x36 ./Drivers/STM32F4xx_HAL_Driver/Src/stm32f4xx_hal_tim.o
 .text.TIM_ETR_SetConfig
                0x08008134       0x40 ./Drivers/STM32F4xx_HAL_Driver/Src/stm32f4xx_hal_tim.o
                0x08008134                TIM_ETR_SetConfig
 .text.HAL_TIMEx_MasterConfigSynchronization
                0x08008174       0xf8 ./Drivers/STM32F4xx_HAL_Driver/Src/stm32f4xx_hal_tim_ex.o
                0x08008174                HAL_TIMEx_MasterConfigSynchronization
 .text.HAL_UART_Init
                0x0800826c       0xa0 ./Drivers/STM32F4xx_HAL_Driver/Src/stm32f4xx_hal_uart.o
                0x0800826c                HAL_UART_Init
 .text.UART_SetConfig
                0x0800830c      0x4e8 ./Drivers/STM32F4xx_HAL_Driver/Src/stm32f4xx_hal_uart.o
 .text.SDIO_Init
                0x080087f4       0x56 ./Drivers/STM32F4xx_HAL_Driver/Src/stm32f4xx_ll_sdmmc.o
                0x080087f4                SDIO_Init
 .text.SDIO_ReadFIFO
                0x0800884a       0x1a ./Drivers/STM32F4xx_HAL_Driver/Src/stm32f4xx_ll_sdmmc.o
                0x0800884a                SDIO_ReadFIFO
 .text.SDIO_WriteFIFO
                0x08008864       0x22 ./Drivers/STM32F4xx_HAL_Driver/Src/stm32f4xx_ll_sdmmc.o
                0x08008864                SDIO_WriteFIFO
 .text.SDIO_PowerState_ON
                0x08008886       0x1c ./Drivers/STM32F4xx_HAL_Driver/Src/stm32f4xx_ll_sdmmc.o
                0x08008886                SDIO_PowerState_ON
 .text.SDIO_GetPowerState
                0x080088a2       0x1c ./Drivers/STM32F4xx_HAL_Driver/Src/stm32f4xx_ll_sdmmc.o
                0x080088a2                SDIO_GetPowerState
 .text.SDIO_SendCommand
                0x080088be       0x54 ./Drivers/STM32F4xx_HAL_Driver/Src/stm32f4xx_ll_sdmmc.o
                0x080088be                SDIO_SendCommand
 .text.SDIO_GetCommandResponse
                0x08008912       0x1a ./Drivers/STM32F4xx_HAL_Driver/Src/stm32f4xx_ll_sdmmc.o
                0x08008912                SDIO_GetCommandResponse
 .text.SDIO_GetResponse
                0x0800892c       0x26 ./Drivers/STM32F4xx_HAL_Driver/Src/stm32f4xx_ll_sdmmc.o
                0x0800892c                SDIO_GetResponse
 .text.SDIO_ConfigData
                0x08008952       0x58 ./Drivers/STM32F4xx_HAL_Driver/Src/stm32f4xx_ll_sdmmc.o
                0x08008952                SDIO_ConfigData
 .text.SDMMC_CmdBlockLength
                0x080089aa       0x44 ./Drivers/STM32F4xx_HAL_Driver/Src/stm32f4xx_ll_sdmmc.o
                0x080089aa                SDMMC_CmdBlockLength
 .text.SDMMC_CmdReadSingleBlock
                0x080089ee       0x44 ./Drivers/STM32F4xx_HAL_Driver/Src/stm32f4xx_ll_sdmmc.o
                0x080089ee                SDMMC_CmdReadSingleBlock
 .text.SDMMC_CmdReadMultiBlock
                0x08008a32       0x44 ./Drivers/STM32F4xx_HAL_Driver/Src/stm32f4xx_ll_sdmmc.o
                0x08008a32                SDMMC_CmdReadMultiBlock
 .text.SDMMC_CmdWriteSingleBlock
                0x08008a76       0x44 ./Drivers/STM32F4xx_HAL_Driver/Src/stm32f4xx_ll_sdmmc.o
                0x08008a76                SDMMC_CmdWriteSingleBlock
 .text.SDMMC_CmdWriteMultiBlock
                0x08008aba       0x44 ./Drivers/STM32F4xx_HAL_Driver/Src/stm32f4xx_ll_sdmmc.o
                0x08008aba                SDMMC_CmdWriteMultiBlock
 *fill*         0x08008afe        0x2 
 .text.SDMMC_CmdStopTransfer
                0x08008b00       0x44 ./Drivers/STM32F4xx_HAL_Driver/Src/stm32f4xx_ll_sdmmc.o
                0x08008b00                SDMMC_CmdStopTransfer
 .text.SDMMC_CmdSelDesel
                0x08008b44       0x46 ./Drivers/STM32F4xx_HAL_Driver/Src/stm32f4xx_ll_sdmmc.o
                0x08008b44                SDMMC_CmdSelDesel
 .text.SDMMC_CmdGoIdleState
                0x08008b8a       0x3c ./Drivers/STM32F4xx_HAL_Driver/Src/stm32f4xx_ll_sdmmc.o
                0x08008b8a                SDMMC_CmdGoIdleState
 .text.SDMMC_CmdOperCond
                0x08008bc6       0x3e ./Drivers/STM32F4xx_HAL_Driver/Src/stm32f4xx_ll_sdmmc.o
                0x08008bc6                SDMMC_CmdOperCond
 .text.SDMMC_CmdAppCommand
                0x08008c04       0x44 ./Drivers/STM32F4xx_HAL_Driver/Src/stm32f4xx_ll_sdmmc.o
                0x08008c04                SDMMC_CmdAppCommand
 .text.SDMMC_CmdAppOperCommand
                0x08008c48       0x46 ./Drivers/STM32F4xx_HAL_Driver/Src/stm32f4xx_ll_sdmmc.o
                0x08008c48                SDMMC_CmdAppOperCommand
 .text.SDMMC_CmdBusWidth
                0x08008c8e       0x44 ./Drivers/STM32F4xx_HAL_Driver/Src/stm32f4xx_ll_sdmmc.o
                0x08008c8e                SDMMC_CmdBusWidth
 .text.SDMMC_CmdSendSCR
                0x08008cd2       0x42 ./Drivers/STM32F4xx_HAL_Driver/Src/stm32f4xx_ll_sdmmc.o
                0x08008cd2                SDMMC_CmdSendSCR
 .text.SDMMC_CmdSendCID
                0x08008d14       0x3c ./Drivers/STM32F4xx_HAL_Driver/Src/stm32f4xx_ll_sdmmc.o
                0x08008d14                SDMMC_CmdSendCID
 .text.SDMMC_CmdSendCSD
                0x08008d50       0x3e ./Drivers/STM32F4xx_HAL_Driver/Src/stm32f4xx_ll_sdmmc.o
                0x08008d50                SDMMC_CmdSendCSD
 .text.SDMMC_CmdSetRelAdd
                0x08008d8e       0x42 ./Drivers/STM32F4xx_HAL_Driver/Src/stm32f4xx_ll_sdmmc.o
                0x08008d8e                SDMMC_CmdSetRelAdd
 .text.SDMMC_CmdSendStatus
                0x08008dd0       0x44 ./Drivers/STM32F4xx_HAL_Driver/Src/stm32f4xx_ll_sdmmc.o
                0x08008dd0                SDMMC_CmdSendStatus
 .text.SDMMC_GetCmdResp1
                0x08008e14      0x1dc ./Drivers/STM32F4xx_HAL_Driver/Src/stm32f4xx_ll_sdmmc.o
                0x08008e14                SDMMC_GetCmdResp1
 .text.SDMMC_GetCmdResp2
                0x08008ff0       0x90 ./Drivers/STM32F4xx_HAL_Driver/Src/stm32f4xx_ll_sdmmc.o
                0x08008ff0                SDMMC_GetCmdResp2
 .text.SDMMC_GetCmdResp3
                0x08009080       0x7c ./Drivers/STM32F4xx_HAL_Driver/Src/stm32f4xx_ll_sdmmc.o
                0x08009080                SDMMC_GetCmdResp3
 .text.SDMMC_GetCmdResp6
                0x080090fc       0xec ./Drivers/STM32F4xx_HAL_Driver/Src/stm32f4xx_ll_sdmmc.o
                0x080090fc                SDMMC_GetCmdResp6
 .text.SDMMC_GetCmdResp7
                0x080091e8       0x9c ./Drivers/STM32F4xx_HAL_Driver/Src/stm32f4xx_ll_sdmmc.o
                0x080091e8                SDMMC_GetCmdResp7
 .text.SDMMC_GetCmdError
                0x08009284       0x58 ./Drivers/STM32F4xx_HAL_Driver/Src/stm32f4xx_ll_sdmmc.o
 .text.MX_FATFS_Init
                0x080092dc       0x24 ./FATFS/App/fatfs.o
                0x080092dc                MX_FATFS_Init
 .text.get_fattime
                0x08009300       0x10 ./FATFS/App/fatfs.o
                0x08009300                get_fattime
 .text.BSP_SD_Init
                0x08009310       0x30 ./FATFS/Target/bsp_driver_sd.o
                0x08009310                BSP_SD_Init
 .text.BSP_SD_ReadBlocks
                0x08009340       0x3c ./FATFS/Target/bsp_driver_sd.o
                0x08009340                BSP_SD_ReadBlocks
 .text.BSP_SD_WriteBlocks
                0x0800937c       0x3c ./FATFS/Target/bsp_driver_sd.o
                0x0800937c                BSP_SD_WriteBlocks
 .text.BSP_SD_GetCardState
                0x080093b8       0x20 ./FATFS/Target/bsp_driver_sd.o
                0x080093b8                BSP_SD_GetCardState
 .text.BSP_SD_GetCardInfo
                0x080093d8       0x1c ./FATFS/Target/bsp_driver_sd.o
                0x080093d8                BSP_SD_GetCardInfo
 .text.HAL_SD_AbortCallback
                0x080093f4       0x14 ./FATFS/Target/bsp_driver_sd.o
                0x080093f4                HAL_SD_AbortCallback
 .text.HAL_SD_TxCpltCallback
                0x08009408       0x14 ./FATFS/Target/bsp_driver_sd.o
                0x08009408                HAL_SD_TxCpltCallback
 .text.HAL_SD_RxCpltCallback
                0x0800941c       0x14 ./FATFS/Target/bsp_driver_sd.o
                0x0800941c                HAL_SD_RxCpltCallback
 .text.BSP_SD_AbortCallback
                0x08009430        0xe ./FATFS/Target/bsp_driver_sd.o
                0x08009430                BSP_SD_AbortCallback
 .text.BSP_SD_WriteCpltCallback
                0x0800943e        0xe ./FATFS/Target/bsp_driver_sd.o
                0x0800943e                BSP_SD_WriteCpltCallback
 .text.BSP_SD_ReadCpltCallback
                0x0800944c        0xe ./FATFS/Target/bsp_driver_sd.o
                0x0800944c                BSP_SD_ReadCpltCallback
 .text.BSP_SD_IsDetected
                0x0800945a       0x1a ./FATFS/Target/bsp_driver_sd.o
                0x0800945a                BSP_SD_IsDetected
 .text.SD_CheckStatus
                0x08009474       0x3c ./FATFS/Target/sd_diskio.o
 .text.SD_initialize
                0x080094b0       0x3c ./FATFS/Target/sd_diskio.o
                0x080094b0                SD_initialize
 .text.SD_status
                0x080094ec       0x1c ./FATFS/Target/sd_diskio.o
                0x080094ec                SD_status
 .text.SD_read  0x08009508       0x42 ./FATFS/Target/sd_diskio.o
                0x08009508                SD_read
 .text.SD_write
                0x0800954a       0x42 ./FATFS/Target/sd_diskio.o
                0x0800954a                SD_write
 .text.SD_ioctl
                0x0800958c       0xb0 ./FATFS/Target/sd_diskio.o
                0x0800958c                SD_ioctl
 .text.disk_status
                0x0800963c       0x34 ./Middlewares/Third_Party/FatFs/src/diskio.o
                0x0800963c                disk_status
 .text.disk_initialize
                0x08009670       0x50 ./Middlewares/Third_Party/FatFs/src/diskio.o
                0x08009670                disk_initialize
 .text.disk_read
                0x080096c0       0x40 ./Middlewares/Third_Party/FatFs/src/diskio.o
                0x080096c0                disk_read
 .text.disk_write
                0x08009700       0x40 ./Middlewares/Third_Party/FatFs/src/diskio.o
                0x08009700                disk_write
 .text.disk_ioctl
                0x08009740       0x3c ./Middlewares/Third_Party/FatFs/src/diskio.o
                0x08009740                disk_ioctl
 .text.ld_word  0x0800977c       0x32 ./Middlewares/Third_Party/FatFs/src/ff.o
 .text.ld_dword
                0x080097ae       0x46 ./Middlewares/Third_Party/FatFs/src/ff.o
 .text.st_word  0x080097f4       0x36 ./Middlewares/Third_Party/FatFs/src/ff.o
 .text.st_dword
                0x0800982a       0x58 ./Middlewares/Third_Party/FatFs/src/ff.o
 .text.mem_cpy  0x08009882       0x42 ./Middlewares/Third_Party/FatFs/src/ff.o
 .text.mem_set  0x080098c4       0x36 ./Middlewares/Third_Party/FatFs/src/ff.o
 .text.mem_cmp  0x080098fa       0x4e ./Middlewares/Third_Party/FatFs/src/ff.o
 .text.chk_chr  0x08009948       0x36 ./Middlewares/Third_Party/FatFs/src/ff.o
 *fill*         0x0800997e        0x2 
 .text.chk_lock
                0x08009980       0xb8 ./Middlewares/Third_Party/FatFs/src/ff.o
 .text.enq_lock
                0x08009a38       0x44 ./Middlewares/Third_Party/FatFs/src/ff.o
 .text.inc_lock
                0x08009a7c      0x11c ./Middlewares/Third_Party/FatFs/src/ff.o
 .text.dec_lock
                0x08009b98       0x78 ./Middlewares/Third_Party/FatFs/src/ff.o
 .text.clear_lock
                0x08009c10       0x48 ./Middlewares/Third_Party/FatFs/src/ff.o
 .text.sync_window
                0x08009c58       0x88 ./Middlewares/Third_Party/FatFs/src/ff.o
 .text.move_window
                0x08009ce0       0x5a ./Middlewares/Third_Party/FatFs/src/ff.o
 *fill*         0x08009d3a        0x2 
 .text.sync_fs  0x08009d3c       0xdc ./Middlewares/Third_Party/FatFs/src/ff.o
 .text.clust2sect
                0x08009e18       0x3e ./Middlewares/Third_Party/FatFs/src/ff.o
 .text.get_fat  0x08009e56      0x14e ./Middlewares/Third_Party/FatFs/src/ff.o
 .text.put_fat  0x08009fa4      0x1d4 ./Middlewares/Third_Party/FatFs/src/ff.o
 .text.remove_chain
                0x0800a178       0xca ./Middlewares/Third_Party/FatFs/src/ff.o
 .text.create_chain
                0x0800a242      0x130 ./Middlewares/Third_Party/FatFs/src/ff.o
 .text.clmt_clust
                0x0800a372       0x68 ./Middlewares/Third_Party/FatFs/src/ff.o
 .text.dir_sdi  0x0800a3da       0xf6 ./Middlewares/Third_Party/FatFs/src/ff.o
 .text.dir_next
                0x0800a4d0      0x18a ./Middlewares/Third_Party/FatFs/src/ff.o
 .text.dir_alloc
                0x0800a65a       0x8e ./Middlewares/Third_Party/FatFs/src/ff.o
 .text.ld_clust
                0x0800a6e8       0x3e ./Middlewares/Third_Party/FatFs/src/ff.o
 .text.st_clust
                0x0800a726       0x40 ./Middlewares/Third_Party/FatFs/src/ff.o
 .text.dir_find
                0x0800a766       0xaa ./Middlewares/Third_Party/FatFs/src/ff.o
 .text.dir_register
                0x0800a810       0x64 ./Middlewares/Third_Party/FatFs/src/ff.o
 .text.create_name
                0x0800a874      0x128 ./Middlewares/Third_Party/FatFs/src/ff.o
 .text.follow_path
                0x0800a99c       0xe2 ./Middlewares/Third_Party/FatFs/src/ff.o
 .text.get_ldnumber
                0x0800aa7e       0x88 ./Middlewares/Third_Party/FatFs/src/ff.o
 *fill*         0x0800ab06        0x2 
 .text.check_fs
                0x0800ab08       0xac ./Middlewares/Third_Party/FatFs/src/ff.o
 .text.find_volume
                0x0800abb4      0x498 ./Middlewares/Third_Party/FatFs/src/ff.o
 .text.validate
                0x0800b04c       0x6a ./Middlewares/Third_Party/FatFs/src/ff.o
 *fill*         0x0800b0b6        0x2 
 .text.f_mount  0x0800b0b8       0x8c ./Middlewares/Third_Party/FatFs/src/ff.o
                0x0800b0b8                f_mount
 .text.f_open   0x0800b144      0x374 ./Middlewares/Third_Party/FatFs/src/ff.o
                0x0800b144                f_open
 .text.f_read   0x0800b4b8      0x27e ./Middlewares/Third_Party/FatFs/src/ff.o
                0x0800b4b8                f_read
 .text.f_sync   0x0800b736       0xfc ./Middlewares/Third_Party/FatFs/src/ff.o
                0x0800b736                f_sync
 .text.f_close  0x0800b832       0x54 ./Middlewares/Third_Party/FatFs/src/ff.o
                0x0800b832                f_close
 .text.f_lseek  0x0800b886      0x412 ./Middlewares/Third_Party/FatFs/src/ff.o
                0x0800b886                f_lseek
 .text.FATFS_LinkDriverEx
                0x0800bc98       0x98 ./Middlewares/Third_Party/FatFs/src/ff_gen_drv.o
                0x0800bc98                FATFS_LinkDriverEx
 .text.FATFS_LinkDriver
                0x0800bd30       0x1e ./Middlewares/Third_Party/FatFs/src/ff_gen_drv.o
                0x0800bd30                FATFS_LinkDriver
 *fill*         0x0800bd4e        0x2 
 .text.sprintf  0x0800bd50       0x44 C:/ST/STM32CubeIDE_1.18.1/STM32CubeIDE/plugins/com.st.stm32cube.ide.mcu.externaltools.gnu-tools-for-stm32.13.3.rel1.win32_1.0.0.202411081344/tools/bin/../lib/gcc/arm-none-eabi/13.3.1/../../../../arm-none-eabi/lib/thumb/v7e-m+fp/hard\libc_nano.a(libc_a-sprintf.o)
                0x0800bd50                siprintf
                0x0800bd50                sprintf
 .text.memcmp   0x0800bd94       0x20 C:/ST/STM32CubeIDE_1.18.1/STM32CubeIDE/plugins/com.st.stm32cube.ide.mcu.externaltools.gnu-tools-for-stm32.13.3.rel1.win32_1.0.0.202411081344/tools/bin/../lib/gcc/arm-none-eabi/13.3.1/../../../../arm-none-eabi/lib/thumb/v7e-m+fp/hard\libc_nano.a(libc_a-memcmp.o)
                0x0800bd94                memcmp
 .text.memset   0x0800bdb4       0x10 C:/ST/STM32CubeIDE_1.18.1/STM32CubeIDE/plugins/com.st.stm32cube.ide.mcu.externaltools.gnu-tools-for-stm32.13.3.rel1.win32_1.0.0.202411081344/tools/bin/../lib/gcc/arm-none-eabi/13.3.1/../../../../arm-none-eabi/lib/thumb/v7e-m+fp/hard\libc_nano.a(libc_a-memset.o)
                0x0800bdb4                memset
 .text.__errno  0x0800bdc4        0xc C:/ST/STM32CubeIDE_1.18.1/STM32CubeIDE/plugins/com.st.stm32cube.ide.mcu.externaltools.gnu-tools-for-stm32.13.3.rel1.win32_1.0.0.202411081344/tools/bin/../lib/gcc/arm-none-eabi/13.3.1/../../../../arm-none-eabi/lib/thumb/v7e-m+fp/hard\libc_nano.a(libc_a-errno.o)
                0x0800bdc4                __errno
 .text.__libc_init_array
                0x0800bdd0       0x48 C:/ST/STM32CubeIDE_1.18.1/STM32CubeIDE/plugins/com.st.stm32cube.ide.mcu.externaltools.gnu-tools-for-stm32.13.3.rel1.win32_1.0.0.202411081344/tools/bin/../lib/gcc/arm-none-eabi/13.3.1/../../../../arm-none-eabi/lib/thumb/v7e-m+fp/hard\libc_nano.a(libc_a-init.o)
                0x0800bdd0                __libc_init_array
 .text.__retarget_lock_acquire_recursive
                0x0800be18        0x2 C:/ST/STM32CubeIDE_1.18.1/STM32CubeIDE/plugins/com.st.stm32cube.ide.mcu.externaltools.gnu-tools-for-stm32.13.3.rel1.win32_1.0.0.202411081344/tools/bin/../lib/gcc/arm-none-eabi/13.3.1/../../../../arm-none-eabi/lib/thumb/v7e-m+fp/hard\libc_nano.a(libc_a-lock.o)
                0x0800be18                __retarget_lock_acquire_recursive
 .text.__retarget_lock_release_recursive
                0x0800be1a        0x2 C:/ST/STM32CubeIDE_1.18.1/STM32CubeIDE/plugins/com.st.stm32cube.ide.mcu.externaltools.gnu-tools-for-stm32.13.3.rel1.win32_1.0.0.202411081344/tools/bin/../lib/gcc/arm-none-eabi/13.3.1/../../../../arm-none-eabi/lib/thumb/v7e-m+fp/hard\libc_nano.a(libc_a-lock.o)
                0x0800be1a                __retarget_lock_release_recursive
 .text.strcpy   0x0800be1c       0x10 C:/ST/STM32CubeIDE_1.18.1/STM32CubeIDE/plugins/com.st.stm32cube.ide.mcu.externaltools.gnu-tools-for-stm32.13.3.rel1.win32_1.0.0.202411081344/tools/bin/../lib/gcc/arm-none-eabi/13.3.1/../../../../arm-none-eabi/lib/thumb/v7e-m+fp/hard\libc_nano.a(libc_a-strcpy.o)
                0x0800be1c                strcpy
 .text._free_r  0x0800be2c       0x94 C:/ST/STM32CubeIDE_1.18.1/STM32CubeIDE/plugins/com.st.stm32cube.ide.mcu.externaltools.gnu-tools-for-stm32.13.3.rel1.win32_1.0.0.202411081344/tools/bin/../lib/gcc/arm-none-eabi/13.3.1/../../../../arm-none-eabi/lib/thumb/v7e-m+fp/hard\libc_nano.a(libc_a-freer.o)
                0x0800be2c                _free_r
 .text.sbrk_aligned
                0x0800bec0       0x44 C:/ST/STM32CubeIDE_1.18.1/STM32CubeIDE/plugins/com.st.stm32cube.ide.mcu.externaltools.gnu-tools-for-stm32.13.3.rel1.win32_1.0.0.202411081344/tools/bin/../lib/gcc/arm-none-eabi/13.3.1/../../../../arm-none-eabi/lib/thumb/v7e-m+fp/hard\libc_nano.a(libc_a-mallocr.o)
 .text._malloc_r
                0x0800bf04      0x100 C:/ST/STM32CubeIDE_1.18.1/STM32CubeIDE/plugins/com.st.stm32cube.ide.mcu.externaltools.gnu-tools-for-stm32.13.3.rel1.win32_1.0.0.202411081344/tools/bin/../lib/gcc/arm-none-eabi/13.3.1/../../../../arm-none-eabi/lib/thumb/v7e-m+fp/hard\libc_nano.a(libc_a-mallocr.o)
                0x0800bf04                _malloc_r
 .text.__malloc_lock
                0x0800c004        0xc C:/ST/STM32CubeIDE_1.18.1/STM32CubeIDE/plugins/com.st.stm32cube.ide.mcu.externaltools.gnu-tools-for-stm32.13.3.rel1.win32_1.0.0.202411081344/tools/bin/../lib/gcc/arm-none-eabi/13.3.1/../../../../arm-none-eabi/lib/thumb/v7e-m+fp/hard\libc_nano.a(libc_a-mlock.o)
                0x0800c004                __malloc_lock
 .text.__malloc_unlock
                0x0800c010        0xc C:/ST/STM32CubeIDE_1.18.1/STM32CubeIDE/plugins/com.st.stm32cube.ide.mcu.externaltools.gnu-tools-for-stm32.13.3.rel1.win32_1.0.0.202411081344/tools/bin/../lib/gcc/arm-none-eabi/13.3.1/../../../../arm-none-eabi/lib/thumb/v7e-m+fp/hard\libc_nano.a(libc_a-mlock.o)
                0x0800c010                __malloc_unlock
 .text.__ssputs_r
                0x0800c01c       0xb6 C:/ST/STM32CubeIDE_1.18.1/STM32CubeIDE/plugins/com.st.stm32cube.ide.mcu.externaltools.gnu-tools-for-stm32.13.3.rel1.win32_1.0.0.202411081344/tools/bin/../lib/gcc/arm-none-eabi/13.3.1/../../../../arm-none-eabi/lib/thumb/v7e-m+fp/hard\libc_nano.a(libc_a-nano-svfprintf.o)
                0x0800c01c                __ssputs_r
 *fill*         0x0800c0d2        0x2 
 .text._svfprintf_r
                0x0800c0d4      0x1f8 C:/ST/STM32CubeIDE_1.18.1/STM32CubeIDE/plugins/com.st.stm32cube.ide.mcu.externaltools.gnu-tools-for-stm32.13.3.rel1.win32_1.0.0.202411081344/tools/bin/../lib/gcc/arm-none-eabi/13.3.1/../../../../arm-none-eabi/lib/thumb/v7e-m+fp/hard\libc_nano.a(libc_a-nano-svfprintf.o)
                0x0800c0d4                _svfiprintf_r
                0x0800c0d4                _svfprintf_r
 .text._printf_common
                0x0800c2cc       0xda C:/ST/STM32CubeIDE_1.18.1/STM32CubeIDE/plugins/com.st.stm32cube.ide.mcu.externaltools.gnu-tools-for-stm32.13.3.rel1.win32_1.0.0.202411081344/tools/bin/../lib/gcc/arm-none-eabi/13.3.1/../../../../arm-none-eabi/lib/thumb/v7e-m+fp/hard\libc_nano.a(libc_a-nano-vfprintf_i.o)
                0x0800c2cc                _printf_common
 *fill*         0x0800c3a6        0x2 
 .text._printf_i
                0x0800c3a8      0x23c C:/ST/STM32CubeIDE_1.18.1/STM32CubeIDE/plugins/com.st.stm32cube.ide.mcu.externaltools.gnu-tools-for-stm32.13.3.rel1.win32_1.0.0.202411081344/tools/bin/../lib/gcc/arm-none-eabi/13.3.1/../../../../arm-none-eabi/lib/thumb/v7e-m+fp/hard\libc_nano.a(libc_a-nano-vfprintf_i.o)
                0x0800c3a8                _printf_i
 .text.memmove  0x0800c5e4       0x34 C:/ST/STM32CubeIDE_1.18.1/STM32CubeIDE/plugins/com.st.stm32cube.ide.mcu.externaltools.gnu-tools-for-stm32.13.3.rel1.win32_1.0.0.202411081344/tools/bin/../lib/gcc/arm-none-eabi/13.3.1/../../../../arm-none-eabi/lib/thumb/v7e-m+fp/hard\libc_nano.a(libc_a-memmove.o)
                0x0800c5e4                memmove
 .text._sbrk_r  0x0800c618       0x20 C:/ST/STM32CubeIDE_1.18.1/STM32CubeIDE/plugins/com.st.stm32cube.ide.mcu.externaltools.gnu-tools-for-stm32.13.3.rel1.win32_1.0.0.202411081344/tools/bin/../lib/gcc/arm-none-eabi/13.3.1/../../../../arm-none-eabi/lib/thumb/v7e-m+fp/hard\libc_nano.a(libc_a-sbrkr.o)
                0x0800c618                _sbrk_r
 .text.memcpy   0x0800c638       0x1c C:/ST/STM32CubeIDE_1.18.1/STM32CubeIDE/plugins/com.st.stm32cube.ide.mcu.externaltools.gnu-tools-for-stm32.13.3.rel1.win32_1.0.0.202411081344/tools/bin/../lib/gcc/arm-none-eabi/13.3.1/../../../../arm-none-eabi/lib/thumb/v7e-m+fp/hard\libc_nano.a(libc_a-memcpy-stub.o)
                0x0800c638                memcpy
 .text._realloc_r
                0x0800c654       0x5c C:/ST/STM32CubeIDE_1.18.1/STM32CubeIDE/plugins/com.st.stm32cube.ide.mcu.externaltools.gnu-tools-for-stm32.13.3.rel1.win32_1.0.0.202411081344/tools/bin/../lib/gcc/arm-none-eabi/13.3.1/../../../../arm-none-eabi/lib/thumb/v7e-m+fp/hard\libc_nano.a(libc_a-reallocr.o)
                0x0800c654                _realloc_r
 .text._malloc_usable_size_r
                0x0800c6b0       0x10 C:/ST/STM32CubeIDE_1.18.1/STM32CubeIDE/plugins/com.st.stm32cube.ide.mcu.externaltools.gnu-tools-for-stm32.13.3.rel1.win32_1.0.0.202411081344/tools/bin/../lib/gcc/arm-none-eabi/13.3.1/../../../../arm-none-eabi/lib/thumb/v7e-m+fp/hard\libc_nano.a(libc_a-msizer.o)
                0x0800c6b0                _malloc_usable_size_r
 *(.glue_7)
 .glue_7        0x0800c6c0        0x0 linker stubs
 *(.glue_7t)
 .glue_7t       0x0800c6c0        0x0 linker stubs
 *(.eh_frame)
 .eh_frame      0x0800c6c0        0x0 C:/ST/STM32CubeIDE_1.18.1/STM32CubeIDE/plugins/com.st.stm32cube.ide.mcu.externaltools.gnu-tools-for-stm32.13.3.rel1.win32_1.0.0.202411081344/tools/bin/../lib/gcc/arm-none-eabi/13.3.1/thumb/v7e-m+fp/hard/crtbegin.o
 *(.init)
 .init          0x0800c6c0        0x4 C:/ST/STM32CubeIDE_1.18.1/STM32CubeIDE/plugins/com.st.stm32cube.ide.mcu.externaltools.gnu-tools-for-stm32.13.3.rel1.win32_1.0.0.202411081344/tools/bin/../lib/gcc/arm-none-eabi/13.3.1/thumb/v7e-m+fp/hard/crti.o
                0x0800c6c0                _init
 .init          0x0800c6c4        0x8 C:/ST/STM32CubeIDE_1.18.1/STM32CubeIDE/plugins/com.st.stm32cube.ide.mcu.externaltools.gnu-tools-for-stm32.13.3.rel1.win32_1.0.0.202411081344/tools/bin/../lib/gcc/arm-none-eabi/13.3.1/thumb/v7e-m+fp/hard/crtn.o
 *(.fini)
 .fini          0x0800c6cc        0x4 C:/ST/STM32CubeIDE_1.18.1/STM32CubeIDE/plugins/com.st.stm32cube.ide.mcu.externaltools.gnu-tools-for-stm32.13.3.rel1.win32_1.0.0.202411081344/tools/bin/../lib/gcc/arm-none-eabi/13.3.1/thumb/v7e-m+fp/hard/crti.o
                0x0800c6cc                _fini
 .fini          0x0800c6d0        0x8 C:/ST/STM32CubeIDE_1.18.1/STM32CubeIDE/plugins/com.st.stm32cube.ide.mcu.externaltools.gnu-tools-for-stm32.13.3.rel1.win32_1.0.0.202411081344/tools/bin/../lib/gcc/arm-none-eabi/13.3.1/thumb/v7e-m+fp/hard/crtn.o
                0x0800c6d8                        . = ALIGN (0x4)
                0x0800c6d8                        _etext = .

.vfp11_veneer   0x0800c6d8        0x0
 .vfp11_veneer  0x0800c6d8        0x0 linker stubs

.v4_bx          0x0800c6d8        0x0
 .v4_bx         0x0800c6d8        0x0 linker stubs

.iplt           0x0800c6d8        0x0
 .iplt          0x0800c6d8        0x0 C:/ST/STM32CubeIDE_1.18.1/STM32CubeIDE/plugins/com.st.stm32cube.ide.mcu.externaltools.gnu-tools-for-stm32.13.3.rel1.win32_1.0.0.202411081344/tools/bin/../lib/gcc/arm-none-eabi/13.3.1/thumb/v7e-m+fp/hard/crtbegin.o

.rodata         0x0800c6d8      0xda4
                0x0800c6d8                        . = ALIGN (0x4)
 *(.rodata)
 .rodata        0x0800c6d8      0x214 ./Core/Src/main.o
 .rodata        0x0800c8ec       0x44 ./Middlewares/Third_Party/FatFs/src/ff.o
 *(.rodata*)
 .rodata.c_chFont1206
                0x0800c930      0x474 ./Core/Src/LCD_lib.o
                0x0800c930                c_chFont1206
 .rodata.c_chFont1608
                0x0800cda4      0x5f0 ./Core/Src/LCD_lib.o
                0x0800cda4                c_chFont1608
 .rodata.AHBPrescTable
                0x0800d394       0x10 ./Core/Src/system_stm32f4xx.o
                0x0800d394                AHBPrescTable
 .rodata.APBPrescTable
                0x0800d3a4        0x8 ./Core/Src/system_stm32f4xx.o
                0x0800d3a4                APBPrescTable
 .rodata.flagBitshiftOffset.0
                0x0800d3ac        0x8 ./Drivers/STM32F4xx_HAL_Driver/Src/stm32f4xx_hal_dma.o
 .rodata.SD_Driver
                0x0800d3b4       0x14 ./FATFS/Target/sd_diskio.o
                0x0800d3b4                SD_Driver
 .rodata.ExCvt  0x0800d3c8       0x80 ./Middlewares/Third_Party/FatFs/src/ff.o
 .rodata._svfprintf_r.str1.1
                0x0800d448       0x33 C:/ST/STM32CubeIDE_1.18.1/STM32CubeIDE/plugins/com.st.stm32cube.ide.mcu.externaltools.gnu-tools-for-stm32.13.3.rel1.win32_1.0.0.202411081344/tools/bin/../lib/gcc/arm-none-eabi/13.3.1/../../../../arm-none-eabi/lib/thumb/v7e-m+fp/hard\libc_nano.a(libc_a-nano-svfprintf.o)
                                 0x11 (size before relaxing)
 .rodata._printf_i.str1.1
                0x0800d47b       0x22 C:/ST/STM32CubeIDE_1.18.1/STM32CubeIDE/plugins/com.st.stm32cube.ide.mcu.externaltools.gnu-tools-for-stm32.13.3.rel1.win32_1.0.0.202411081344/tools/bin/../lib/gcc/arm-none-eabi/13.3.1/../../../../arm-none-eabi/lib/thumb/v7e-m+fp/hard\libc_nano.a(libc_a-nano-vfprintf_i.o)
                0x0800d4a0                        . = ALIGN (0x4)
 *fill*         0x0800d47b        0x1 

.ARM.extab      0x0800d47c        0x0
                0x0800d47c                        . = ALIGN (0x4)
 *(.ARM.extab* .gnu.linkonce.armextab.*)
                0x0800d47c                        . = ALIGN (0x4)

.ARM            0x0800d47c        0x8
                0x0800d47c                        . = ALIGN (0x4)
                0x0800d47c                        __exidx_start = .
 *(.ARM.exidx*)
 .ARM.exidx     0x0800d47c        0x8 C:/ST/STM32CubeIDE_1.18.1/STM32CubeIDE/plugins/com.st.stm32cube.ide.mcu.externaltools.gnu-tools-for-stm32.13.3.rel1.win32_1.0.0.202411081344/tools/bin/../lib/gcc/arm-none-eabi/13.3.1/../../../../arm-none-eabi/lib/thumb/v7e-m+fp/hard\libc_nano.a(libc_a-memchr.o)
 .ARM.exidx     0x0800d484        0x0 C:/ST/STM32CubeIDE_1.18.1/STM32CubeIDE/plugins/com.st.stm32cube.ide.mcu.externaltools.gnu-tools-for-stm32.13.3.rel1.win32_1.0.0.202411081344/tools/bin/../lib/gcc/arm-none-eabi/13.3.1/thumb/v7e-m+fp/hard\libgcc.a(_udivmoddi4.o)
                                  0x8 (size before relaxing)
                0x0800d484                        __exidx_end = .
                0x0800d484                        . = ALIGN (0x4)

.preinit_array  0x0800d484        0x0
                0x0800d484                        . = ALIGN (0x4)
                0x0800d484                        PROVIDE (__preinit_array_start = .)
 *(.preinit_array*)
                0x0800d484                        PROVIDE (__preinit_array_end = .)
                0x0800d484                        . = ALIGN (0x4)

.init_array     0x0800d484        0x4
                0x0800d484                        . = ALIGN (0x4)
                0x0800d484                        PROVIDE (__init_array_start = .)
 *(SORT_BY_NAME(.init_array.*))
 *(.init_array*)
 .init_array    0x0800d484        0x4 C:/ST/STM32CubeIDE_1.18.1/STM32CubeIDE/plugins/com.st.stm32cube.ide.mcu.externaltools.gnu-tools-for-stm32.13.3.rel1.win32_1.0.0.202411081344/tools/bin/../lib/gcc/arm-none-eabi/13.3.1/thumb/v7e-m+fp/hard/crtbegin.o
                0x0800d488                        PROVIDE (__init_array_end = .)
                0x0800d488                        . = ALIGN (0x4)

.fini_array     0x0800d488        0x4
                0x0800d488                        . = ALIGN (0x4)
                [!provide]                        PROVIDE (__fini_array_start = .)
 *(SORT_BY_NAME(.fini_array.*))
 *(.fini_array*)
 .fini_array    0x0800d488        0x4 C:/ST/STM32CubeIDE_1.18.1/STM32CubeIDE/plugins/com.st.stm32cube.ide.mcu.externaltools.gnu-tools-for-stm32.13.3.rel1.win32_1.0.0.202411081344/tools/bin/../lib/gcc/arm-none-eabi/13.3.1/thumb/v7e-m+fp/hard/crtbegin.o
                [!provide]                        PROVIDE (__fini_array_end = .)
                0x0800d48c                        . = ALIGN (0x4)
                0x0800d48c                        _sidata = LOADADDR (.data)

.rel.dyn        0x0800d48c        0x0
 .rel.iplt      0x0800d48c        0x0 C:/ST/STM32CubeIDE_1.18.1/STM32CubeIDE/plugins/com.st.stm32cube.ide.mcu.externaltools.gnu-tools-for-stm32.13.3.rel1.win32_1.0.0.202411081344/tools/bin/../lib/gcc/arm-none-eabi/13.3.1/thumb/v7e-m+fp/hard/crtbegin.o

.data           0x20000000       0x60 load address 0x0800d48c
                0x20000000                        . = ALIGN (0x4)
                0x20000000                        _sdata = .
 *(.data)
 *(.data*)
 .data.wavDataOffset
                0x20000000        0x4 ./Core/Src/main.o
                0x20000000                wavDataOffset
 .data.SystemCoreClock
                0x20000004        0x4 ./Core/Src/system_stm32f4xx.o
                0x20000004                SystemCoreClock
 .data.uwTickPrio
                0x20000008        0x4 ./Drivers/STM32F4xx_HAL_Driver/Src/stm32f4xx_hal.o
                0x20000008                uwTickPrio
 .data.uwTickFreq
                0x2000000c        0x1 ./Drivers/STM32F4xx_HAL_Driver/Src/stm32f4xx_hal.o
                0x2000000c                uwTickFreq
 .data.Stat     0x2000000d        0x1 ./FATFS/Target/sd_diskio.o
 *fill*         0x2000000e        0x2 
 .data._impure_ptr
                0x20000010        0x4 C:/ST/STM32CubeIDE_1.18.1/STM32CubeIDE/plugins/com.st.stm32cube.ide.mcu.externaltools.gnu-tools-for-stm32.13.3.rel1.win32_1.0.0.202411081344/tools/bin/../lib/gcc/arm-none-eabi/13.3.1/../../../../arm-none-eabi/lib/thumb/v7e-m+fp/hard\libc_nano.a(libc_a-impure.o)
                0x20000010                _impure_ptr
 .data._impure_data
                0x20000014       0x4c C:/ST/STM32CubeIDE_1.18.1/STM32CubeIDE/plugins/com.st.stm32cube.ide.mcu.externaltools.gnu-tools-for-stm32.13.3.rel1.win32_1.0.0.202411081344/tools/bin/../lib/gcc/arm-none-eabi/13.3.1/../../../../arm-none-eabi/lib/thumb/v7e-m+fp/hard\libc_nano.a(libc_a-impure.o)
                0x20000014                _impure_data
 *(.RamFunc)
 *(.RamFunc*)
                0x20000060                        . = ALIGN (0x4)
                0x20000060                        _edata = .
                0x0800d4ec                        _siccmram = LOADADDR (.ccmram)

.igot.plt       0x20000060        0x0 load address 0x0800d4ec
 .igot.plt      0x20000060        0x0 C:/ST/STM32CubeIDE_1.18.1/STM32CubeIDE/plugins/com.st.stm32cube.ide.mcu.externaltools.gnu-tools-for-stm32.13.3.rel1.win32_1.0.0.202411081344/tools/bin/../lib/gcc/arm-none-eabi/13.3.1/thumb/v7e-m+fp/hard/crtbegin.o

.ccmram         0x10000000        0x0 load address 0x0800d4ec
                0x10000000                        . = ALIGN (0x4)
                0x10000000                        _sccmram = .
 *(.ccmram)
 *(.ccmram*)
                0x10000000                        . = ALIGN (0x4)
                0x10000000                        _eccmram = .
                0x10000000                        . = ALIGN (0x4)

.bss            0x20000060     0x3330
                0x20000060                        _sbss = .
                0x20000060                        __bss_start__ = _sbss
 *(.bss)
 .bss           0x20000060       0x1c C:/ST/STM32CubeIDE_1.18.1/STM32CubeIDE/plugins/com.st.stm32cube.ide.mcu.externaltools.gnu-tools-for-stm32.13.3.rel1.win32_1.0.0.202411081344/tools/bin/../lib/gcc/arm-none-eabi/13.3.1/thumb/v7e-m+fp/hard/crtbegin.o
 *(.bss*)
 .bss.hadc1     0x2000007c       0x48 ./Core/Src/main.o
                0x2000007c                hadc1
 .bss.hdma_adc1
                0x200000c4       0x60 ./Core/Src/main.o
                0x200000c4                hdma_adc1
 .bss.hdac      0x20000124       0x14 ./Core/Src/main.o
                0x20000124                hdac
 .bss.hdma_dac1
                0x20000138       0x60 ./Core/Src/main.o
                0x20000138                hdma_dac1
 .bss.hsd       0x20000198       0x84 ./Core/Src/main.o
                0x20000198                hsd
 .bss.hspi1     0x2000021c       0x58 ./Core/Src/main.o
                0x2000021c                hspi1
 .bss.htim3     0x20000274       0x48 ./Core/Src/main.o
                0x20000274                htim3
 .bss.htim6     0x200002bc       0x48 ./Core/Src/main.o
                0x200002bc                htim6
 .bss.huart1    0x20000304       0x48 ./Core/Src/main.o
                0x20000304                huart1
 .bss.myFile    0x2000034c      0x230 ./Core/Src/main.o
                0x2000034c                myFile
 .bss.musicFile
                0x2000057c      0x230 ./Core/Src/main.o
                0x2000057c                musicFile
 .bss.dacBuffer
                0x200007ac     0x2000 ./Core/Src/main.o
                0x200007ac                dacBuffer
 .bss.wavTemp   0x200027ac      0x800 ./Core/Src/main.o
                0x200027ac                wavTemp
 .bss.sd_ready  0x20002fac        0x1 ./Core/Src/main.o
                0x20002fac                sd_ready
 .bss.audio_state
                0x20002fad        0x1 ./Core/Src/main.o
                0x20002fad                audio_state
 .bss.audio_half_req
                0x20002fae        0x1 ./Core/Src/main.o
                0x20002fae                audio_half_req
 .bss.audio_full_req
                0x20002faf        0x1 ./Core/Src/main.o
                0x20002faf                audio_full_req
 .bss.music_file_opened
                0x20002fb0        0x1 ./Core/Src/main.o
                0x20002fb0                music_file_opened
 .bss.audio_finished
                0x20002fb1        0x1 ./Core/Src/main.o
                0x20002fb1                audio_finished
 *fill*         0x20002fb2        0x2 
 .bss.audio_total_samples
                0x20002fb4        0x4 ./Core/Src/main.o
                0x20002fb4                audio_total_samples
 .bss.audio_played_samples
                0x20002fb8        0x4 ./Core/Src/main.o
                0x20002fb8                audio_played_samples
 *fill*         0x20002fbc        0x4 
 .bss.Adc       0x20002fc0       0x10 ./Core/Src/main.o
                0x20002fc0                Adc
 .bss.Flg       0x20002fd0        0x1 ./Core/Src/main.o
                0x20002fd0                Flg
 *fill*         0x20002fd1        0x3 
 .bss.__sbrk_heap_end
                0x20002fd4        0x4 ./Core/Src/sysmem.o
 .bss.uwTick    0x20002fd8        0x4 ./Drivers/STM32F4xx_HAL_Driver/Src/stm32f4xx_hal.o
                0x20002fd8                uwTick
 .bss.retSD     0x20002fdc        0x1 ./FATFS/App/fatfs.o
                0x20002fdc                retSD
 *fill*         0x20002fdd        0x3 
 .bss.SDPath    0x20002fe0        0x4 ./FATFS/App/fatfs.o
                0x20002fe0                SDPath
 .bss.SDFatFS   0x20002fe4      0x230 ./FATFS/App/fatfs.o
                0x20002fe4                SDFatFS
 .bss.FatFs     0x20003214        0x4 ./Middlewares/Third_Party/FatFs/src/ff.o
 .bss.Fsid      0x20003218        0x2 ./Middlewares/Third_Party/FatFs/src/ff.o
 *fill*         0x2000321a        0x2 
 .bss.Files     0x2000321c       0x20 ./Middlewares/Third_Party/FatFs/src/ff.o
 .bss.disk      0x2000323c        0xc ./Middlewares/Third_Party/FatFs/src/ff_gen_drv.o
                0x2000323c                disk
 .bss.__sf      0x20003248      0x138 C:/ST/STM32CubeIDE_1.18.1/STM32CubeIDE/plugins/com.st.stm32cube.ide.mcu.externaltools.gnu-tools-for-stm32.13.3.rel1.win32_1.0.0.202411081344/tools/bin/../lib/gcc/arm-none-eabi/13.3.1/../../../../arm-none-eabi/lib/thumb/v7e-m+fp/hard\libc_nano.a(libc_a-findfp.o)
                0x20003248                __sf
 .bss.errno     0x20003380        0x4 C:/ST/STM32CubeIDE_1.18.1/STM32CubeIDE/plugins/com.st.stm32cube.ide.mcu.externaltools.gnu-tools-for-stm32.13.3.rel1.win32_1.0.0.202411081344/tools/bin/../lib/gcc/arm-none-eabi/13.3.1/../../../../arm-none-eabi/lib/thumb/v7e-m+fp/hard\libc_nano.a(libc_a-reent.o)
                0x20003380                errno
 .bss.__lock___malloc_recursive_mutex
                0x20003384        0x1 C:/ST/STM32CubeIDE_1.18.1/STM32CubeIDE/plugins/com.st.stm32cube.ide.mcu.externaltools.gnu-tools-for-stm32.13.3.rel1.win32_1.0.0.202411081344/tools/bin/../lib/gcc/arm-none-eabi/13.3.1/../../../../arm-none-eabi/lib/thumb/v7e-m+fp/hard\libc_nano.a(libc_a-lock.o)
                0x20003384                __lock___malloc_recursive_mutex
 *fill*         0x20003385        0x3 
 .bss.__malloc_sbrk_start
                0x20003388        0x4 C:/ST/STM32CubeIDE_1.18.1/STM32CubeIDE/plugins/com.st.stm32cube.ide.mcu.externaltools.gnu-tools-for-stm32.13.3.rel1.win32_1.0.0.202411081344/tools/bin/../lib/gcc/arm-none-eabi/13.3.1/../../../../arm-none-eabi/lib/thumb/v7e-m+fp/hard\libc_nano.a(libc_a-mallocr.o)
                0x20003388                __malloc_sbrk_start
 .bss.__malloc_free_list
                0x2000338c        0x4 C:/ST/STM32CubeIDE_1.18.1/STM32CubeIDE/plugins/com.st.stm32cube.ide.mcu.externaltools.gnu-tools-for-stm32.13.3.rel1.win32_1.0.0.202411081344/tools/bin/../lib/gcc/arm-none-eabi/13.3.1/../../../../arm-none-eabi/lib/thumb/v7e-m+fp/hard\libc_nano.a(libc_a-mallocr.o)
                0x2000338c                __malloc_free_list
 *(COMMON)
                0x20003390                        . = ALIGN (0x4)
                0x20003390                        _ebss = .
                0x20003390                        __bss_end__ = _ebss

._user_heap_stack
                0x20003390      0x600
                0x20003390                        . = ALIGN (0x8)
                [!provide]                        PROVIDE (end = .)
                0x20003390                        PROVIDE (_end = .)
                0x20003590                        . = (. + _Min_Heap_Size)
 *fill*         0x20003390      0x200 
                0x20003990                        . = (. + _Min_Stack_Size)
 *fill*         0x20003590      0x400 
                0x20003990                        . = ALIGN (0x8)

/DISCARD/
 libc.a(*)
 libm.a(*)
 libgcc.a(*)

.ARM.attributes
                0x00000000       0x30
 *(.ARM.attributes)
 .ARM.attributes
                0x00000000       0x22 C:/ST/STM32CubeIDE_1.18.1/STM32CubeIDE/plugins/com.st.stm32cube.ide.mcu.externaltools.gnu-tools-for-stm32.13.3.rel1.win32_1.0.0.202411081344/tools/bin/../lib/gcc/arm-none-eabi/13.3.1/thumb/v7e-m+fp/hard/crti.o
 .ARM.attributes
                0x00000022       0x34 C:/ST/STM32CubeIDE_1.18.1/STM32CubeIDE/plugins/com.st.stm32cube.ide.mcu.externaltools.gnu-tools-for-stm32.13.3.rel1.win32_1.0.0.202411081344/tools/bin/../lib/gcc/arm-none-eabi/13.3.1/thumb/v7e-m+fp/hard/crtbegin.o
 .ARM.attributes
                0x00000056       0x34 ./Core/Src/LCD_Driver.o
 .ARM.attributes
                0x0000008a       0x34 ./Core/Src/LCD_lib.o
 .ARM.attributes
                0x000000be       0x34 ./Core/Src/main.o
 .ARM.attributes
                0x000000f2       0x34 ./Core/Src/stm32f4xx_hal_msp.o
 .ARM.attributes
                0x00000126       0x34 ./Core/Src/stm32f4xx_it.o
 .ARM.attributes
                0x0000015a       0x34 ./Core/Src/sysmem.o
 .ARM.attributes
                0x0000018e       0x34 ./Core/Src/system_stm32f4xx.o
 .ARM.attributes
                0x000001c2       0x34 ./Core/Src/tmpsensor.o
 .ARM.attributes
                0x000001f6       0x34 ./Core/Src/touch.o
 .ARM.attributes
                0x0000022a       0x34 ./Core/Src/xpt2046.o
 .ARM.attributes
                0x0000025e       0x21 ./Core/Startup/startup_stm32f405rgtx.o
 .ARM.attributes
                0x0000027f       0x34 ./Drivers/STM32F4xx_HAL_Driver/Src/stm32f4xx_hal.o
 .ARM.attributes
                0x000002b3       0x34 ./Drivers/STM32F4xx_HAL_Driver/Src/stm32f4xx_hal_adc.o
 .ARM.attributes
                0x000002e7       0x34 ./Drivers/STM32F4xx_HAL_Driver/Src/stm32f4xx_hal_adc_ex.o
 .ARM.attributes
                0x0000031b       0x34 ./Drivers/STM32F4xx_HAL_Driver/Src/stm32f4xx_hal_cortex.o
 .ARM.attributes
                0x0000034f       0x34 ./Drivers/STM32F4xx_HAL_Driver/Src/stm32f4xx_hal_dac.o
 .ARM.attributes
                0x00000383       0x34 ./Drivers/STM32F4xx_HAL_Driver/Src/stm32f4xx_hal_dac_ex.o
 .ARM.attributes
                0x000003b7       0x34 ./Drivers/STM32F4xx_HAL_Driver/Src/stm32f4xx_hal_dma.o
 .ARM.attributes
                0x000003eb       0x34 ./Drivers/STM32F4xx_HAL_Driver/Src/stm32f4xx_hal_gpio.o
 .ARM.attributes
                0x0000041f       0x34 ./Drivers/STM32F4xx_HAL_Driver/Src/stm32f4xx_hal_rcc.o
 .ARM.attributes
                0x00000453       0x34 ./Drivers/STM32F4xx_HAL_Driver/Src/stm32f4xx_hal_sd.o
 .ARM.attributes
                0x00000487       0x34 ./Drivers/STM32F4xx_HAL_Driver/Src/stm32f4xx_hal_spi.o
 .ARM.attributes
                0x000004bb       0x34 ./Drivers/STM32F4xx_HAL_Driver/Src/stm32f4xx_hal_tim.o
 .ARM.attributes
                0x000004ef       0x34 ./Drivers/STM32F4xx_HAL_Driver/Src/stm32f4xx_hal_tim_ex.o
 .ARM.attributes
                0x00000523       0x34 ./Drivers/STM32F4xx_HAL_Driver/Src/stm32f4xx_hal_uart.o
 .ARM.attributes
                0x00000557       0x34 ./Drivers/STM32F4xx_HAL_Driver/Src/stm32f4xx_ll_sdmmc.o
 .ARM.attributes
                0x0000058b       0x34 ./FATFS/App/fatfs.o
 .ARM.attributes
                0x000005bf       0x34 ./FATFS/Target/bsp_driver_sd.o
 .ARM.attributes
                0x000005f3       0x34 ./FATFS/Target/sd_diskio.o
 .ARM.attributes
                0x00000627       0x34 ./Middlewares/Third_Party/FatFs/src/diskio.o
 .ARM.attributes
                0x0000065b       0x34 ./Middlewares/Third_Party/FatFs/src/ff.o
 .ARM.attributes
                0x0000068f       0x34 ./Middlewares/Third_Party/FatFs/src/ff_gen_drv.o
 .ARM.attributes
                0x000006c3       0x34 C:/ST/STM32CubeIDE_1.18.1/STM32CubeIDE/plugins/com.st.stm32cube.ide.mcu.externaltools.gnu-tools-for-stm32.13.3.rel1.win32_1.0.0.202411081344/tools/bin/../lib/gcc/arm-none-eabi/13.3.1/../../../../arm-none-eabi/lib/thumb/v7e-m+fp/hard\libc_nano.a(libc_a-findfp.o)
 .ARM.attributes
                0x000006f7       0x34 C:/ST/STM32CubeIDE_1.18.1/STM32CubeIDE/plugins/com.st.stm32cube.ide.mcu.externaltools.gnu-tools-for-stm32.13.3.rel1.win32_1.0.0.202411081344/tools/bin/../lib/gcc/arm-none-eabi/13.3.1/../../../../arm-none-eabi/lib/thumb/v7e-m+fp/hard\libc_nano.a(libc_a-sprintf.o)
 .ARM.attributes
                0x0000072b       0x34 C:/ST/STM32CubeIDE_1.18.1/STM32CubeIDE/plugins/com.st.stm32cube.ide.mcu.externaltools.gnu-tools-for-stm32.13.3.rel1.win32_1.0.0.202411081344/tools/bin/../lib/gcc/arm-none-eabi/13.3.1/../../../../arm-none-eabi/lib/thumb/v7e-m+fp/hard\libc_nano.a(libc_a-memcmp.o)
 .ARM.attributes
                0x0000075f       0x34 C:/ST/STM32CubeIDE_1.18.1/STM32CubeIDE/plugins/com.st.stm32cube.ide.mcu.externaltools.gnu-tools-for-stm32.13.3.rel1.win32_1.0.0.202411081344/tools/bin/../lib/gcc/arm-none-eabi/13.3.1/../../../../arm-none-eabi/lib/thumb/v7e-m+fp/hard\libc_nano.a(libc_a-memset.o)
 .ARM.attributes
                0x00000793       0x34 C:/ST/STM32CubeIDE_1.18.1/STM32CubeIDE/plugins/com.st.stm32cube.ide.mcu.externaltools.gnu-tools-for-stm32.13.3.rel1.win32_1.0.0.202411081344/tools/bin/../lib/gcc/arm-none-eabi/13.3.1/../../../../arm-none-eabi/lib/thumb/v7e-m+fp/hard\libc_nano.a(libc_a-reent.o)
 .ARM.attributes
                0x000007c7       0x34 C:/ST/STM32CubeIDE_1.18.1/STM32CubeIDE/plugins/com.st.stm32cube.ide.mcu.externaltools.gnu-tools-for-stm32.13.3.rel1.win32_1.0.0.202411081344/tools/bin/../lib/gcc/arm-none-eabi/13.3.1/../../../../arm-none-eabi/lib/thumb/v7e-m+fp/hard\libc_nano.a(libc_a-impure.o)
 .ARM.attributes
                0x000007fb       0x34 C:/ST/STM32CubeIDE_1.18.1/STM32CubeIDE/plugins/com.st.stm32cube.ide.mcu.externaltools.gnu-tools-for-stm32.13.3.rel1.win32_1.0.0.202411081344/tools/bin/../lib/gcc/arm-none-eabi/13.3.1/../../../../arm-none-eabi/lib/thumb/v7e-m+fp/hard\libc_nano.a(libc_a-errno.o)
 .ARM.attributes
                0x0000082f       0x34 C:/ST/STM32CubeIDE_1.18.1/STM32CubeIDE/plugins/com.st.stm32cube.ide.mcu.externaltools.gnu-tools-for-stm32.13.3.rel1.win32_1.0.0.202411081344/tools/bin/../lib/gcc/arm-none-eabi/13.3.1/../../../../arm-none-eabi/lib/thumb/v7e-m+fp/hard\libc_nano.a(libc_a-init.o)
 .ARM.attributes
                0x00000863       0x34 C:/ST/STM32CubeIDE_1.18.1/STM32CubeIDE/plugins/com.st.stm32cube.ide.mcu.externaltools.gnu-tools-for-stm32.13.3.rel1.win32_1.0.0.202411081344/tools/bin/../lib/gcc/arm-none-eabi/13.3.1/../../../../arm-none-eabi/lib/thumb/v7e-m+fp/hard\libc_nano.a(libc_a-lock.o)
 .ARM.attributes
                0x00000897       0x34 C:/ST/STM32CubeIDE_1.18.1/STM32CubeIDE/plugins/com.st.stm32cube.ide.mcu.externaltools.gnu-tools-for-stm32.13.3.rel1.win32_1.0.0.202411081344/tools/bin/../lib/gcc/arm-none-eabi/13.3.1/../../../../arm-none-eabi/lib/thumb/v7e-m+fp/hard\libc_nano.a(libc_a-strcpy.o)
 .ARM.attributes
                0x000008cb       0x34 C:/ST/STM32CubeIDE_1.18.1/STM32CubeIDE/plugins/com.st.stm32cube.ide.mcu.externaltools.gnu-tools-for-stm32.13.3.rel1.win32_1.0.0.202411081344/tools/bin/../lib/gcc/arm-none-eabi/13.3.1/../../../../arm-none-eabi/lib/thumb/v7e-m+fp/hard\libc_nano.a(libc_a-freer.o)
 .ARM.attributes
                0x000008ff       0x34 C:/ST/STM32CubeIDE_1.18.1/STM32CubeIDE/plugins/com.st.stm32cube.ide.mcu.externaltools.gnu-tools-for-stm32.13.3.rel1.win32_1.0.0.202411081344/tools/bin/../lib/gcc/arm-none-eabi/13.3.1/../../../../arm-none-eabi/lib/thumb/v7e-m+fp/hard\libc_nano.a(libc_a-mallocr.o)
 .ARM.attributes
                0x00000933       0x34 C:/ST/STM32CubeIDE_1.18.1/STM32CubeIDE/plugins/com.st.stm32cube.ide.mcu.externaltools.gnu-tools-for-stm32.13.3.rel1.win32_1.0.0.202411081344/tools/bin/../lib/gcc/arm-none-eabi/13.3.1/../../../../arm-none-eabi/lib/thumb/v7e-m+fp/hard\libc_nano.a(libc_a-mlock.o)
 .ARM.attributes
                0x00000967       0x34 C:/ST/STM32CubeIDE_1.18.1/STM32CubeIDE/plugins/com.st.stm32cube.ide.mcu.externaltools.gnu-tools-for-stm32.13.3.rel1.win32_1.0.0.202411081344/tools/bin/../lib/gcc/arm-none-eabi/13.3.1/../../../../arm-none-eabi/lib/thumb/v7e-m+fp/hard\libc_nano.a(libc_a-nano-svfprintf.o)
 .ARM.attributes
                0x0000099b       0x34 C:/ST/STM32CubeIDE_1.18.1/STM32CubeIDE/plugins/com.st.stm32cube.ide.mcu.externaltools.gnu-tools-for-stm32.13.3.rel1.win32_1.0.0.202411081344/tools/bin/../lib/gcc/arm-none-eabi/13.3.1/../../../../arm-none-eabi/lib/thumb/v7e-m+fp/hard\libc_nano.a(libc_a-nano-vfprintf_i.o)
 .ARM.attributes
                0x000009cf       0x34 C:/ST/STM32CubeIDE_1.18.1/STM32CubeIDE/plugins/com.st.stm32cube.ide.mcu.externaltools.gnu-tools-for-stm32.13.3.rel1.win32_1.0.0.202411081344/tools/bin/../lib/gcc/arm-none-eabi/13.3.1/../../../../arm-none-eabi/lib/thumb/v7e-m+fp/hard\libc_nano.a(libc_a-memmove.o)
 .ARM.attributes
                0x00000a03       0x34 C:/ST/STM32CubeIDE_1.18.1/STM32CubeIDE/plugins/com.st.stm32cube.ide.mcu.externaltools.gnu-tools-for-stm32.13.3.rel1.win32_1.0.0.202411081344/tools/bin/../lib/gcc/arm-none-eabi/13.3.1/../../../../arm-none-eabi/lib/thumb/v7e-m+fp/hard\libc_nano.a(libc_a-sbrkr.o)
 .ARM.attributes
                0x00000a37       0x1c C:/ST/STM32CubeIDE_1.18.1/STM32CubeIDE/plugins/com.st.stm32cube.ide.mcu.externaltools.gnu-tools-for-stm32.13.3.rel1.win32_1.0.0.202411081344/tools/bin/../lib/gcc/arm-none-eabi/13.3.1/../../../../arm-none-eabi/lib/thumb/v7e-m+fp/hard\libc_nano.a(libc_a-memchr.o)
 .ARM.attributes
                0x00000a53       0x34 C:/ST/STM32CubeIDE_1.18.1/STM32CubeIDE/plugins/com.st.stm32cube.ide.mcu.externaltools.gnu-tools-for-stm32.13.3.rel1.win32_1.0.0.202411081344/tools/bin/../lib/gcc/arm-none-eabi/13.3.1/../../../../arm-none-eabi/lib/thumb/v7e-m+fp/hard\libc_nano.a(libc_a-memcpy-stub.o)
 .ARM.attributes
                0x00000a87       0x34 C:/ST/STM32CubeIDE_1.18.1/STM32CubeIDE/plugins/com.st.stm32cube.ide.mcu.externaltools.gnu-tools-for-stm32.13.3.rel1.win32_1.0.0.202411081344/tools/bin/../lib/gcc/arm-none-eabi/13.3.1/../../../../arm-none-eabi/lib/thumb/v7e-m+fp/hard\libc_nano.a(libc_a-reallocr.o)
 .ARM.attributes
                0x00000abb       0x34 C:/ST/STM32CubeIDE_1.18.1/STM32CubeIDE/plugins/com.st.stm32cube.ide.mcu.externaltools.gnu-tools-for-stm32.13.3.rel1.win32_1.0.0.202411081344/tools/bin/../lib/gcc/arm-none-eabi/13.3.1/../../../../arm-none-eabi/lib/thumb/v7e-m+fp/hard\libc_nano.a(libc_a-msizer.o)
 .ARM.attributes
                0x00000aef       0x22 C:/ST/STM32CubeIDE_1.18.1/STM32CubeIDE/plugins/com.st.stm32cube.ide.mcu.externaltools.gnu-tools-for-stm32.13.3.rel1.win32_1.0.0.202411081344/tools/bin/../lib/gcc/arm-none-eabi/13.3.1/thumb/v7e-m+fp/hard\libgcc.a(_arm_addsubdf3.o)
 .ARM.attributes
                0x00000b11       0x22 C:/ST/STM32CubeIDE_1.18.1/STM32CubeIDE/plugins/com.st.stm32cube.ide.mcu.externaltools.gnu-tools-for-stm32.13.3.rel1.win32_1.0.0.202411081344/tools/bin/../lib/gcc/arm-none-eabi/13.3.1/thumb/v7e-m+fp/hard\libgcc.a(_arm_muldivdf3.o)
 .ARM.attributes
                0x00000b33       0x22 C:/ST/STM32CubeIDE_1.18.1/STM32CubeIDE/plugins/com.st.stm32cube.ide.mcu.externaltools.gnu-tools-for-stm32.13.3.rel1.win32_1.0.0.202411081344/tools/bin/../lib/gcc/arm-none-eabi/13.3.1/thumb/v7e-m+fp/hard\libgcc.a(_arm_fixdfsi.o)
 .ARM.attributes
                0x00000b55       0x22 C:/ST/STM32CubeIDE_1.18.1/STM32CubeIDE/plugins/com.st.stm32cube.ide.mcu.externaltools.gnu-tools-for-stm32.13.3.rel1.win32_1.0.0.202411081344/tools/bin/../lib/gcc/arm-none-eabi/13.3.1/thumb/v7e-m+fp/hard\libgcc.a(_aeabi_uldivmod.o)
 .ARM.attributes
                0x00000b77       0x34 C:/ST/STM32CubeIDE_1.18.1/STM32CubeIDE/plugins/com.st.stm32cube.ide.mcu.externaltools.gnu-tools-for-stm32.13.3.rel1.win32_1.0.0.202411081344/tools/bin/../lib/gcc/arm-none-eabi/13.3.1/thumb/v7e-m+fp/hard\libgcc.a(_udivmoddi4.o)
 .ARM.attributes
                0x00000bab       0x22 C:/ST/STM32CubeIDE_1.18.1/STM32CubeIDE/plugins/com.st.stm32cube.ide.mcu.externaltools.gnu-tools-for-stm32.13.3.rel1.win32_1.0.0.202411081344/tools/bin/../lib/gcc/arm-none-eabi/13.3.1/thumb/v7e-m+fp/hard\libgcc.a(_dvmd_tls.o)
 .ARM.attributes
                0x00000bcd       0x22 C:/ST/STM32CubeIDE_1.18.1/STM32CubeIDE/plugins/com.st.stm32cube.ide.mcu.externaltools.gnu-tools-for-stm32.13.3.rel1.win32_1.0.0.202411081344/tools/bin/../lib/gcc/arm-none-eabi/13.3.1/thumb/v7e-m+fp/hard/crtn.o
OUTPUT(project.elf elf32-littlearm)
LOAD linker stubs
LOAD C:/ST/STM32CubeIDE_1.18.1/STM32CubeIDE/plugins/com.st.stm32cube.ide.mcu.externaltools.gnu-tools-for-stm32.13.3.rel1.win32_1.0.0.202411081344/tools/bin/../lib/gcc/arm-none-eabi/13.3.1/../../../../arm-none-eabi/lib/thumb/v7e-m+fp/hard\libc.a
LOAD C:/ST/STM32CubeIDE_1.18.1/STM32CubeIDE/plugins/com.st.stm32cube.ide.mcu.externaltools.gnu-tools-for-stm32.13.3.rel1.win32_1.0.0.202411081344/tools/bin/../lib/gcc/arm-none-eabi/13.3.1/../../../../arm-none-eabi/lib/thumb/v7e-m+fp/hard\libm.a
LOAD C:/ST/STM32CubeIDE_1.18.1/STM32CubeIDE/plugins/com.st.stm32cube.ide.mcu.externaltools.gnu-tools-for-stm32.13.3.rel1.win32_1.0.0.202411081344/tools/bin/../lib/gcc/arm-none-eabi/13.3.1/thumb/v7e-m+fp/hard\libgcc.a

.debug_info     0x00000000    0x1be45
 .debug_info    0x00000000      0xf75 ./Core/Src/LCD_Driver.o
 .debug_info    0x00000f75       0xe5 ./Core/Src/LCD_lib.o
 .debug_info    0x0000105a     0x2be2 ./Core/Src/main.o
 .debug_info    0x00003c3c     0x1bc8 ./Core/Src/stm32f4xx_hal_msp.o
 .debug_info    0x00005804      0xa17 ./Core/Src/stm32f4xx_it.o
 .debug_info    0x0000621b      0x168 ./Core/Src/sysmem.o
 .debug_info    0x00006383      0x512 ./Core/Src/system_stm32f4xx.o
 .debug_info    0x00006895       0xf3 ./Core/Src/tmpsensor.o
 .debug_info    0x00006988      0x5e1 ./Core/Src/touch.o
 .debug_info    0x00006f69      0x8c3 ./Core/Src/xpt2046.o
 .debug_info    0x0000782c       0x30 ./Core/Startup/startup_stm32f405rgtx.o
 .debug_info    0x0000785c      0x932 ./Drivers/STM32F4xx_HAL_Driver/Src/stm32f4xx_hal.o
 .debug_info    0x0000818e      0xce3 ./Drivers/STM32F4xx_HAL_Driver/Src/stm32f4xx_hal_adc.o
 .debug_info    0x00008e71      0xb68 ./Drivers/STM32F4xx_HAL_Driver/Src/stm32f4xx_hal_adc_ex.o
 .debug_info    0x000099d9      0xd7a ./Drivers/STM32F4xx_HAL_Driver/Src/stm32f4xx_hal_cortex.o
 .debug_info    0x0000a753      0xa01 ./Drivers/STM32F4xx_HAL_Driver/Src/stm32f4xx_hal_dac.o
 .debug_info    0x0000b154      0x750 ./Drivers/STM32F4xx_HAL_Driver/Src/stm32f4xx_hal_dac_ex.o
 .debug_info    0x0000b8a4      0x8e7 ./Drivers/STM32F4xx_HAL_Driver/Src/stm32f4xx_hal_dma.o
 .debug_info    0x0000c18b      0x6c3 ./Drivers/STM32F4xx_HAL_Driver/Src/stm32f4xx_hal_gpio.o
 .debug_info    0x0000c84e      0x8c3 ./Drivers/STM32F4xx_HAL_Driver/Src/stm32f4xx_hal_rcc.o
 .debug_info    0x0000d111     0x1bfb ./Drivers/STM32F4xx_HAL_Driver/Src/stm32f4xx_hal_sd.o
 .debug_info    0x0000ed0c     0x1525 ./Drivers/STM32F4xx_HAL_Driver/Src/stm32f4xx_hal_spi.o
 .debug_info    0x00010231     0x299d ./Drivers/STM32F4xx_HAL_Driver/Src/stm32f4xx_hal_tim.o
 .debug_info    0x00012bce     0x14db ./Drivers/STM32F4xx_HAL_Driver/Src/stm32f4xx_hal_tim_ex.o
 .debug_info    0x000140a9     0x2f4f ./Drivers/STM32F4xx_HAL_Driver/Src/stm32f4xx_hal_uart.o
 .debug_info    0x00016ff8     0x10c4 ./Drivers/STM32F4xx_HAL_Driver/Src/stm32f4xx_ll_sdmmc.o
 .debug_info    0x000180bc      0x4d9 ./FATFS/App/fatfs.o
 .debug_info    0x00018595      0xabd ./FATFS/Target/bsp_driver_sd.o
 .debug_info    0x00019052      0x4b8 ./FATFS/Target/sd_diskio.o
 .debug_info    0x0001950a      0x3df ./Middlewares/Third_Party/FatFs/src/diskio.o
 .debug_info    0x000198e9     0x21dd ./Middlewares/Third_Party/FatFs/src/ff.o
 .debug_info    0x0001bac6      0x37f ./Middlewares/Third_Party/FatFs/src/ff_gen_drv.o

.debug_abbrev   0x00000000     0x4093
 .debug_abbrev  0x00000000      0x2d4 ./Core/Src/LCD_Driver.o
 .debug_abbrev  0x000002d4       0x72 ./Core/Src/LCD_lib.o
 .debug_abbrev  0x00000346      0x40a ./Core/Src/main.o