../Core/Src/LCD_Driver.c:24:6:spi1_init	4	static
../Core/Src/LCD_Driver.c:30:9:spi1_communication	32	static
../Core/Src/LCD_Driver.c:38:13:lcd_write_byte	16	static
../Core/Src/LCD_Driver.c:52:13:lcd_write_word	16	static
../Core/Src/LCD_Driver.c:62:13:lcd_write_command	16	static
../Core/Src/LCD_Driver.c:69:13:lcd_ctrl_port_init	8	static
../Core/Src/LCD_Driver.c:78:13:lcd_set_window	24	static
../Core/Src/LCD_Driver.c:100:6:lcd_init	8	static
../Core/Src/LCD_Driver.c:182:6:lcd_clear_screen	24	static
../Core/Src/LCD_Driver.c:199:6:lcd_set_cursor	16	static
../Core/Src/LCD_Driver.c:208:6:lcd_display_char	32	static
../Core/Src/LCD_Driver.c:251:6:lcd_display_string	40	static
../Core/Src/LCD_Driver.c:279:6:lcd_display_GB2312	32	static
../Core/Src/LCD_Driver.c:311:6:lcd_draw_dot	16	static
../Core/Src/LCD_Driver.c:322:6:lcd_draw_bigdot	24	static
../Core/Src/LCD_Driver.c:338:17:_pow	24	static
../Core/Src/LCD_Driver.c:348:6:lcd_display_num	48	static
../Core/Src/LCD_Driver.c:374:6:lcd_draw_line	56	static
../Core/Src/LCD_Driver.c:410:6:lcd_draw_circle	40	static
../Core/Src/LCD_Driver.c:438:6:lcd_fill_rect	32	static
../Core/Src/LCD_Driver.c:456:6:lcd_draw_v_line	32	static
../Core/Src/LCD_Driver.c:471:6:lcd_draw_h_line	32	static
../Core/Src/LCD_Driver.c:486:6:lcd_draw_rect	24	static
../Core/Src/LCD_Driver.c:501:6:lcd_clear_Rect	32	static
