../Core/Src/main.c:131:10:WAV_ReadU16	1
../Core/Src/main.c:136:10:WAV_ReadU32	1
../Core/Src/main.c:144:6:Audio_FillHalf	6
../Core/Src/main.c:174:9:Audio_Start	18
../Core/Src/main.c:333:6:Audio_Pause	2
../Core/Src/main.c:345:6:Audio_Resume	2
../Core/Src/main.c:364:6:Audio_Reset	3
../Core/Src/main.c:384:6:Audio_Service	7
../Core/Src/main.c:420:6:HAL_DAC_ConvHalfCpltCallbackCh1	1
../Core/Src/main.c:425:6:HAL_DAC_ConvCpltCallbackCh1	1
../Core/Src/main.c:435:5:main	32
../Core/Src/main.c:729:6:SystemClock_Config	3
../Core/Src/main.c:775:13:MX_ADC1_Init	4
../Core/Src/main.c:836:13:MX_DAC_Init	3
../Core/Src/main.c:876:13:MX_SDIO_SD_Init	1
../Core/Src/main.c:904:13:MX_SPI1_Init	2
../Core/Src/main.c:942:13:MX_TIM3_Init	4
../Core/Src/main.c:987:13:MX_TIM6_Init	3
../Core/Src/main.c:1025:13:MX_USART1_UART_Init	2
../Core/Src/main.c:1056:13:MX_DMA_Init	1
../Core/Src/main.c:1078:13:MX_GPIO_Init	1
../Core/Src/main.c:1115:7:Read_Temperature	1
../Core/Src/main.c:1140:6:HAL_ADC_ConvCpltCallback	2
../Core/Src/main.c:1155:6:Error_Handler	1
