../Core/Src/main.c:91:5:main	64	static
../Core/Src/main.c:202:6:SystemClock_Config	88	static
../Core/Src/main.c:248:13:MX_ADC1_Init	24	static
../Core/Src/main.c:309:13:MX_SPI1_Init	8	static
../Core/Src/main.c:347:13:MX_TIM3_Init	32	static
../Core/Src/main.c:390:13:MX_DMA_Init	16	static
../Core/Src/main.c:408:13:MX_GPIO_Init	40	static
../Core/Src/main.c:443:7:Read_Temperature	32	static
../Core/Src/main.c:468:6:HAL_ADC_ConvCpltCallback	16	static
../Core/Src/main.c:483:6:Error_Handler	4	static,ignoring_inline_asm
