../Core/Src/main.c:206:10:WAV_ReadU16	16	static
../Core/Src/main.c:211:10:WAV_ReadU32	16	static
../Core/Src/main.c:219:6:Audio_FillHalf	32	static
../Core/Src/main.c:249:9:Audio_Start	328	static
../Core/Src/main.c:407:6:Audio_Pause	8	static
../Core/Src/main.c:419:6:Audio_Resume	16	static
../Core/Src/main.c:438:6:Audio_Reset	8	static
../Core/Src/main.c:458:6:Audio_Service	8	static
../Core/Src/main.c:493:6:Refresh_Music_Status	24	static
../Core/Src/main.c:515:9:Enter_USB_MSC_Mode	16	static
../Core/Src/main.c:547:9:Exit_USB_MSC_Mode	24	static
../Core/Src/main.c:597:6:HAL_DAC_ConvHalfCpltCallbackCh1	16	static
../Core/Src/main.c:602:6:HAL_DAC_ConvCpltCallbackCh1	16	static
../Core/Src/main.c:613:5:main	16	static
../Core/Src/main.c:762:6:SystemClock_Config	88	static
../Core/Src/main.c:808:13:MX_ADC1_Init	24	static
../Core/Src/main.c:869:13:MX_DAC_Init	16	static
../Core/Src/main.c:909:13:MX_SDIO_SD_Init	4	static
../Core/Src/main.c:937:13:MX_SPI1_Init	8	static
../Core/Src/main.c:975:13:MX_TIM3_Init	32	static
../Core/Src/main.c:1020:13:MX_TIM6_Init	16	static
../Core/Src/main.c:1058:13:MX_USART1_UART_Init	8	static
../Core/Src/main.c:1089:13:MX_DMA_Init	16	static
../Core/Src/main.c:1111:13:MX_GPIO_Init	48	static
../Core/Src/main.c:1148:7:Read_Temperature	32	static
../Core/Src/main.c:1173:6:HAL_ADC_ConvCpltCallback	16	static
../Core/Src/main.c:1191:6:StartDefaultTask	64	static
../Core/Src/main.c:1245:6:StartTask02	32	static
../Core/Src/main.c:1317:6:StartTask03	136	static
../Core/Src/main.c:1392:6:StartTask04	32	static
../Core/Src/main.c:1420:6:StartTask05	104	static
../Core/Src/main.c:1474:6:Error_Handler	4	static,ignoring_inline_asm
