../Core/Src/main.c:131:10:WAV_ReadU16	1
../Core/Src/main.c:136:10:WAV_ReadU32	1
../Core/Src/main.c:144:6:Audio_FillHalf	6
../Core/Src/main.c:174:9:Audio_Start	18
../Core/Src/main.c:332:6:Audio_Pause	2
../Core/Src/main.c:344:6:Audio_Resume	2
../Core/Src/main.c:363:6:Audio_Reset	3
../Core/Src/main.c:383:6:Audio_Service	7
../Core/Src/main.c:419:6:HAL_DAC_ConvHalfCpltCallbackCh1	1
../Core/Src/main.c:424:6:HAL_DAC_ConvCpltCallbackCh1	1
../Core/Src/main.c:434:5:main	32
../Core/Src/main.c:732:6:SystemClock_Config	3
../Core/Src/main.c:778:13:MX_ADC1_Init	4
../Core/Src/main.c:839:13:MX_DAC_Init	3
../Core/Src/main.c:879:13:MX_SDIO_SD_Init	1
../Core/Src/main.c:907:13:MX_SPI1_Init	2
../Core/Src/main.c:945:13:MX_TIM3_Init	4
../Core/Src/main.c:990:13:MX_TIM6_Init	3
../Core/Src/main.c:1028:13:MX_USART1_UART_Init	2
../Core/Src/main.c:1059:13:MX_DMA_Init	1
../Core/Src/main.c:1081:13:MX_GPIO_Init	1
../Core/Src/main.c:1118:7:Read_Temperature	1
../Core/Src/main.c:1143:6:HAL_ADC_ConvCpltCallback	2
../Core/Src/main.c:1158:6:Error_Handler	1
