../Core/Src/main.c:131:10:WAV_ReadU16	16	static
../Core/Src/main.c:136:10:WAV_ReadU32	16	static
../Core/Src/main.c:144:6:Audio_FillHalf	32	static
../Core/Src/main.c:174:9:Audio_Start	328	static
../Core/Src/main.c:333:6:Audio_Pause	8	static
../Core/Src/main.c:345:6:Audio_Resume	16	static
../Core/Src/main.c:364:6:Audio_Reset	8	static
../Core/Src/main.c:384:6:Audio_Service	8	static
../Core/Src/main.c:420:6:HAL_DAC_ConvHalfCpltCallbackCh1	16	static
../Core/Src/main.c:425:6:HAL_DAC_ConvCpltCallbackCh1	16	static
../Core/Src/main.c:435:5:main	336	static
../Core/Src/main.c:729:6:SystemClock_Config	88	static
../Core/Src/main.c:775:13:MX_ADC1_Init	24	static
../Core/Src/main.c:836:13:MX_DAC_Init	16	static
../Core/Src/main.c:876:13:MX_SDIO_SD_Init	4	static
../Core/Src/main.c:904:13:MX_SPI1_Init	8	static
../Core/Src/main.c:942:13:MX_TIM3_Init	32	static
../Core/Src/main.c:987:13:MX_TIM6_Init	16	static
../Core/Src/main.c:1025:13:MX_USART1_UART_Init	8	static
../Core/Src/main.c:1056:13:MX_DMA_Init	16	static
../Core/Src/main.c:1078:13:MX_GPIO_Init	48	static
../Core/Src/main.c:1115:7:Read_Temperature	32	static
../Core/Src/main.c:1140:6:HAL_ADC_ConvCpltCallback	16	static
../Core/Src/main.c:1155:6:Error_Handler	4	static,ignoring_inline_asm
