../Core/Src/main.c:139:10:WAV_ReadU16	16	static
../Core/Src/main.c:144:10:WAV_ReadU32	16	static
../Core/Src/main.c:152:6:Audio_FillHalf	32	static
../Core/Src/main.c:182:9:Audio_Start	328	static
../Core/Src/main.c:340:6:Audio_Pause	8	static
../Core/Src/main.c:352:6:Audio_Resume	16	static
../Core/Src/main.c:371:6:Audio_Reset	8	static
../Core/Src/main.c:391:6:Audio_Service	8	static
../Core/Src/main.c:426:6:Refresh_Music_Status	24	static
../Core/Src/main.c:445:9:Enter_USB_MSC_Mode	16	static
../Core/Src/main.c:473:9:Exit_USB_MSC_Mode	24	static
../Core/Src/main.c:512:6:HAL_DAC_ConvHalfCpltCallbackCh1	16	static
../Core/Src/main.c:517:6:HAL_DAC_ConvCpltCallbackCh1	16	static
../Core/Src/main.c:527:5:main	352	static
../Core/Src/main.c:824:6:SystemClock_Config	88	static
../Core/Src/main.c:870:13:MX_ADC1_Init	24	static
../Core/Src/main.c:931:13:MX_DAC_Init	16	static
../Core/Src/main.c:971:13:MX_SDIO_SD_Init	4	static
../Core/Src/main.c:999:13:MX_SPI1_Init	8	static
../Core/Src/main.c:1037:13:MX_TIM3_Init	32	static
../Core/Src/main.c:1082:13:MX_TIM6_Init	16	static
../Core/Src/main.c:1120:13:MX_USART1_UART_Init	8	static
../Core/Src/main.c:1151:13:MX_DMA_Init	16	static
../Core/Src/main.c:1173:13:MX_GPIO_Init	48	static
../Core/Src/main.c:1210:7:Read_Temperature	32	static
../Core/Src/main.c:1235:6:HAL_ADC_ConvCpltCallback	16	static
../Core/Src/main.c:1250:6:Error_Handler	4	static,ignoring_inline_asm
