../Core/Src/main.c:131:10:WAV_ReadU16	16	static
../Core/Src/main.c:136:10:WAV_ReadU32	16	static
../Core/Src/main.c:144:6:Audio_FillHalf	32	static
../Core/Src/main.c:174:9:Audio_Start	328	static
../Core/Src/main.c:332:6:Audio_Pause	8	static
../Core/Src/main.c:344:6:Audio_Resume	16	static
../Core/Src/main.c:363:6:Audio_Reset	8	static
../Core/Src/main.c:383:6:Audio_Service	8	static
../Core/Src/main.c:419:6:HAL_DAC_ConvHalfCpltCallbackCh1	16	static
../Core/Src/main.c:424:6:HAL_DAC_ConvCpltCallbackCh1	16	static
../Core/Src/main.c:434:5:main	352	static
../Core/Src/main.c:720:6:SystemClock_Config	88	static
../Core/Src/main.c:766:13:MX_ADC1_Init	24	static
../Core/Src/main.c:827:13:MX_DAC_Init	16	static
../Core/Src/main.c:867:13:MX_SDIO_SD_Init	4	static
../Core/Src/main.c:895:13:MX_SPI1_Init	8	static
../Core/Src/main.c:933:13:MX_TIM3_Init	32	static
../Core/Src/main.c:978:13:MX_TIM6_Init	16	static
../Core/Src/main.c:1016:13:MX_USART1_UART_Init	8	static
../Core/Src/main.c:1047:13:MX_DMA_Init	16	static
../Core/Src/main.c:1069:13:MX_GPIO_Init	48	static
../Core/Src/main.c:1106:7:Read_Temperature	32	static
../Core/Src/main.c:1131:6:HAL_ADC_ConvCpltCallback	16	static
../Core/Src/main.c:1146:6:Error_Handler	4	static,ignoring_inline_asm
