2026-04-14 04:54:34,224 [INFO] Activator:176 - 


2026-04-14 04:54:34,225 [INFO] Activator:177 - !SESSION log4j initialized
2026-04-14 04:54:36,475 [INFO] LogOutputStream:77 - [STDOUT_REDIRECT] 
2026-04-14 04:55:04,135 [INFO] ApplicationProperties:184 - Using Application install path: C:\ST\STM32CubeIDE_1.17.0\STM32CubeIDE\plugins\com.st.stm32cube.common.mx_6.14.1.202504091515
2026-04-14 04:55:04,145 [INFO] DbMcusXml:78 - Set database path to: C:\ST\STM32CubeIDE_1.17.0\STM32CubeIDE\plugins\com.st.stm32cube.common.mx_6.14.1.202504091515\\db\/mcu/
2026-04-14 04:55:04,145 [INFO] ApiDb:274 - Set plugin database path to: C:\ST\STM32CubeIDE_1.17.0\STM32CubeIDE\plugins\com.st.stm32cube.common.mx_6.14.1.202504091515\\db\/plugins/boardmanager/
2026-04-14 04:55:04,149 [WARN] ApiDb:259 - Overriding images path with different value:  => C:\ST\STM32CubeIDE_1.17.0\STM32CubeIDE\plugins\com.st.stm32cube.common.mx_6.14.1.202504091515\\db\/plugins/mcufinder/images/
2026-04-14 04:55:04,152 [INFO] ApiDb:250 - Set database path to: C:\Users\DUNG\.stmcufinder\plugins\mcufinder//mcu/
2026-04-14 04:55:04,153 [INFO] DbMcusAds:125 - Set database path to: C:\Users\DUNG\.stmcufinder\plugins\mcufinder//mcu/
2026-04-14 04:55:04,166 [INFO] CrossReferenceDbSqlite:203 - Set database path to: C:\Users\DUNG\.stmcufinder\plugins\mcufinder//mcu/cs/
2026-04-14 04:55:04,249 [INFO] RulesReader:64 - Compatibility file has been processed (302 Rules)
2026-04-14 04:55:04,317 [INFO] DbMcusXml:78 - Set database path to: C:\ST\STM32CubeIDE_1.17.0\STM32CubeIDE\plugins\com.st.stm32cube.common.mx_6.14.1.202504091515\\db\/mcu/
2026-04-14 04:55:04,317 [INFO] ApiDb:274 - Set plugin database path to: C:\ST\STM32CubeIDE_1.17.0\STM32CubeIDE\plugins\com.st.stm32cube.common.mx_6.14.1.202504091515\\db\/plugins/boardmanager/
2026-04-14 04:55:04,317 [INFO] ApiDb:261 - Set plugin images path to: C:\ST\STM32CubeIDE_1.17.0\STM32CubeIDE\plugins\com.st.stm32cube.common.mx_6.14.1.202504091515\\db\/plugins/mcufinder/images/
2026-04-14 04:55:04,317 [WARN] DbFile:41 - Overriding database path with different value: C:\Users\DUNG\.stmcufinder\plugins\mcufinder/ => C:\Users\DUNG\.stmcufinder\plugins\mcufinder
2026-04-14 04:55:04,318 [INFO] ApiDb:250 - Set database path to: C:\Users\DUNG\.stmcufinder\plugins\mcufinder//mcu/
2026-04-14 04:55:04,318 [WARN] DbFile:41 - Overriding database path with different value: C:\Users\DUNG\.stmcufinder\plugins\mcufinder/ => C:\Users\DUNG\.stmcufinder\plugins\mcufinder
2026-04-14 04:55:04,318 [INFO] DbMcusAds:125 - Set database path to: C:\Users\DUNG\.stmcufinder\plugins\mcufinder//mcu/
2026-04-14 04:55:04,318 [WARN] DbFile:41 - Overriding database path with different value: C:\Users\DUNG\.stmcufinder\plugins\mcufinder/ => C:\Users\DUNG\.stmcufinder\plugins\mcufinder
2026-04-14 04:55:04,318 [WARN] DbFile:41 - Overriding database path with different value: C:\Users\DUNG\.stmcufinder\plugins\mcufinder/ => C:\Users\DUNG\.stmcufinder\plugins\mcufinder
2026-04-14 04:55:04,318 [INFO] CrossReferenceDbSqlite:203 - Set database path to: C:\Users\DUNG\.stmcufinder\plugins\mcufinder//mcu/cs/
2026-04-14 04:55:04,370 [INFO] MainPanel:272 - HeapMemory: 268435456
2026-04-14 04:55:04,436 [INFO] DbMcusXml:78 - Set database path to: C:\ST\STM32CubeIDE_1.17.0\STM32CubeIDE\plugins\com.st.stm32cube.common.mx_6.14.1.202504091515\\db\/mcu/
2026-04-14 04:55:04,436 [INFO] ApiDb:274 - Set plugin database path to: C:\ST\STM32CubeIDE_1.17.0\STM32CubeIDE\plugins\com.st.stm32cube.common.mx_6.14.1.202504091515\\db\/plugins/boardmanager/
2026-04-14 04:55:04,436 [INFO] ApiDb:261 - Set plugin images path to: C:\ST\STM32CubeIDE_1.17.0\STM32CubeIDE\plugins\com.st.stm32cube.common.mx_6.14.1.202504091515\\db\/plugins/mcufinder/images/
2026-04-14 04:55:04,438 [WARN] DbFile:41 - Overriding database path with different value: C:\Users\DUNG\.stmcufinder\plugins\mcufinder/ => C:\Users\DUNG\.stmcufinder\plugins\mcufinder
2026-04-14 04:55:04,438 [INFO] ApiDb:250 - Set database path to: C:\Users\DUNG\.stmcufinder\plugins\mcufinder//mcu/
2026-04-14 04:55:04,438 [WARN] DbFile:41 - Overriding database path with different value: C:\Users\DUNG\.stmcufinder\plugins\mcufinder/ => C:\Users\DUNG\.stmcufinder\plugins\mcufinder
2026-04-14 04:55:04,438 [INFO] DbMcusAds:125 - Set database path to: C:\Users\DUNG\.stmcufinder\plugins\mcufinder//mcu/
2026-04-14 04:55:04,438 [WARN] DbFile:41 - Overriding database path with different value: C:\Users\DUNG\.stmcufinder\plugins\mcufinder/ => C:\Users\DUNG\.stmcufinder\plugins\mcufinder
2026-04-14 04:55:04,438 [WARN] DbFile:41 - Overriding database path with different value: C:\Users\DUNG\.stmcufinder\plugins\mcufinder/ => C:\Users\DUNG\.stmcufinder\plugins\mcufinder
2026-04-14 04:55:04,438 [INFO] CrossReferenceDbSqlite:203 - Set database path to: C:\Users\DUNG\.stmcufinder\plugins\mcufinder//mcu/cs/
2026-04-14 04:55:04,449 [INFO] ApplicationProperties:184 - Using Application install path: C:\ST\STM32CubeIDE_1.17.0\STM32CubeIDE\plugins\com.st.stm32cube.common.mx_6.14.1.202504091515
2026-04-14 04:55:04,450 [INFO] PluginManage:196 - Search for loadable plugins [exclusion list=, ]
2026-04-14 04:55:04,451 [INFO] PluginManage:310 - Check plugin analytics
2026-04-14 04:55:23,509 [INFO] Activator:176 - 


2026-04-14 04:55:23,510 [INFO] Activator:177 - !SESSION log4j initialized
2026-04-14 04:55:26,192 [INFO] LogOutputStream:77 - [STDOUT_REDIRECT] 
2026-04-14 05:04:09,335 [INFO] Activator:176 - 


2026-04-14 05:04:09,338 [INFO] Activator:177 - !SESSION log4j initialized
2026-04-14 05:04:11,913 [INFO] LogOutputStream:77 - [STDOUT_REDIRECT] 
2026-04-14 05:05:15,406 [INFO] ApplicationProperties:184 - Using Application install path: C:\ST\STM32CubeIDE_1.17.0\STM32CubeIDE\plugins\com.st.stm32cube.common.mx_6.14.1.202504091515
2026-04-14 05:05:15,415 [INFO] DbMcusXml:78 - Set database path to: C:\ST\STM32CubeIDE_1.17.0\STM32CubeIDE\plugins\com.st.stm32cube.common.mx_6.14.1.202504091515\\db\/mcu/
2026-04-14 05:05:15,416 [INFO] ApiDb:274 - Set plugin database path to: C:\ST\STM32CubeIDE_1.17.0\STM32CubeIDE\plugins\com.st.stm32cube.common.mx_6.14.1.202504091515\\db\/plugins/boardmanager/
2026-04-14 05:05:15,416 [WARN] ApiDb:259 - Overriding images path with different value:  => C:\ST\STM32CubeIDE_1.17.0\STM32CubeIDE\plugins\com.st.stm32cube.common.mx_6.14.1.202504091515\\db\/plugins/mcufinder/images/
2026-04-14 05:05:15,418 [INFO] ApiDb:250 - Set database path to: C:\Users\DUNG\.stmcufinder\plugins\mcufinder//mcu/
2026-04-14 05:05:15,419 [INFO] DbMcusAds:125 - Set database path to: C:\Users\DUNG\.stmcufinder\plugins\mcufinder//mcu/
2026-04-14 05:05:15,485 [INFO] CrossReferenceDbSqlite:203 - Set database path to: C:\Users\DUNG\.stmcufinder\plugins\mcufinder//mcu/cs/
2026-04-14 05:05:15,570 [INFO] RulesReader:64 - Compatibility file has been processed (302 Rules)
2026-04-14 05:05:15,630 [INFO] DbMcusXml:78 - Set database path to: C:\ST\STM32CubeIDE_1.17.0\STM32CubeIDE\plugins\com.st.stm32cube.common.mx_6.14.1.202504091515\\db\/mcu/
2026-04-14 05:05:15,630 [INFO] ApiDb:274 - Set plugin database path to: C:\ST\STM32CubeIDE_1.17.0\STM32CubeIDE\plugins\com.st.stm32cube.common.mx_6.14.1.202504091515\\db\/plugins/boardmanager/
2026-04-14 05:05:15,631 [INFO] ApiDb:261 - Set plugin images path to: C:\ST\STM32CubeIDE_1.17.0\STM32CubeIDE\plugins\com.st.stm32cube.common.mx_6.14.1.202504091515\\db\/plugins/mcufinder/images/
2026-04-14 05:05:15,631 [WARN] DbFile:41 - Overriding database path with different value: C:\Users\DUNG\.stmcufinder\plugins\mcufinder/ => C:\Users\DUNG\.stmcufinder\plugins\mcufinder
2026-04-14 05:05:15,631 [INFO] ApiDb:250 - Set database path to: C:\Users\DUNG\.stmcufinder\plugins\mcufinder//mcu/
2026-04-14 05:05:15,631 [WARN] DbFile:41 - Overriding database path with different value: C:\Users\DUNG\.stmcufinder\plugins\mcufinder/ => C:\Users\DUNG\.stmcufinder\plugins\mcufinder
2026-04-14 05:05:15,631 [INFO] DbMcusAds:125 - Set database path to: C:\Users\DUNG\.stmcufinder\plugins\mcufinder//mcu/
2026-04-14 05:05:15,631 [WARN] DbFile:41 - Overriding database path with different value: C:\Users\DUNG\.stmcufinder\plugins\mcufinder/ => C:\Users\DUNG\.stmcufinder\plugins\mcufinder
2026-04-14 05:05:15,631 [WARN] DbFile:41 - Overriding database path with different value: C:\Users\DUNG\.stmcufinder\plugins\mcufinder/ => C:\Users\DUNG\.stmcufinder\plugins\mcufinder
2026-04-14 05:05:15,631 [INFO] CrossReferenceDbSqlite:203 - Set database path to: C:\Users\DUNG\.stmcufinder\plugins\mcufinder//mcu/cs/
2026-04-14 05:05:15,694 [INFO] MainPanel:272 - HeapMemory: 268435456
2026-04-14 05:05:15,772 [INFO] DbMcusXml:78 - Set database path to: C:\ST\STM32CubeIDE_1.17.0\STM32CubeIDE\plugins\com.st.stm32cube.common.mx_6.14.1.202504091515\\db\/mcu/
2026-04-14 05:05:15,772 [INFO] ApiDb:274 - Set plugin database path to: C:\ST\STM32CubeIDE_1.17.0\STM32CubeIDE\plugins\com.st.stm32cube.common.mx_6.14.1.202504091515\\db\/plugins/boardmanager/
2026-04-14 05:05:15,772 [INFO] ApiDb:261 - Set plugin images path to: C:\ST\STM32CubeIDE_1.17.0\STM32CubeIDE\plugins\com.st.stm32cube.common.mx_6.14.1.202504091515\\db\/plugins/mcufinder/images/
2026-04-14 05:05:15,772 [WARN] DbFile:41 - Overriding database path with different value: C:\Users\DUNG\.stmcufinder\plugins\mcufinder/ => C:\Users\DUNG\.stmcufinder\plugins\mcufinder
2026-04-14 05:05:15,772 [INFO] ApiDb:250 - Set database path to: C:\Users\DUNG\.stmcufinder\plugins\mcufinder//mcu/
2026-04-14 05:05:15,772 [WARN] DbFile:41 - Overriding database path with different value: C:\Users\DUNG\.stmcufinder\plugins\mcufinder/ => C:\Users\DUNG\.stmcufinder\plugins\mcufinder
2026-04-14 05:05:15,772 [INFO] DbMcusAds:125 - Set database path to: C:\Users\DUNG\.stmcufinder\plugins\mcufinder//mcu/
2026-04-14 05:05:15,772 [WARN] DbFile:41 - Overriding database path with different value: C:\Users\DUNG\.stmcufinder\plugins\mcufinder/ => C:\Users\DUNG\.stmcufinder\plugins\mcufinder
2026-04-14 05:05:15,772 [WARN] DbFile:41 - Overriding database path with different value: C:\Users\DUNG\.stmcufinder\plugins\mcufinder/ => C:\Users\DUNG\.stmcufinder\plugins\mcufinder
2026-04-14 05:05:15,773 [INFO] CrossReferenceDbSqlite:203 - Set database path to: C:\Users\DUNG\.stmcufinder\plugins\mcufinder//mcu/cs/
2026-04-14 05:05:15,786 [INFO] ApplicationProperties:184 - Using Application install path: C:\ST\STM32CubeIDE_1.17.0\STM32CubeIDE\plugins\com.st.stm32cube.common.mx_6.14.1.202504091515
2026-04-14 05:05:15,786 [INFO] PluginManage:196 - Search for loadable plugins [exclusion list=, ]
2026-04-14 05:05:15,787 [INFO] PluginManage:310 - Check plugin analytics
